<html>
<body>
<pre>
<h1>µVision Build Log</h1>
<h2>Tool Versions:</h2>
IDE-Version: µVision V5.29.0.0
Copyright (C) 2019 ARM Ltd and ARM Germany GmbH. All rights reserved.
License Information: medhat alhaddad, Ainshams uni, LIC=----
 
Tool Versions:
Toolchain:       MDK-Lite  Version: 5.29.0.0
Toolchain Path:  F:\medhat\COLLAGE\1-AinShams Uni Eng. Collage\7-MEDHAT SPRING 2020\3-embedded\4-labs\keil\ARM\ARMCC\Bin
C Compiler:      Armcc.exe V5.06 update 6 (build 750)
Assembler:       Armasm.exe V5.06 update 6 (build 750)
Linker/Locator:  ArmLink.exe V5.06 update 6 (build 750)
Library Manager: ArmAr.exe V5.06 update 6 (build 750)
Hex Converter:   FromElf.exe V5.06 update 6 (build 750)
CPU DLL:         SARMCM3.DLL V5.29.0.0
Dialog DLL:      DCM.DLL V1.17.3.0
Target DLL:      UL2CM3.DLL V1.163.0.0
Dialog DLL:      TCM.DLL V1.36.5.0
 
<h2>Project:</h2>
F:\medhat\COLLAGE\1-AinShams Uni Eng. Collage\7-MEDHAT SPRING 2020\3-embedded\4-labs\project\project1\Project_2\Project_2.uvprojx
Project File Date:  05/21/2020

<h2>Output:</h2>
*** Using Compiler 'V5.06 update 6 (build 750)', folder: 'F:\medhat\COLLAGE\1-AinShams Uni Eng. Collage\7-MEDHAT SPRING 2020\3-embedded\4-labs\keil\ARM\ARMCC\Bin'
Rebuild target 'Simulation'
assembling startup_ARMCM3.s...
compiling vector.c...
compiling basic_io.c...
compiling heap_4.c...
compiling list.c...
compiling freertos_evr.c...
compiling queue.c...
compiling system_ARMCM3.c...
compiling port.c...
compiling main.c...
main.c(240): warning:  #177-D: function "swap"  was declared but never referenced
  static void swap(int xp, int yp) { 
main.c: 1 warning, 0 errors
compiling EventRecorder.c...
compiling tasks.c...
linking...
Program Size: Code=20396 RO-data=1324 RW-data=148 ZI-data=18096  
".\Flash\Project_2.axf" - 0 Error(s), 1 Warning(s).

<h2>Software Packages used:</h2>

Package Vendor: ARM
                http://www.keil.com/pack/ARM.CMSIS.5.6.0.pack
                ARM.CMSIS.5.6.0
                CMSIS (Cortex Microcontroller Software Interface Standard)
   * Component: CORE Version: 5.3.0
   * Component: Startup Version: 1.2.0

Package Vendor: ARM
                http://www.keil.com/pack/ARM.CMSIS-FreeRTOS.10.3.0.pack
                ARM.CMSIS-FreeRTOS.10.3.0
                Bundle of FreeRTOS for Cortex-M and Cortex-A
   * Component: Config Variant: FreeRTOS Version: 10.2.1
   * Component: Core Variant: Cortex-M Version: 10.2.1
   * Component: Heap Variant: Heap_4 Version: 10.2.1

Package Vendor: Keil
                http://www.keil.com/pack/Keil.ARM_Compiler.1.6.2.pack
                Keil.ARM_Compiler.1.6.2
                Keil ARM Compiler extensions for ARM Compiler 5 and ARM Compiler 6
   * Component: Event Recorder Variant: DAP Version: 1.4.0

<h2>Collection of Component include folders:</h2>
  .\RTE\Compiler
  .\RTE\RTOS
  .\RTE\_Simulation
  C:\Users\Medhat\AppData\Local\Arm\Packs\ARM\CMSIS-FreeRTOS\10.3.0\CMSIS\RTOS2\FreeRTOS\Include
  C:\Users\Medhat\AppData\Local\Arm\Packs\ARM\CMSIS-FreeRTOS\10.3.0\Source\include
  C:\Users\Medhat\AppData\Local\Arm\Packs\ARM\CMSIS-FreeRTOS\10.3.0\Source\portable\RVDS\ARM_CM3
  C:\Users\Medhat\AppData\Local\Arm\Packs\ARM\CMSIS\5.6.0\CMSIS\Core\Include
  C:\Users\Medhat\AppData\Local\Arm\Packs\ARM\CMSIS\5.6.0\Device\ARM\ARMCM3\Include
  C:\Users\Medhat\AppData\Local\Arm\Packs\Keil\ARM_Compiler\1.6.2\Include

<h2>Collection of Component Files used:</h2>

   * Component: ARM.FreeRTOS::RTOS:Config:FreeRTOS:10.2.1
      Include file:  Config\ARMCM\FreeRTOSConfig.h

   * Component: ARM.FreeRTOS::RTOS:Core:Cortex-M:10.2.1
      Source file:   Source\queue.c
      Include file:  Source\include\semphr.h
      Include file:  Source\include\queue.h
      Source file:   Source\tasks.c
      Include file:  Source\include\FreeRTOS.h
      Include file:  Source\include\task.h
      Source file:   Source\list.c
      Source file:   Source\portable\RVDS\ARM_CM3\port.c
      Source file:   CMSIS\RTOS2\FreeRTOS\Source\freertos_evr.c

   * Component: ARM.FreeRTOS::RTOS:Heap:Heap_4:10.2.1
      Source file:   Source\portable\MemMang\heap_4.c

   * Component: ARM::CMSIS:CORE:5.3.0

   * Component: ARM::Device:Startup:1.2.0
      Source file:   Device\ARM\ARMCM3\Source\system_ARMCM3.c
      Source file:   Device\ARM\ARMCM3\Source\ARM\startup_ARMCM3.s
      Include file:  Device\ARM\ARMCM3\Include\ARMCM3.h

   * Component: Keil.ARM Compiler::Compiler:Event Recorder:DAP:1.4.0
      Source file:   Source\EventRecorder.c
      Include file:  Config\EventRecorderConf.h
      Include file:  Include\EventRecorder.h
Build Time Elapsed:  00:00:04
</pre>
</body>
</html>
