Component: ARM Compiler 5.06 update 6 (build 750) Tool: armlink [4d35ed]

==============================================================================

Section Cross References

    basic_io.o(.text) refers to tasks.o(.text) for vTaskSuspendAll
    basic_io.o(.text) refers to printfa.o(i.__0printf) for __2printf
    vector.o(.text) refers to mallocr.o(i.__malloc$realloc) for malloc
    vector.o(.text) refers to mallocr.o(i.__free$realloc) for free
    vector.o(.text) refers to mallocr.o(i.realloc) for realloc
    main.o(.text) refers to printfa.o(i.__0printf) for __2printf
    main.o(.text) refers to mallocr.o(i.__malloc$realloc) for malloc
    main.o(.text) refers to vector.o(.text) for vector_get
    main.o(.text) refers to tasks.o(.text) for vTaskPrioritySet
    main.o(.text) refers to mallocr.o(i.__free$realloc) for free
    main.o(.text) refers to queue.o(.text) for xQueueSemaphoreTake
    main.o(.text) refers to f2d.o(.text) for __aeabi_f2d
    main.o(.text) refers to fadd.o(.text) for __aeabi_fadd
    main.o(.text) refers to rand.o(.text) for rand
    main.o(.text) refers to dfltui.o(.text) for __aeabi_ui2d
    main.o(.text) refers to ddiv.o(.text) for __aeabi_ddiv
    main.o(.text) refers to d2f.o(.text) for __aeabi_d2f
    main.o(.text) refers to main.o(.bss) for .bss
    main.o(.text) refers to main.o(.conststring) for .conststring
    main.o(.text) refers to main.o(.data) for .data
    main.o(.text) refers to system_armcm3.o(.text) for SystemCoreClockUpdate
    main.o(.text) refers to freertos_evr.o(.text) for EvrFreeRTOSSetup
    eventrecorder.o(.text) refers to eventrecorder.o(.emb_text) for __asm___15_EventRecorder_c_e8d3082c__atomic_inc32
    eventrecorder.o(.text) refers to memseta.o(.text) for __aeabi_memclr4
    eventrecorder.o(.text) refers to memcpya.o(.text) for __aeabi_memcpy
    eventrecorder.o(.text) refers to eventrecorder.o(.bss.noinit) for .bss.noinit
    eventrecorder.o(.text) refers to system_armcm3.o(.data) for SystemCoreClock
    eventrecorder.o(.text) refers to eventrecorder.o(.constdata) for .constdata
    eventrecorder.o(.constdata) refers to eventrecorder.o(.bss.noinit) for EventBuffer
    startup_armcm3.o(RESET) refers to startup_armcm3.o(STACK) for __initial_sp
    startup_armcm3.o(RESET) refers to startup_armcm3.o(.text) for Reset_Handler
    startup_armcm3.o(RESET) refers to port.o(.emb_text) for SVC_Handler
    startup_armcm3.o(RESET) refers to port.o(.text) for SysTick_Handler
    startup_armcm3.o(.text) refers to system_armcm3.o(.text) for SystemInit
    startup_armcm3.o(.text) refers to entry.o(.ARM.Collect$$$$00000000) for __main
    system_armcm3.o(.text) refers to system_armcm3.o(.data) for .data
    system_armcm3.o(.text) refers to startup_armcm3.o(RESET) for __Vectors
    freertos_evr.o(.text) refers to eventrecorder.o(.text) for EventRecorderInitialize
    freertos_evr.o(.text) refers to freertos_evr.o(.data) for .data
    heap_4.o(.text) refers to tasks.o(.text) for vTaskSuspendAll
    heap_4.o(.text) refers to freertos_evr.o(.text) for EvrFreeRTOSHeap_Malloc
    heap_4.o(.text) refers to heap_4.o(.data) for .data
    heap_4.o(.text) refers to heap_4.o(.bss) for .bss
    port.o(.emb_text) refers to tasks.o(.text) for vTaskSwitchContext
    port.o(.emb_text) refers to tasks.o(.data) for pxCurrentTCB
    port.o(.text) refers to port.o(.emb_text) for __asm___6_port_c_39a90d8d__prvStartFirstTask
    port.o(.text) refers to tasks.o(.text) for xTaskIncrementTick
    port.o(.text) refers to port.o(.data) for .data
    port.o(.text) refers to system_armcm3.o(.data) for SystemCoreClock
    queue.o(.text) refers to port.o(.text) for vPortEnterCritical
    queue.o(.text) refers to list.o(.text) for vListInitialise
    queue.o(.text) refers to tasks.o(.text) for xTaskRemoveFromEventList
    queue.o(.text) refers to heap_4.o(.text) for pvPortMalloc
    queue.o(.text) refers to freertos_evr.o(.text) for EvrFreeRTOSQueue_QueueCreate
    queue.o(.text) refers to memcpya.o(.text) for __aeabi_memcpy
    tasks.o(.text) refers to port.o(.text) for vPortEnterCritical
    tasks.o(.text) refers to list.o(.text) for vListInitialise
    tasks.o(.text) refers to freertos_evr.o(.text) for EvrFreeRTOSTasks_TaskCreate
    tasks.o(.text) refers to heap_4.o(.text) for pvPortMalloc
    tasks.o(.text) refers to tasks.o(.data) for .data
    tasks.o(.text) refers to tasks.o(.bss) for .bss
    tasks.o(.text) refers to strlen.o(.text) for strlen
    tasks.o(.text) refers to memseta.o(.text) for __aeabi_memset
    entry.o(.ARM.Collect$$$$00000000) refers (Special) to entry10a.o(.ARM.Collect$$$$0000000D) for __rt_final_cpp
    entry.o(.ARM.Collect$$$$00000000) refers (Special) to entry11a.o(.ARM.Collect$$$$0000000F) for __rt_final_exit
    entry.o(.ARM.Collect$$$$00000000) refers (Special) to entry7b.o(.ARM.Collect$$$$00000008) for _main_clock
    entry.o(.ARM.Collect$$$$00000000) refers (Special) to entry8b.o(.ARM.Collect$$$$0000000A) for _main_cpp_init
[...]
    printf0.o(i.__0vprintf$0) refers to basic_io.o(.text) for fputc
    printf0.o(i.__0vprintf$0) refers to stdout.o(.data) for __stdout
    printf0.o(i.__0vsnprintf$0) refers to printf0.o(i._printf_core) for _printf_core
    printf0.o(i.__0vsnprintf$0) refers to printf0.o(i._snputc) for _snputc
    printf0.o(i.__0vsprintf$0) refers to printf0.o(i._printf_core) for _printf_core
    printf0.o(i.__0vsprintf$0) refers to printf0.o(i._sputc) for _sputc
    printf1.o(i.__0fprintf$1) refers to printf1.o(i._printf_core) for _printf_core
    printf1.o(i.__0fprintf$1) refers to basic_io.o(.text) for fputc
    printf1.o(i.__0printf$1) refers to printf1.o(i._printf_core) for _printf_core
    printf1.o(i.__0printf$1) refers to basic_io.o(.text) for fputc
    printf1.o(i.__0printf$1) refers to stdout.o(.data) for __stdout
    printf1.o(i.__0snprintf$1) refers to printf1.o(i._printf_core) for _printf_core
    printf1.o(i.__0snprintf$1) refers to printf1.o(i._snputc) for _snputc
    printf1.o(i.__0sprintf$1) refers to printf1.o(i._printf_core) for _printf_core
    printf1.o(i.__0sprintf$1) refers to printf1.o(i._sputc) for _sputc
    printf1.o(i.__0vfprintf$1) refers to printf1.o(i._printf_core) for _printf_core
    printf1.o(i.__0vfprintf$1) refers to basic_io.o(.text) for fputc
    printf1.o(i.__0vprintf$1) refers to printf1.o(i._printf_core) for _printf_core
    printf1.o(i.__0vprintf$1) refers to basic_io.o(.text) for fputc
    printf1.o(i.__0vprintf$1) refers to stdout.o(.data) for __stdout
    printf1.o(i.__0vsnprintf$1) refers to printf1.o(i._printf_core) for _printf_core
    printf1.o(i.__0vsnprintf$1) refers to printf1.o(i._snputc) for _snputc
    printf1.o(i.__0vsprintf$1) refers to printf1.o(i._printf_core) for _printf_core
    printf1.o(i.__0vsprintf$1) refers to printf1.o(i._sputc) for _sputc
    printf1.o(i._printf_core) refers to uidiv.o(.text) for __aeabi_uidivmod
    printf2.o(i.__0fprintf$2) refers to printf2.o(i._printf_core) for _printf_core
    printf2.o(i.__0fprintf$2) refers to basic_io.o(.text) for fputc
    printf2.o(i.__0printf$2) refers to printf2.o(i._printf_core) for _printf_core
    printf2.o(i.__0printf$2) refers to basic_io.o(.text) for fputc
    printf2.o(i.__0printf$2) refers to stdout.o(.data) for __stdout
    printf2.o(i.__0snprintf$2) refers to printf2.o(i._printf_core) for _printf_core
    printf2.o(i.__0snprintf$2) refers to printf2.o(i._snputc) for _snputc
    printf2.o(i.__0sprintf$2) refers to printf2.o(i._printf_core) for _printf_core
    printf2.o(i.__0sprintf$2) refers to printf2.o(i._sputc) for _sputc
    printf2.o(i.__0vfprintf$2) refers to printf2.o(i._printf_core) for _printf_core
    printf2.o(i.__0vfprintf$2) refers to basic_io.o(.text) for fputc
    printf2.o(i.__0vprintf$2) refers to printf2.o(i._printf_core) for _printf_core
    printf2.o(i.__0vprintf$2) refers to basic_io.o(.text) for fputc
    printf2.o(i.__0vprintf$2) refers to stdout.o(.data) for __stdout
    printf2.o(i.__0vsnprintf$2) refers to printf2.o(i._printf_core) for _printf_core
    printf2.o(i.__0vsnprintf$2) refers to printf2.o(i._snputc) for _snputc
    printf2.o(i.__0vsprintf$2) refers to printf2.o(i._printf_core) for _printf_core
    printf2.o(i.__0vsprintf$2) refers to printf2.o(i._sputc) for _sputc
    printf3.o(i.__0fprintf$3) refers to printf3.o(i._printf_core) for _printf_core
    printf3.o(i.__0fprintf$3) refers to basic_io.o(.text) for fputc
    printf3.o(i.__0printf$3) refers to printf3.o(i._printf_core) for _printf_core
    printf3.o(i.__0printf$3) refers to basic_io.o(.text) for fputc
    printf3.o(i.__0printf$3) refers to stdout.o(.data) for __stdout
    printf3.o(i.__0snprintf$3) refers to printf3.o(i._printf_core) for _printf_core
    printf3.o(i.__0snprintf$3) refers to printf3.o(i._snputc) for _snputc
    printf3.o(i.__0sprintf$3) refers to printf3.o(i._printf_core) for _printf_core
    printf3.o(i.__0sprintf$3) refers to printf3.o(i._sputc) for _sputc
    printf3.o(i.__0vfprintf$3) refers to printf3.o(i._printf_core) for _printf_core
    printf3.o(i.__0vfprintf$3) refers to basic_io.o(.text) for fputc
    printf3.o(i.__0vprintf$3) refers to printf3.o(i._printf_core) for _printf_core
    printf3.o(i.__0vprintf$3) refers to basic_io.o(.text) for fputc
    printf3.o(i.__0vprintf$3) refers to stdout.o(.data) for __stdout
    printf3.o(i.__0vsnprintf$3) refers to printf3.o(i._printf_core) for _printf_core
    printf3.o(i.__0vsnprintf$3) refers to printf3.o(i._snputc) for _snputc
    printf3.o(i.__0vsprintf$3) refers to printf3.o(i._printf_core) for _printf_core
    printf3.o(i.__0vsprintf$3) refers to printf3.o(i._sputc) for _sputc
    printf3.o(i._printf_core) refers to uidiv.o(.text) for __aeabi_uidivmod
    printf4.o(i.__0fprintf$4) refers to printf4.o(i._printf_core) for _printf_core
    printf4.o(i.__0fprintf$4) refers to basic_io.o(.text) for fputc
    printf4.o(i.__0printf$4) refers to printf4.o(i._printf_core) for _printf_core
    printf4.o(i.__0printf$4) refers to basic_io.o(.text) for fputc
    printf4.o(i.__0printf$4) refers to stdout.o(.data) for __stdout
    printf4.o(i.__0snprintf$4) refers to printf4.o(i._printf_core) for _printf_core
    printf4.o(i.__0snprintf$4) refers to printf4.o(i._snputc) for _snputc
    printf4.o(i.__0sprintf$4) refers to printf4.o(i._printf_core) for _printf_core
    printf4.o(i.__0sprintf$4) refers to printf4.o(i._sputc) for _sputc
    printf4.o(i.__0vfprintf$4) refers to printf4.o(i._printf_core) for _printf_core
    printf4.o(i.__0vfprintf$4) refers to basic_io.o(.text) for fputc
    printf4.o(i.__0vprintf$4) refers to printf4.o(i._printf_core) for _printf_core
    printf4.o(i.__0vprintf$4) refers to basic_io.o(.text) for fputc
    printf4.o(i.__0vprintf$4) refers to stdout.o(.data) for __stdout
    printf4.o(i.__0vsnprintf$4) refers to printf4.o(i._printf_core) for _printf_core
    printf4.o(i.__0vsnprintf$4) refers to printf4.o(i._snputc) for _snputc
    printf4.o(i.__0vsprintf$4) refers to printf4.o(i._printf_core) for _printf_core
    printf4.o(i.__0vsprintf$4) refers to printf4.o(i._sputc) for _sputc
    printf4.o(i._printf_core) refers to uldiv.o(.text) for __aeabi_uldivmod
    printf5.o(i.__0fprintf$5) refers to printf5.o(i._printf_core) for _printf_core
    printf5.o(i.__0fprintf$5) refers to basic_io.o(.text) for fputc
    printf5.o(i.__0printf$5) refers to printf5.o(i._printf_core) for _printf_core
    printf5.o(i.__0printf$5) refers to basic_io.o(.text) for fputc
    printf5.o(i.__0printf$5) refers to stdout.o(.data) for __stdout
    printf5.o(i.__0snprintf$5) refers to printf5.o(i._printf_core) for _printf_core
    printf5.o(i.__0snprintf$5) refers to printf5.o(i._snputc) for _snputc
    printf5.o(i.__0sprintf$5) refers to printf5.o(i._printf_core) for _printf_core
    printf5.o(i.__0sprintf$5) refers to printf5.o(i._sputc) for _sputc
    printf5.o(i.__0vfprintf$5) refers to printf5.o(i._printf_core) for _printf_core
    printf5.o(i.__0vfprintf$5) refers to basic_io.o(.text) for fputc
    printf5.o(i.__0vprintf$5) refers to printf5.o(i._printf_core) for _printf_core
    printf5.o(i.__0vprintf$5) refers to basic_io.o(.text) for fputc
    printf5.o(i.__0vprintf$5) refers to stdout.o(.data) for __stdout
    printf5.o(i.__0vsnprintf$5) refers to printf5.o(i._printf_core) for _printf_core
    printf5.o(i.__0vsnprintf$5) refers to printf5.o(i._snputc) for _snputc
    printf5.o(i.__0vsprintf$5) refers to printf5.o(i._printf_core) for _printf_core
    printf5.o(i.__0vsprintf$5) refers to printf5.o(i._sputc) for _sputc
    printf5.o(i._printf_core) refers to uldiv.o(.text) for __aeabi_uldivmod
    printf6.o(i.__0fprintf$6) refers to printf6.o(i._printf_core) for _printf_core
    printf6.o(i.__0fprintf$6) refers to basic_io.o(.text) for fputc
    printf6.o(i.__0printf$6) refers to printf6.o(i._printf_core) for _printf_core
    printf6.o(i.__0printf$6) refers to basic_io.o(.text) for fputc
    printf6.o(i.__0printf$6) refers to stdout.o(.data) for __stdout
    printf6.o(i.__0snprintf$6) refers to printf6.o(i._printf_core) for _printf_core
    printf6.o(i.__0snprintf$6) refers to printf6.o(i._snputc) for _snputc
    printf6.o(i.__0sprintf$6) refers to printf6.o(i._printf_core) for _printf_core
    printf6.o(i.__0sprintf$6) refers to printf6.o(i._sputc) for _sputc
    printf6.o(i.__0vfprintf$6) refers to printf6.o(i._printf_core) for _printf_core
    printf6.o(i.__0vfprintf$6) refers to basic_io.o(.text) for fputc
    printf6.o(i.__0vprintf$6) refers to printf6.o(i._printf_core) for _printf_core
    printf6.o(i.__0vprintf$6) refers to basic_io.o(.text) for fputc
    printf6.o(i.__0vprintf$6) refers to stdout.o(.data) for __stdout
    printf6.o(i.__0vsnprintf$6) refers to printf6.o(i._printf_core) for _printf_core
    printf6.o(i.__0vsnprintf$6) refers to printf6.o(i._snputc) for _snputc
    printf6.o(i.__0vsprintf$6) refers to printf6.o(i._printf_core) for _printf_core
    printf6.o(i.__0vsprintf$6) refers to printf6.o(i._sputc) for _sputc
    printf6.o(i._printf_core) refers to printf6.o(i._printf_pre_padding) for _printf_pre_padding
    printf6.o(i._printf_core) refers to uidiv.o(.text) for __aeabi_uidivmod
    printf6.o(i._printf_core) refers to printf6.o(i._printf_post_padding) for _printf_post_padding
    printf7.o(i.__0fprintf$7) refers to printf7.o(i._printf_core) for _printf_core
    printf7.o(i.__0fprintf$7) refers to basic_io.o(.text) for fputc
    printf7.o(i.__0printf$7) refers to printf7.o(i._printf_core) for _printf_core
    printf7.o(i.__0printf$7) refers to basic_io.o(.text) for fputc
    printf7.o(i.__0printf$7) refers to stdout.o(.data) for __stdout
    printf7.o(i.__0snprintf$7) refers to printf7.o(i._printf_core) for _printf_core
    printf7.o(i.__0snprintf$7) refers to printf7.o(i._snputc) for _snputc
    printf7.o(i.__0sprintf$7) refers to printf7.o(i._printf_core) for _printf_core
    printf7.o(i.__0sprintf$7) refers to printf7.o(i._sputc) for _sputc
    printf7.o(i.__0vfprintf$7) refers to printf7.o(i._printf_core) for _printf_core
    printf7.o(i.__0vfprintf$7) refers to basic_io.o(.text) for fputc
    printf7.o(i.__0vprintf$7) refers to printf7.o(i._printf_core) for _printf_core
    printf7.o(i.__0vprintf$7) refers to basic_io.o(.text) for fputc
    printf7.o(i.__0vprintf$7) refers to stdout.o(.data) for __stdout
    printf7.o(i.__0vsnprintf$7) refers to printf7.o(i._printf_core) for _printf_core
    printf7.o(i.__0vsnprintf$7) refers to printf7.o(i._snputc) for _snputc
    printf7.o(i.__0vsprintf$7) refers to printf7.o(i._printf_core) for _printf_core
    printf7.o(i.__0vsprintf$7) refers to printf7.o(i._sputc) for _sputc
    printf7.o(i._printf_core) refers to printf7.o(i._printf_pre_padding) for _printf_pre_padding
    printf7.o(i._printf_core) refers to uldiv.o(.text) for __aeabi_uldivmod
    printf7.o(i._printf_core) refers to printf7.o(i._printf_post_padding) for _printf_post_padding
    printf8.o(i.__0fprintf$8) refers to printf8.o(i._printf_core) for _printf_core
    printf8.o(i.__0fprintf$8) refers to basic_io.o(.text) for fputc
    printf8.o(i.__0printf$8) refers to printf8.o(i._printf_core) for _printf_core
    printf8.o(i.__0printf$8) refers to basic_io.o(.text) for fputc
    printf8.o(i.__0printf$8) refers to stdout.o(.data) for __stdout
    printf8.o(i.__0snprintf$8) refers to printf8.o(i._printf_core) for _printf_core
    printf8.o(i.__0snprintf$8) refers to printf8.o(i._snputc) for _snputc
    printf8.o(i.__0sprintf$8) refers to printf8.o(i._printf_core) for _printf_core
    printf8.o(i.__0sprintf$8) refers to printf8.o(i._sputc) for _sputc
    printf8.o(i.__0vfprintf$8) refers to printf8.o(i._printf_core) for _printf_core
    printf8.o(i.__0vfprintf$8) refers to basic_io.o(.text) for fputc
    printf8.o(i.__0vprintf$8) refers to printf8.o(i._printf_core) for _printf_core
    printf8.o(i.__0vprintf$8) refers to basic_io.o(.text) for fputc
    printf8.o(i.__0vprintf$8) refers to stdout.o(.data) for __stdout
    printf8.o(i.__0vsnprintf$8) refers to printf8.o(i._printf_core) for _printf_core
    printf8.o(i.__0vsnprintf$8) refers to printf8.o(i._snputc) for _snputc
    printf8.o(i.__0vsprintf$8) refers to printf8.o(i._printf_core) for _printf_core
    printf8.o(i.__0vsprintf$8) refers to printf8.o(i._sputc) for _sputc
    printf8.o(i._printf_core) refers to printf8.o(i._printf_pre_padding) for _printf_pre_padding
    printf8.o(i._printf_core) refers to uldiv.o(.text) for __aeabi_uldivmod
    printf8.o(i._printf_core) refers to printf8.o(i._printf_post_padding) for _printf_post_padding
    printfa.o(i.__0fprintf) refers (Special) to iusefp.o(.text) for __I$use$fp
    printfa.o(i.__0fprintf) refers to printfa.o(i._printf_core) for _printf_core
    printfa.o(i.__0fprintf) refers to basic_io.o(.text) for fputc
    printfa.o(i.__0printf) refers (Special) to iusefp.o(.text) for __I$use$fp
    printfa.o(i.__0printf) refers to printfa.o(i._printf_core) for _printf_core
    printfa.o(i.__0printf) refers to basic_io.o(.text) for fputc
    printfa.o(i.__0printf) refers to stdout.o(.data) for __stdout
    printfa.o(i.__0snprintf) refers (Special) to iusefp.o(.text) for __I$use$fp
    printfa.o(i.__0snprintf) refers to printfa.o(i._printf_core) for _printf_core
    printfa.o(i.__0snprintf) refers to printfa.o(i._snputc) for _snputc
    printfa.o(i.__0sprintf) refers (Special) to iusefp.o(.text) for __I$use$fp
    printfa.o(i.__0sprintf) refers to printfa.o(i._printf_core) for _printf_core
    printfa.o(i.__0sprintf) refers to printfa.o(i._sputc) for _sputc
    printfa.o(i.__0vfprintf) refers (Special) to iusefp.o(.text) for __I$use$fp
    printfa.o(i.__0vfprintf) refers to printfa.o(i._printf_core) for _printf_core
    printfa.o(i.__0vfprintf) refers to basic_io.o(.text) for fputc
    printfa.o(i.__0vprintf) refers (Special) to iusefp.o(.text) for __I$use$fp
    printfa.o(i.__0vprintf) refers to printfa.o(i._printf_core) for _printf_core
    printfa.o(i.__0vprintf) refers to basic_io.o(.text) for fputc
    printfa.o(i.__0vprintf) refers to stdout.o(.data) for __stdout
    printfa.o(i.__0vsnprintf) refers (Special) to iusefp.o(.text) for __I$use$fp
    printfa.o(i.__0vsnprintf) refers to printfa.o(i._printf_core) for _printf_core
    printfa.o(i.__0vsnprintf) refers to printfa.o(i._snputc) for _snputc
    printfa.o(i.__0vsprintf) refers (Special) to iusefp.o(.text) for __I$use$fp
    printfa.o(i.__0vsprintf) refers to printfa.o(i._printf_core) for _printf_core
    printfa.o(i.__0vsprintf) refers to printfa.o(i._sputc) for _sputc
    printfa.o(i._fp_digits) refers (Special) to iusefp.o(.text) for __I$use$fp
    printfa.o(i._fp_digits) refers to dmul.o(.text) for __aeabi_dmul
    printfa.o(i._fp_digits) refers to ddiv.o(.text) for __aeabi_ddiv
    printfa.o(i._fp_digits) refers to cdrcmple.o(.text) for __aeabi_cdrcmple
    printfa.o(i._fp_digits) refers to dadd.o(.text) for __aeabi_dadd
    printfa.o(i._fp_digits) refers to dfixul.o(.text) for __aeabi_d2ulz
    printfa.o(i._fp_digits) refers to uldiv.o(.text) for __aeabi_uldivmod
    printfa.o(i._printf_core) refers (Special) to iusefp.o(.text) for __I$use$fp
    printfa.o(i._printf_core) refers to printfa.o(i._printf_pre_padding) for _printf_pre_padding
    printfa.o(i._printf_core) refers to uldiv.o(.text) for __aeabi_uldivmod
    printfa.o(i._printf_core) refers to printfa.o(i._printf_post_padding) for _printf_post_padding
    printfa.o(i._printf_core) refers to printfa.o(i._fp_digits) for _fp_digits
    printfa.o(i._printf_core) refers to uidiv.o(.text) for __aeabi_uidivmod
    printfa.o(i._printf_post_padding) refers (Special) to iusefp.o(.text) for __I$use$fp
    printfa.o(i._printf_pre_padding) refers (Special) to iusefp.o(.text) for __I$use$fp
    printfa.o(i._snputc) refers (Special) to iusefp.o(.text) for __I$use$fp
    printfa.o(i._sputc) refers (Special) to iusefp.o(.text) for __I$use$fp
    malloc.o(i.free) refers to mvars.o(.data) for __microlib_freelist
    malloc.o(i.malloc) refers to mvars.o(.data) for __microlib_freelist_initialised
    malloc.o(i.malloc) refers to mvars.o(.data) for __microlib_freelist
    malloc.o(i.malloc) refers to startup_armcm3.o(HEAP) for __heap_base
    mallocr.o(i.__free$realloc) refers to mvars.o(.data) for __microlib_freelist
    mallocr.o(i.__malloc$realloc) refers to mallocr.o(i.internal_alloc) for internal_alloc
    mallocr.o(i.__malloc$realloc) refers to mvars.o(.data) for __microlib_freelist_initialised
    mallocr.o(i.__malloc$realloc) refers to startup_armcm3.o(HEAP) for __heap_base
    mallocr.o(i.__malloc$realloc) refers to mvars.o(.data) for __microlib_freelist
    mallocr.o(i.internal_alloc) refers to memcpya.o(.text) for __aeabi_memcpy
    mallocr.o(i.internal_alloc) refers to mvars.o(.data) for __microlib_freelist
    mallocr.o(i.realloc) refers to mallocr.o(i.__free$realloc) for free
    mallocr.o(i.realloc) refers to mallocr.o(i.internal_alloc) for internal_alloc
    mallocr.o(i.realloc) refers to mallocr.o(i.__malloc$realloc) for malloc
    mallocr.o(i.realloc) refers to mvars.o(.data) for __microlib_freelist
    malloca.o(i.__aligned_malloc) refers to mvars.o(.data) for __microlib_freelist_initialised
    malloca.o(i.__aligned_malloc) refers to mvars.o(.data) for __microlib_freelist
    malloca.o(i.__aligned_malloc) refers to startup_armcm3.o(HEAP) for __heap_base
    malloca.o(i.__free$memalign) refers to mvars.o(.data) for __microlib_freelist
    malloca.o(i.__malloc$memalign) refers to malloca.o(i.__aligned_malloc) for __aligned_malloc
    mallocra.o(i.__aligned_malloc$realloc) refers to mallocra.o(i.internal_alloc) for internal_alloc
    mallocra.o(i.__aligned_malloc$realloc) refers to mvars.o(.data) for __microlib_freelist_initialised
    mallocra.o(i.__aligned_malloc$realloc) refers to startup_armcm3.o(HEAP) for __heap_base
    mallocra.o(i.__aligned_malloc$realloc) refers to mvars.o(.data) for __microlib_freelist
    mallocra.o(i.__free$realloc$memalign) refers to mvars.o(.data) for __microlib_freelist
    mallocra.o(i.__malloc$realloc$memalign) refers to mallocra.o(i.__aligned_malloc$realloc) for __aligned_malloc$realloc
    mallocra.o(i.__realloc$memalign) refers to mallocra.o(i.__free$realloc$memalign) for __free$realloc$memalign
    mallocra.o(i.__realloc$memalign) refers to mallocra.o(i.internal_alloc) for internal_alloc
    mallocra.o(i.__realloc$memalign) refers to mallocra.o(i.__malloc$realloc$memalign) for __malloc$realloc$memalign
    mallocra.o(i.__realloc$memalign) refers to mvars.o(.data) for __microlib_freelist
    mallocra.o(i.internal_alloc) refers to memcpya.o(.text) for __aeabi_memcpy
    mallocra.o(i.internal_alloc) refers to mvars.o(.data) for __microlib_freelist
    fadd.o(.text) refers (Special) to iusefp.o(.text) for __I$use$fp
    fadd.o(.text) refers to fepilogue.o(.text) for _float_epilogue
    ddiv.o(.text) refers (Special) to iusefp.o(.text) for __I$use$fp
    ddiv.o(.text) refers to depilogue.o(.text) for _double_round
    dfltui.o(.text) refers (Special) to iusefp.o(.text) for __I$use$fp
    dfltui.o(.text) refers to depilogue.o(.text) for _double_epilogue
    f2d.o(.text) refers (Special) to iusefp.o(.text) for __I$use$fp
    d2f.o(.text) refers (Special) to iusefp.o(.text) for __I$use$fp
    d2f.o(.text) refers to fepilogue.o(.text) for _float_round
    entry2.o(.ARM.Collect$$$$00000001) refers to entry2.o(.ARM.Collect$$$$00002712) for __lit__00000000
    entry2.o(.ARM.Collect$$$$00002712) refers to startup_armcm3.o(STACK) for __initial_sp
    entry2.o(__vectab_stack_and_reset_area) refers to startup_armcm3.o(STACK) for __initial_sp
    entry2.o(__vectab_stack_and_reset_area) refers to entry.o(.ARM.Collect$$$$00000000) for __main
    entry5.o(.ARM.Collect$$$$00000004) refers to init.o(.text) for __scatterload
    entry9a.o(.ARM.Collect$$$$0000000B) refers to main.o(.text) for main
    entry9b.o(.ARM.Collect$$$$0000000C) refers to main.o(.text) for main
    uldiv.o(.text) refers to llushr.o(.text) for __aeabi_llsr
    uldiv.o(.text) refers to llshl.o(.text) for __aeabi_llsl
    depilogue.o(.text) refers to llshl.o(.text) for __aeabi_llsl
    depilogue.o(.text) refers to llushr.o(.text) for __aeabi_llsr
    dadd.o(.text) refers to llshl.o(.text) for __aeabi_llsl
    dadd.o(.text) refers to llsshr.o(.text) for __aeabi_lasr
    dadd.o(.text) refers to depilogue.o(.text) for _double_epilogue
    dmul.o(.text) refers to depilogue.o(.text) for _double_epilogue
    dfixul.o(.text) refers to llushr.o(.text) for __aeabi_llsr
    dfixul.o(.text) refers to llshl.o(.text) for __aeabi_llsl
    init.o(.text) refers to entry5.o(.ARM.Collect$$$$00000004) for __main_after_scatterload


==============================================================================

Removing Unused input sections from the image.

    Removing main.o(.rev16_text), (4 bytes).
    Removing main.o(.revsh_text), (4 bytes).
    Removing main.o(.rrx_text), (6 bytes).
    Removing eventrecorder.o(.rev16_text), (4 bytes).
    Removing eventrecorder.o(.revsh_text), (4 bytes).
    Removing eventrecorder.o(.rrx_text), (6 bytes).
    Removing system_armcm3.o(.rev16_text), (4 bytes).
    Removing system_armcm3.o(.revsh_text), (4 bytes).
    Removing system_armcm3.o(.rrx_text), (6 bytes).

9 unused section(s) (total 42 bytes) removed from the image.

==============================================================================

Image Symbol Table

    Local Symbols

    Symbol Name                              Value     Ov Type        Size  Object(Section)

    RESET                                    0x00000000   Section      192  startup_armcm3.o(RESET)
    ../clib/microlib/division.c              0x00000000   Number         0  uldiv.o ABSOLUTE
    ../clib/microlib/division.c              0x00000000   Number         0  uidiv.o ABSOLUTE
    ../clib/microlib/init/entry.s            0x00000000   Number         0  entry.o ABSOLUTE
    ../clib/microlib/init/entry.s            0x00000000   Number         0  entry10b.o ABSOLUTE
    ../clib/microlib/init/entry.s            0x00000000   Number         0  entry7b.o ABSOLUTE
    ../clib/microlib/init/entry.s            0x00000000   Number         0  entry7a.o ABSOLUTE
    ../clib/microlib/init/entry.s            0x00000000   Number         0  entry11a.o ABSOLUTE
    ../clib/microlib/init/entry.s            0x00000000   Number         0  entry11b.o ABSOLUTE
    ../clib/microlib/init/entry.s            0x00000000   Number         0  entry5.o ABSOLUTE
    ../clib/microlib/init/entry.s            0x00000000   Number         0  entry10a.o ABSOLUTE
    ../clib/microlib/init/entry.s            0x00000000   Number         0  entry9b.o ABSOLUTE
    ../clib/microlib/init/entry.s            0x00000000   Number         0  entry9a.o ABSOLUTE
    ../clib/microlib/init/entry.s            0x00000000   Number         0  entry2.o ABSOLUTE
    ../clib/microlib/init/entry.s            0x00000000   Number         0  entry8b.o ABSOLUTE
    ../clib/microlib/init/entry.s            0x00000000   Number         0  entry8a.o ABSOLUTE
    ../clib/microlib/longlong.c              0x00000000   Number         0  llushr.o ABSOLUTE
    ../clib/microlib/longlong.c              0x00000000   Number         0  llshl.o ABSOLUTE
    ../clib/microlib/longlong.c              0x00000000   Number         0  llsshr.o ABSOLUTE
    ../clib/microlib/malloc/malloc.c         0x00000000   Number         0  malloc.o ABSOLUTE
    ../clib/microlib/malloc/malloc.c         0x00000000   Number         0  mallocr.o ABSOLUTE
    ../clib/microlib/malloc/malloc.c         0x00000000   Number         0  mallocra.o ABSOLUTE
    ../clib/microlib/malloc/malloc.c         0x00000000   Number         0  malloca.o ABSOLUTE
    ../clib/microlib/malloc/mvars.c          0x00000000   Number         0  mvars.o ABSOLUTE
    ../clib/microlib/printf/printf.c         0x00000000   Number         0  printfb.o ABSOLUTE
    ../clib/microlib/printf/printf.c         0x00000000   Number         0  printf7.o ABSOLUTE
    ../clib/microlib/printf/printf.c         0x00000000   Number         0  printf8.o ABSOLUTE
    ../clib/microlib/printf/printf.c         0x00000000   Number         0  printfa.o ABSOLUTE
    ../clib/microlib/printf/printf.c         0x00000000   Number         0  printf5.o ABSOLUTE
    ../clib/microlib/printf/printf.c         0x00000000   Number         0  printf6.o ABSOLUTE
    ../clib/microlib/printf/printf.c         0x00000000   Number         0  printf1.o ABSOLUTE
    ../clib/microlib/printf/printf.c         0x00000000   Number         0  printf0.o ABSOLUTE
    ../clib/microlib/printf/printf.c         0x00000000   Number         0  printf4.o ABSOLUTE
    ../clib/microlib/printf/printf.c         0x00000000   Number         0  printf2.o ABSOLUTE
    ../clib/microlib/printf/printf.c         0x00000000   Number         0  printf3.o ABSOLUTE
    ../clib/microlib/printf/stubs.s          0x00000000   Number         0  stubs.o ABSOLUTE
    ../clib/microlib/stdio/streams.c         0x00000000   Number         0  stdout.o ABSOLUTE
    ../clib/microlib/stdlib/rand.c           0x00000000   Number         0  rand.o ABSOLUTE
    ../clib/microlib/string/memcpy.c         0x00000000   Number         0  memcpyb.o ABSOLUTE
    ../clib/microlib/string/memcpy.c         0x00000000   Number         0  memcpya.o ABSOLUTE
    ../clib/microlib/string/memset.c         0x00000000   Number         0  memseta.o ABSOLUTE
    ../clib/microlib/string/strlen.c         0x00000000   Number         0  strlen.o ABSOLUTE
    ../clib/microlib/stubs.s                 0x00000000   Number         0  iusefp.o ABSOLUTE
    ../fplib/microlib/d2f.c                  0x00000000   Number         0  d2f.o ABSOLUTE
    ../fplib/microlib/f2d.c                  0x00000000   Number         0  f2d.o ABSOLUTE
    ../fplib/microlib/fpadd.c                0x00000000   Number         0  dadd.o ABSOLUTE
    ../fplib/microlib/fpadd.c                0x00000000   Number         0  fadd.o ABSOLUTE
    ../fplib/microlib/fpdiv.c                0x00000000   Number         0  ddiv.o ABSOLUTE
    ../fplib/microlib/fpepilogue.c           0x00000000   Number         0  depilogue.o ABSOLUTE
    ../fplib/microlib/fpepilogue.c           0x00000000   Number         0  fepilogue.o ABSOLUTE
    ../fplib/microlib/fpfix.c                0x00000000   Number         0  dfixul.o ABSOLUTE
    ../fplib/microlib/fpflt.c                0x00000000   Number         0  dfltui.o ABSOLUTE
    ../fplib/microlib/fpmul.c                0x00000000   Number         0  dmul.o ABSOLUTE
    C:\Users\Medhat\AppData\Local\Arm\Packs\ARM\CMSIS-FreeRTOS\10.3.0\CMSIS\RTOS2\FreeRTOS\Source\freertos_evr.c 0x00000000   Number         0  freertos_evr.o ABSOLUTE
    C:\Users\Medhat\AppData\Local\Arm\Packs\ARM\CMSIS-FreeRTOS\10.3.0\Source\list.c 0x00000000   Number         0  list.o ABSOLUTE
    C:\Users\Medhat\AppData\Local\Arm\Packs\ARM\CMSIS-FreeRTOS\10.3.0\Source\portable\MemMang\heap_4.c 0x00000000   Number         0  heap_4.o ABSOLUTE
    C:\Users\Medhat\AppData\Local\Arm\Packs\ARM\CMSIS-FreeRTOS\10.3.0\Source\portable\RVDS\ARM_CM3\port.c 0x00000000   Number         0  port.o ABSOLUTE
    C:\Users\Medhat\AppData\Local\Arm\Packs\ARM\CMSIS-FreeRTOS\10.3.0\Source\queue.c 0x00000000   Number         0  queue.o ABSOLUTE
    C:\Users\Medhat\AppData\Local\Arm\Packs\ARM\CMSIS-FreeRTOS\10.3.0\Source\tasks.c 0x00000000   Number         0  tasks.o ABSOLUTE
    C:\Users\Medhat\AppData\Local\Arm\Packs\Keil\ARM_Compiler\1.6.2\Source\EventRecorder.c 0x00000000   Number         0  eventrecorder.o ABSOLUTE
    C:\\Users\\Medhat\\AppData\\Local\\Arm\\Packs\\ARM\\CMSIS-FreeRTOS\\10.3.0\\Source\\portable\\RVDS\\ARM_CM3\\port.c 0x00000000   Number         0  port.o ABSOLUTE
    C:\\Users\\Medhat\\AppData\\Local\\Arm\\Packs\\Keil\\ARM_Compiler\\1.6.2\\Source\\EventRecorder.c 0x00000000   Number         0  eventrecorder.o ABSOLUTE
    RTE\Device\ARMCM3\startup_ARMCM3.s       0x00000000   Number         0  startup_armcm3.o ABSOLUTE
    RTE\Device\ARMCM3\system_ARMCM3.c        0x00000000   Number         0  system_armcm3.o ABSOLUTE
    RTE\\Device\\ARMCM3\\system_ARMCM3.c     0x00000000   Number         0  system_armcm3.o ABSOLUTE
    basic_io.c                               0x00000000   Number         0  basic_io.o ABSOLUTE
    cdrcmple.s                               0x00000000   Number         0  cdrcmple.o ABSOLUTE
    dc.s                                     0x00000000   Number         0  dc.o ABSOLUTE
    handlers.s                               0x00000000   Number         0  handlers.o ABSOLUTE
    init.s                                   0x00000000   Number         0  init.o ABSOLUTE
    main.c                                   0x00000000   Number         0  main.o ABSOLUTE
    main.c                                   0x00000000   Number         0  main.o ABSOLUTE
    vector.c                                 0x00000000   Number         0  vector.o ABSOLUTE
    .ARM.Collect$$$$00000000                 0x000000c0   Section        0  entry.o(.ARM.Collect$$$$00000000)
    .ARM.Collect$$$$00000001                 0x000000c0   Section        4  entry2.o(.ARM.Collect$$$$00000001)
    .ARM.Collect$$$$00000004                 0x000000c4   Section        4  entry5.o(.ARM.Collect$$$$00000004)
    .ARM.Collect$$$$00000008                 0x000000c8   Section        0  entry7b.o(.ARM.Collect$$$$00000008)
    .ARM.Collect$$$$0000000A                 0x000000c8   Section        0  entry8b.o(.ARM.Collect$$$$0000000A)
    .ARM.Collect$$$$0000000B                 0x000000c8   Section        8  entry9a.o(.ARM.Collect$$$$0000000B)
    .ARM.Collect$$$$0000000D                 0x000000d0   Section        0  entry10a.o(.ARM.Collect$$$$0000000D)
    .ARM.Collect$$$$0000000F                 0x000000d0   Section        0  entry11a.o(.ARM.Collect$$$$0000000F)
    .ARM.Collect$$$$00002712                 0x000000d0   Section        4  entry2.o(.ARM.Collect$$$$00002712)
    __lit__00000000                          0x000000d0   Data           4  entry2.o(.ARM.Collect$$$$00002712)
    .emb_text                                0x000000d4   Section      116  eventrecorder.o(.emb_text)
    .emb_text                                0x00000148   Section      150  port.o(.emb_text)
    .text                                    0x000001e0   Section        0  basic_io.o(.text)
    .text                                    0x00000234   Section        0  vector.o(.text)
    vector_resize                            0x000002fb   Thumb Code    24  vector.o(.text)
    .text                                    0x00000314   Section        0  main.o(.text)
    set_priority                             0x00000315   Thumb Code   160  main.o(.text)
    vTaskCreate                              0x000003b5   Thumb Code    88  main.o(.text)
    SchedulerGatekeeperTask                  0x0000040d   Thumb Code   248  main.o(.text)
    isSchedulable                            0x00000505   Thumb Code    90  main.o(.text)
    generate_task                            0x0000055f   Thumb Code   170  main.o(.text)
    dynamic_task_admittance                  0x00000609   Thumb Code   736  main.o(.text)
    static_task_admittance                   0x00000999   Thumb Code   120  main.o(.text)
    .text                                    0x00000b1c   Section        0  eventrecorder.o(.text)
    EventRecordItem                          0x00000b1d   Thumb Code   162  eventrecorder.o(.text)
    EventGetTS                               0x00000fa5   Thumb Code    50  eventrecorder.o(.text)
    EventCheckFilter                         0x00000fd7   Thumb Code    34  eventrecorder.o(.text)
    .text                                    0x00001000   Section       36  startup_armcm3.o(.text)
    .text                                    0x00001024   Section        0  system_armcm3.o(.text)
    .text                                    0x0000104c   Section        0  freertos_evr.o(.text)
    .text                                    0x00001518   Section        0  list.o(.text)
    .text                                    0x000015a4   Section        0  heap_4.o(.text)
    prvInsertBlockIntoFreeList               0x000015a5   Thumb Code    72  heap_4.o(.text)
    prvHeapInit                              0x00001739   Thumb Code    66  heap_4.o(.text)
    .text                                    0x00001784   Section        0  port.o(.text)
    prvTaskExitError                         0x00001785   Thumb Code    36  port.o(.text)
    .text                                    0x00001a70   Section        0  queue.o(.text)
    prvCopyDataToQueue                       0x00001b59   Thumb Code   106  queue.o(.text)
    prvNotifyQueueSetContainer               0x00001bc3   Thumb Code   120  queue.o(.text)
    prvUnlockQueue                           0x00001c3b   Thumb Code   120  queue.o(.text)
    prvCopyDataFromQueue                     0x000022a3   Thumb Code    38  queue.o(.text)
    prvIsQueueEmpty                          0x000027bb   Thumb Code    26  queue.o(.text)
    .text                                    0x000027d8   Section        0  tasks.o(.text)
    prvAddNewTaskToReadyList                 0x000027d9   Thumb Code   210  tasks.o(.text)
    prvAddCurrentTaskToDelayedList           0x00002b3d   Thumb Code   110  tasks.o(.text)
    prvTaskIsTaskSuspended                   0x00002f21   Thumb Code    48  tasks.o(.text)
    prvGetExpectedIdleTime                   0x00003079   Thumb Code    42  tasks.o(.text)
    prvIdleTask                              0x000030a3   Thumb Code   138  tasks.o(.text)
    prvSearchForNameWithinSingleList         0x000031d7   Thumb Code    98  tasks.o(.text)
    prvListTasksWithinSingleList             0x0000331d   Thumb Code    86  tasks.o(.text)
    prvInitialiseNewTask                     0x00003db7   Thumb Code   174  tasks.o(.text)
    prvResetNextTaskUnblockTime              0x00003e65   Thumb Code    26  tasks.o(.text)
    prvDeleteTCB                             0x00003e7f   Thumb Code    20  tasks.o(.text)
    prvTaskCheckFreeStackSpace               0x00003e93   Thumb Code    20  tasks.o(.text)
    .text                                    0x00003eb4   Section        0  rand.o(.text)
    .text                                    0x00003ed8   Section        0  memcpya.o(.text)
    .text                                    0x00003efc   Section        0  memseta.o(.text)
    .text                                    0x00003f20   Section        0  strlen.o(.text)
    .text                                    0x00003f2e   Section        0  fadd.o(.text)
    .text                                    0x00003fde   Section        0  ddiv.o(.text)
    .text                                    0x000040bc   Section        0  dfltui.o(.text)
    .text                                    0x000040d6   Section        0  f2d.o(.text)
    .text                                    0x000040fc   Section        0  d2f.o(.text)
    .text                                    0x00004134   Section        0  uidiv.o(.text)
    .text                                    0x00004160   Section        0  uldiv.o(.text)
    .text                                    0x000041c2   Section        0  iusefp.o(.text)
    .text                                    0x000041c2   Section        0  fepilogue.o(.text)
    .text                                    0x00004230   Section        0  depilogue.o(.text)
    .text                                    0x000042ea   Section        0  dadd.o(.text)
    .text                                    0x00004438   Section        0  dmul.o(.text)
    .text                                    0x0000451c   Section        0  dfixul.o(.text)
    .text                                    0x0000454c   Section       48  cdrcmple.o(.text)
    .text                                    0x0000457c   Section       36  init.o(.text)
    .text                                    0x000045a0   Section        0  llshl.o(.text)
    .text                                    0x000045be   Section        0  llushr.o(.text)
    .text                                    0x000045de   Section        0  llsshr.o(.text)
    i.__0printf                              0x00004604   Section        0  printfa.o(i.__0printf)
    i.__free$realloc                         0x00004624   Section        0  mallocr.o(i.__free$realloc)
    i.__malloc$realloc                       0x00004680   Section        0  mallocr.o(i.__malloc$realloc)
    i.__scatterload_copy                     0x000046d0   Section       14  handlers.o(i.__scatterload_copy)
    i.__scatterload_null                     0x000046de   Section        2  handlers.o(i.__scatterload_null)
    i.__scatterload_zeroinit                 0x000046e0   Section       14  handlers.o(i.__scatterload_zeroinit)
    i._fp_digits                             0x000046f0   Section        0  printfa.o(i._fp_digits)
    _fp_digits                               0x000046f1   Thumb Code   366  printfa.o(i._fp_digits)
    i._printf_core                           0x00004874   Section        0  printfa.o(i._printf_core)
    _printf_core                             0x00004875   Thumb Code  1744  printfa.o(i._printf_core)
    i._printf_post_padding                   0x00004f50   Section        0  printfa.o(i._printf_post_padding)
    _printf_post_padding                     0x00004f51   Thumb Code    36  printfa.o(i._printf_post_padding)
    i._printf_pre_padding                    0x00004f74   Section        0  printfa.o(i._printf_pre_padding)
    _printf_pre_padding                      0x00004f75   Thumb Code    46  printfa.o(i._printf_pre_padding)
    i.internal_alloc                         0x00004fa4   Section        0  mallocr.o(i.internal_alloc)
    internal_alloc                           0x00004fa5   Thumb Code    76  mallocr.o(i.internal_alloc)
    i.realloc                                0x00004ff4   Section        0  mallocr.o(i.realloc)
    .constdata                               0x00005060   Section       24  eventrecorder.o(.constdata)
    __tagsym$$used                           0x00005060   Number         0  eventrecorder.o(.constdata)
    .conststring                             0x00005078   Section     1073  main.o(.conststring)
    .data                                    0x20000000   Section       16  main.o(.data)
    task_index                               0x20000000   Data           4  main.o(.data)
    .data                                    0x20000010   Section        4  system_armcm3.o(.data)
    .data                                    0x20000014   Section        1  freertos_evr.o(.data)
    init                                     0x20000014   Data           1  freertos_evr.o(.data)
    .data                                    0x20000018   Section       24  heap_4.o(.data)
    pxEnd                                    0x20000018   Data           4  heap_4.o(.data)
    xFreeBytesRemaining                      0x2000001c   Data           4  heap_4.o(.data)
    xMinimumEverFreeBytesRemaining           0x20000020   Data           4  heap_4.o(.data)
    xBlockAllocatedBit                       0x20000024   Data           4  heap_4.o(.data)
    xStart                                   0x20000028   Data           8  heap_4.o(.data)
    .data                                    0x20000030   Section       24  port.o(.data)
    ucMaxSysCallPriority                     0x20000030   Data           1  port.o(.data)
    uxCriticalNesting                        0x20000034   Data           4  port.o(.data)
    ulTimerCountsForOneTick                  0x20000038   Data           4  port.o(.data)
    xMaximumPossibleSuppressedTicks          0x2000003c   Data           4  port.o(.data)
    ulStoppedTimerCompensation               0x20000040   Data           4  port.o(.data)
    ulMaxPRIGROUPValue                       0x20000044   Data           4  port.o(.data)
    .data                                    0x20000048   Section       60  tasks.o(.data)
    uxDeletedTasksWaitingCleanUp             0x2000004c   Data           4  tasks.o(.data)
    uxCurrentNumberOfTasks                   0x20000050   Data           4  tasks.o(.data)
    xTickCount                               0x20000054   Data           4  tasks.o(.data)
    uxTopReadyPriority                       0x20000058   Data           4  tasks.o(.data)
    xSchedulerRunning                        0x2000005c   Data           4  tasks.o(.data)
    uxPendedTicks                            0x20000060   Data           4  tasks.o(.data)
    xYieldPending                            0x20000064   Data           4  tasks.o(.data)
    xNumOfOverflows                          0x20000068   Data           4  tasks.o(.data)
    uxTaskNumber                             0x2000006c   Data           4  tasks.o(.data)
    xNextTaskUnblockTime                     0x20000070   Data           4  tasks.o(.data)
    xIdleTaskHandle                          0x20000074   Data           4  tasks.o(.data)
    uxSchedulerSuspended                     0x20000078   Data           4  tasks.o(.data)
    pxDelayedTaskList                        0x2000007c   Data           4  tasks.o(.data)
    pxOverflowDelayedTaskList                0x20000080   Data           4  tasks.o(.data)
    .data                                    0x20000084   Section        4  rand.o(.data)
    _rand_state                              0x20000084   Data           4  rand.o(.data)
    .data                                    0x20000088   Section        4  stdout.o(.data)
    .data                                    0x2000008c   Section        4  mvars.o(.data)
    .data                                    0x20000090   Section        4  mvars.o(.data)
    .bss                                     0x20000094   Section       24  main.o(.bss)
    .bss                                     0x200000ac   Section    12288  heap_4.o(.bss)
    ucHeap                                   0x200000ac   Data       12288  heap_4.o(.bss)
    .bss                                     0x200030ac   Section      500  tasks.o(.bss)
    pxReadyTasksLists                        0x200030ac   Data         400  tasks.o(.bss)
    xDelayedTaskList1                        0x2000323c   Data          20  tasks.o(.bss)
    xDelayedTaskList2                        0x20003250   Data          20  tasks.o(.bss)
    xPendingReadyList                        0x20003264   Data          20  tasks.o(.bss)
    xTasksWaitingTermination                 0x20003278   Data          20  tasks.o(.bss)
    xSuspendedTaskList                       0x2000328c   Data          20  tasks.o(.bss)
    HEAP                                     0x200032a0   Section     3072  startup_armcm3.o(HEAP)
    STACK                                    0x20003ea0   Section     1024  startup_armcm3.o(STACK)
    .bss.noinit                              0x20020000   Section     1188  eventrecorder.o(.bss.noinit)
    EventBuffer                              0x20020000   Data        1024  eventrecorder.o(.bss.noinit)
    EventFilter                              0x20020400   Data         128  eventrecorder.o(.bss.noinit)
    EventStatus                              0x20020480   Data          36  eventrecorder.o(.bss.noinit)

    Global Symbols

    Symbol Name                              Value     Ov Type        Size  Object(Section)

    BuildAttributes$$THM_ISAv4$P$D$K$B$S$PE$A:L22UL41UL21$X:L11$S22US41US21$IEEE1$IW$USESV6$~STKCKD$USESV7$~SHL$OTIME$ROPI$EBA8$MICROLIB$REQ8$PRES8$EABIv2 0x00000000   Number         0  anon$$obj.o ABSOLUTE
    __ARM_use_no_argv                        0x00000000   Number         0  main.o ABSOLUTE
    __Vectors                                0x00000000   Data           4  startup_armcm3.o(RESET)
    _printf_a                                0x00000000   Number         0  stubs.o ABSOLUTE
    _printf_c                                0x00000000   Number         0  stubs.o ABSOLUTE
    _printf_charcount                        0x00000000   Number         0  stubs.o ABSOLUTE
    _printf_d                                0x00000000   Number         0  stubs.o ABSOLUTE
    _printf_e                                0x00000000   Number         0  stubs.o ABSOLUTE
    _printf_f                                0x00000000   Number         0  stubs.o ABSOLUTE
    _printf_flags                            0x00000000   Number         0  stubs.o ABSOLUTE
    _printf_fp_dec                           0x00000000   Number         0  stubs.o ABSOLUTE
    _printf_fp_hex                           0x00000000   Number         0  stubs.o ABSOLUTE
    _printf_g                                0x00000000   Number         0  stubs.o ABSOLUTE
    _printf_i                                0x00000000   Number         0  stubs.o ABSOLUTE
    _printf_int_dec                          0x00000000   Number         0  stubs.o ABSOLUTE
    _printf_l                                0x00000000   Number         0  stubs.o ABSOLUTE
    _printf_lc                               0x00000000   Number         0  stubs.o ABSOLUTE
    _printf_ll                               0x00000000   Number         0  stubs.o ABSOLUTE
    _printf_lld                              0x00000000   Number         0  stubs.o ABSOLUTE
    _printf_lli                              0x00000000   Number         0  stubs.o ABSOLUTE
    _printf_llo                              0x00000000   Number         0  stubs.o ABSOLUTE
    _printf_llu                              0x00000000   Number         0  stubs.o ABSOLUTE
    _printf_llx                              0x00000000   Number         0  stubs.o ABSOLUTE
    _printf_longlong_dec                     0x00000000   Number         0  stubs.o ABSOLUTE
    _printf_longlong_hex                     0x00000000   Number         0  stubs.o ABSOLUTE
    _printf_longlong_oct                     0x00000000   Number         0  stubs.o ABSOLUTE
    _printf_ls                               0x00000000   Number         0  stubs.o ABSOLUTE
    _printf_mbtowc                           0x00000000   Number         0  stubs.o ABSOLUTE
    _printf_n                                0x00000000   Number         0  stubs.o ABSOLUTE
    _printf_o                                0x00000000   Number         0  stubs.o ABSOLUTE
    _printf_p                                0x00000000   Number         0  stubs.o ABSOLUTE
    _printf_percent                          0x00000000   Number         0  stubs.o ABSOLUTE
    _printf_pre_padding                      0x00000000   Number         0  stubs.o ABSOLUTE
    _printf_return_value                     0x00000000   Number         0  stubs.o ABSOLUTE
    _printf_s                                0x00000000   Number         0  stubs.o ABSOLUTE
    _printf_sizespec                         0x00000000   Number         0  stubs.o ABSOLUTE
    _printf_str                              0x00000000   Number         0  stubs.o ABSOLUTE
    _printf_truncate_signed                  0x00000000   Number         0  stubs.o ABSOLUTE
    _printf_truncate_unsigned                0x00000000   Number         0  stubs.o ABSOLUTE
    _printf_u                                0x00000000   Number         0  stubs.o ABSOLUTE
    _printf_wc                               0x00000000   Number         0  stubs.o ABSOLUTE
    _printf_wctomb                           0x00000000   Number         0  stubs.o ABSOLUTE
    _printf_widthprec                        0x00000000   Number         0  stubs.o ABSOLUTE
    _printf_x                                0x00000000   Number         0  stubs.o ABSOLUTE
    __cpp_initialize__aeabi_                  - Undefined Weak Reference
    __cxa_finalize                            - Undefined Weak Reference
    __decompress                              - Undefined Weak Reference
    _clock_init                               - Undefined Weak Reference
    _microlib_exit                            - Undefined Weak Reference
    __Vectors_End                            0x000000c0   Data           0  startup_armcm3.o(RESET)
    __Vectors_Size                           0x000000c0   Number         0  startup_armcm3.o ABSOLUTE
    __main                                   0x000000c1   Thumb Code     0  entry.o(.ARM.Collect$$$$00000000)
    _main_stk                                0x000000c1   Thumb Code     0  entry2.o(.ARM.Collect$$$$00000001)
    _main_scatterload                        0x000000c5   Thumb Code     0  entry5.o(.ARM.Collect$$$$00000004)
    __main_after_scatterload                 0x000000c9   Thumb Code     0  entry5.o(.ARM.Collect$$$$00000004)
    _main_clock                              0x000000c9   Thumb Code     0  entry7b.o(.ARM.Collect$$$$00000008)
    _main_cpp_init                           0x000000c9   Thumb Code     0  entry8b.o(.ARM.Collect$$$$0000000A)
    _main_init                               0x000000c9   Thumb Code     0  entry9a.o(.ARM.Collect$$$$0000000B)
    __rt_final_cpp                           0x000000d1   Thumb Code     0  entry10a.o(.ARM.Collect$$$$0000000D)
    __rt_final_exit                          0x000000d1   Thumb Code     0  entry11a.o(.ARM.Collect$$$$0000000F)
    __asm___15_EventRecorder_c_e8d3082c__atomic_inc8 0x000000d5   Thumb Code    18  eventrecorder.o(.emb_text)
    __asm___15_EventRecorder_c_e8d3082c__atomic_inc32 0x000000e7   Thumb Code    18  eventrecorder.o(.emb_text)
    __asm___15_EventRecorder_c_e8d3082c__atomic_xch32 0x000000f9   Thumb Code    16  eventrecorder.o(.emb_text)
    __asm___15_EventRecorder_c_e8d3082c__LockRecord 0x00000109   Thumb Code    34  eventrecorder.o(.emb_text)
    __asm___15_EventRecorder_c_e8d3082c__UnlockRecord 0x0000012b   Thumb Code    30  eventrecorder.o(.emb_text)
    SVC_Handler                              0x00000149   Thumb Code    32  port.o(.emb_text)
    __asm___6_port_c_39a90d8d__prvStartFirstTask 0x0000016d   Thumb Code    28  port.o(.emb_text)
    PendSV_Handler                           0x0000018d   Thumb Code    72  port.o(.emb_text)
    vPortGetIPSR                             0x000001d9   Thumb Code     6  port.o(.emb_text)
    vPrintString                             0x000001e1   Thumb Code    22  basic_io.o(.text)
    vPrintStringAndNumber                    0x000001f7   Thumb Code    28  basic_io.o(.text)
    fputc                                    0x00000213   Thumb Code    22  basic_io.o(.text)
    vector_init                              0x00000235   Thumb Code    22  vector.o(.text)
    vector_total                             0x0000024b   Thumb Code     4  vector.o(.text)
    vector_add                               0x0000024f   Thumb Code    36  vector.o(.text)
    vector_set                               0x00000273   Thumb Code    18  vector.o(.text)
    vector_get                               0x00000285   Thumb Code    22  vector.o(.text)
    vector_delete                            0x0000029b   Thumb Code    90  vector.o(.text)
    vector_free                              0x000002f5   Thumb Code     6  vector.o(.text)
    app_main                                 0x000008e9   Thumb Code    52  main.o(.text)
    main                                     0x0000091d   Thumb Code   124  main.o(.text)
    EventRecorderTimerGetCount               0x00000bbf   Thumb Code     6  eventrecorder.o(.text)
    EventRecorderTimerSetup                  0x00000bc5   Thumb Code    24  eventrecorder.o(.text)
    EventRecorderTimerGetFreq                0x00000bdd   Thumb Code     6  eventrecorder.o(.text)
    EventRecorderStart                       0x00000be3   Thumb Code    36  eventrecorder.o(.text)
    EventRecorderEnable                      0x00000c07   Thumb Code    90  eventrecorder.o(.text)
    EventRecorderInitialize                  0x00000c61   Thumb Code   248  eventrecorder.o(.text)
    EventRecorderDisable                     0x00000d59   Thumb Code    88  eventrecorder.o(.text)
    EventRecorderStop                        0x00000db1   Thumb Code    36  eventrecorder.o(.text)
    EventRecorderClockUpdate                 0x00000dd5   Thumb Code    34  eventrecorder.o(.text)
    EventRecordData                          0x00000df7   Thumb Code   244  eventrecorder.o(.text)
    EventRecord2                             0x00000eeb   Thumb Code    86  eventrecorder.o(.text)
    EventRecord4                             0x00000f41   Thumb Code   100  eventrecorder.o(.text)
    Reset_Handler                            0x00001001   Thumb Code     8  startup_armcm3.o(.text)
    NMI_Handler                              0x00001009   Thumb Code     2  startup_armcm3.o(.text)
    HardFault_Handler                        0x0000100b   Thumb Code     2  startup_armcm3.o(.text)
    MemManage_Handler                        0x0000100d   Thumb Code     2  startup_armcm3.o(.text)
    BusFault_Handler                         0x0000100f   Thumb Code     2  startup_armcm3.o(.text)
    UsageFault_Handler                       0x00001011   Thumb Code     2  startup_armcm3.o(.text)
    DebugMon_Handler                         0x00001015   Thumb Code     2  startup_armcm3.o(.text)
    AACI_IRQHandler                          0x0000101b   Thumb Code     0  startup_armcm3.o(.text)
    CAN_IRQHandler                           0x0000101b   Thumb Code     0  startup_armcm3.o(.text)
    CHLCD_IRQHandler                         0x0000101b   Thumb Code     0  startup_armcm3.o(.text)
    CLCD_IRQHandler                          0x0000101b   Thumb Code     0  startup_armcm3.o(.text)
    CPU_CLCD_IRQHandler                      0x0000101b   Thumb Code     0  startup_armcm3.o(.text)
    ENET_IRQHandler                          0x0000101b   Thumb Code     0  startup_armcm3.o(.text)
    FLEXRAY_IRQHandler                       0x0000101b   Thumb Code     0  startup_armcm3.o(.text)
    I2C_IRQHandler                           0x0000101b   Thumb Code     0  startup_armcm3.o(.text)
    LIN_IRQHandler                           0x0000101b   Thumb Code     0  startup_armcm3.o(.text)
    MCIA_IRQHandler                          0x0000101b   Thumb Code     0  startup_armcm3.o(.text)
    MCIB_IRQHandler                          0x0000101b   Thumb Code     0  startup_armcm3.o(.text)
    RTC_IRQHandler                           0x0000101b   Thumb Code     0  startup_armcm3.o(.text)
    SPI_IRQHandler                           0x0000101b   Thumb Code     0  startup_armcm3.o(.text)
    TIM0_IRQHandler                          0x0000101b   Thumb Code     0  startup_armcm3.o(.text)
    TIM2_IRQHandler                          0x0000101b   Thumb Code     0  startup_armcm3.o(.text)
    UART0_IRQHandler                         0x0000101b   Thumb Code     0  startup_armcm3.o(.text)
    UART1_IRQHandler                         0x0000101b   Thumb Code     0  startup_armcm3.o(.text)
    UART2_IRQHandler                         0x0000101b   Thumb Code     0  startup_armcm3.o(.text)
    UART3_IRQHandler                         0x0000101b   Thumb Code     0  startup_armcm3.o(.text)
    UART4_IRQHandler                         0x0000101b   Thumb Code     0  startup_armcm3.o(.text)
    USBDC_IRQHandler                         0x0000101b   Thumb Code     0  startup_armcm3.o(.text)
    USBHC_IRQHandler                         0x0000101b   Thumb Code     0  startup_armcm3.o(.text)
    WDT_IRQHandler                           0x0000101b   Thumb Code     0  startup_armcm3.o(.text)
    SystemCoreClockUpdate                    0x00001025   Thumb Code     8  system_armcm3.o(.text)
    SystemInit                               0x0000102d   Thumb Code    14  system_armcm3.o(.text)
    EvrFreeRTOSSetup                         0x0000104d   Thumb Code   104  freertos_evr.o(.text)
    EvrFreeRTOSTasks_TaskCreate              0x000010b5   Thumb Code    12  freertos_evr.o(.text)
    EvrFreeRTOSTasks_TaskCreateFailed        0x000010c1   Thumb Code    12  freertos_evr.o(.text)
    EvrFreeRTOSTasks_TaskDelete              0x000010cd   Thumb Code    12  freertos_evr.o(.text)
    EvrFreeRTOSTasks_TaskDelayUntil          0x000010d9   Thumb Code    12  freertos_evr.o(.text)
    EvrFreeRTOSTasks_TaskDelay               0x000010e5   Thumb Code    12  freertos_evr.o(.text)
    EvrFreeRTOSTasks_TaskPrioritySet         0x000010f1   Thumb Code    12  freertos_evr.o(.text)
    EvrFreeRTOSTasks_TaskSuspend             0x000010fd   Thumb Code    12  freertos_evr.o(.text)
    EvrFreeRTOSTasks_TaskResume              0x00001109   Thumb Code    12  freertos_evr.o(.text)
    EvrFreeRTOSTasks_TaskResumeFromIsr       0x00001115   Thumb Code    12  freertos_evr.o(.text)
    EvrFreeRTOSTasks_TaskIncrementTick       0x00001121   Thumb Code    10  freertos_evr.o(.text)
    EvrFreeRTOSTasks_IncreaseTickCount       0x0000112b   Thumb Code    12  freertos_evr.o(.text)
    EvrFreeRTOSTasks_TaskSwitchedOut         0x00001137   Thumb Code    12  freertos_evr.o(.text)
    EvrFreeRTOSTasks_TaskSwitchedIn          0x00001143   Thumb Code    12  freertos_evr.o(.text)
    EvrFreeRTOSTasks_TaskPriorityInherit     0x0000114f   Thumb Code    12  freertos_evr.o(.text)
    EvrFreeRTOSTasks_TaskPriorityDisinherit  0x0000115b   Thumb Code    12  freertos_evr.o(.text)
    EvrFreeRTOSTasks_MovedTaskToReadyState   0x00001167   Thumb Code    12  freertos_evr.o(.text)
    EvrFreeRTOSTasks_PostMovedTaskToReadyState 0x00001173   Thumb Code    12  freertos_evr.o(.text)
    EvrFreeRTOSTasks_LowPowerIdleBegin       0x0000117f   Thumb Code    12  freertos_evr.o(.text)
    EvrFreeRTOSTasks_LowPowerIdleEnd         0x0000118b   Thumb Code    12  freertos_evr.o(.text)
    EvrFreeRTOSTasks_TaskNotifyTakeBlock     0x00001197   Thumb Code    12  freertos_evr.o(.text)
    EvrFreeRTOSTasks_TaskNotifyTake          0x000011a3   Thumb Code    12  freertos_evr.o(.text)
    EvrFreeRTOSTasks_TaskNotifyWaitBlock     0x000011af   Thumb Code    12  freertos_evr.o(.text)
    EvrFreeRTOSTasks_TaskNotifyWait          0x000011bb   Thumb Code    12  freertos_evr.o(.text)
    EvrFreeRTOSTasks_TaskNotify              0x000011c7   Thumb Code    20  freertos_evr.o(.text)
    EvrFreeRTOSTasks_TaskNotifyFromIsr       0x000011db   Thumb Code    20  freertos_evr.o(.text)
    EvrFreeRTOSTasks_TaskNotifyGiveFromIsr   0x000011ef   Thumb Code    12  freertos_evr.o(.text)
    EvrFreeRTOSQueue_QueueCreate             0x000011fb   Thumb Code    12  freertos_evr.o(.text)
    EvrFreeRTOSQueue_QueueCreateFailed       0x00001207   Thumb Code    12  freertos_evr.o(.text)
    EvrFreeRTOSQueue_CreateMutex             0x00001213   Thumb Code    12  freertos_evr.o(.text)
    EvrFreeRTOSQueue_CreateMutexFailed       0x0000121f   Thumb Code    12  freertos_evr.o(.text)
    EvrFreeRTOSQueue_GiveMutexRecursive      0x0000122b   Thumb Code    12  freertos_evr.o(.text)
    EvrFreeRTOSQueue_GiveMutexRecursiveFailed 0x00001237   Thumb Code    12  freertos_evr.o(.text)
    EvrFreeRTOSQueue_TakeMutexRecursive      0x00001243   Thumb Code    12  freertos_evr.o(.text)
    EvrFreeRTOSQueue_TakeMutexRecursiveFailed 0x0000124f   Thumb Code    12  freertos_evr.o(.text)
    EvrFreeRTOSQueue_CreateCountingSemaphore 0x0000125b   Thumb Code    12  freertos_evr.o(.text)
    EvrFreeRTOSQueue_CreateCountingSemaphoreFailed 0x00001267   Thumb Code    12  freertos_evr.o(.text)
    EvrFreeRTOSQueue_QueueSend               0x00001273   Thumb Code    12  freertos_evr.o(.text)
    EvrFreeRTOSQueue_QueueSendFailed         0x0000127f   Thumb Code    12  freertos_evr.o(.text)
    EvrFreeRTOSQueue_QueueReceive            0x0000128b   Thumb Code    12  freertos_evr.o(.text)
    EvrFreeRTOSQueue_QueuePeek               0x00001297   Thumb Code    12  freertos_evr.o(.text)
    EvrFreeRTOSQueue_QueuePeekFailed         0x000012a3   Thumb Code    12  freertos_evr.o(.text)
    EvrFreeRTOSQueue_QueuePeekFromIsr        0x000012af   Thumb Code    12  freertos_evr.o(.text)
    EvrFreeRTOSQueue_QueueReceiveFailed      0x000012bb   Thumb Code    12  freertos_evr.o(.text)
    EvrFreeRTOSQueue_QueueSendFromIsr        0x000012c7   Thumb Code    12  freertos_evr.o(.text)
    EvrFreeRTOSQueue_QueueSendFromIsrFailed  0x000012d3   Thumb Code    12  freertos_evr.o(.text)
    EvrFreeRTOSQueue_QueueReceiveFromIsr     0x000012df   Thumb Code    12  freertos_evr.o(.text)
    EvrFreeRTOSQueue_QueueReceiveFromIsrFailed 0x000012eb   Thumb Code    12  freertos_evr.o(.text)
    EvrFreeRTOSQueue_QueuePeekFromIsrFailed  0x000012f7   Thumb Code    12  freertos_evr.o(.text)
    EvrFreeRTOSQueue_QueueDelete             0x00001303   Thumb Code    12  freertos_evr.o(.text)
    EvrFreeRTOSQueue_QueueRegistryAdd        0x0000130f   Thumb Code    12  freertos_evr.o(.text)
    EvrFreeRTOSQueue_BlockingOnQueueReceive  0x0000131b   Thumb Code    12  freertos_evr.o(.text)
    EvrFreeRTOSQueue_BlockingOnQueueSend     0x00001327   Thumb Code    12  freertos_evr.o(.text)
    EvrFreeRTOSTimers_TimerCreate            0x00001333   Thumb Code    10  freertos_evr.o(.text)
    EvrFreeRTOSTimers_TimerCreateFailed      0x0000133d   Thumb Code    12  freertos_evr.o(.text)
    EvrFreeRTOSTimers_TimerCommandSend       0x00001349   Thumb Code    20  freertos_evr.o(.text)
    EvrFreeRTOSTimers_TimerCommandReceived   0x0000135d   Thumb Code    24  freertos_evr.o(.text)
    EvrFreeRTOSTimers_TimerExpired           0x00001375   Thumb Code    12  freertos_evr.o(.text)
    EvrFreeRTOSTimers_PendFuncCall           0x00001381   Thumb Code    20  freertos_evr.o(.text)
    EvrFreeRTOSTimers_PendFuncCallFromIsr    0x00001395   Thumb Code    20  freertos_evr.o(.text)
    EvrFreeRTOSEventGroups_EventGroupCreate  0x000013a9   Thumb Code    10  freertos_evr.o(.text)
    EvrFreeRTOSEventGroups_EventGroupCreateFailed 0x000013b3   Thumb Code    12  freertos_evr.o(.text)
    EvrFreeRTOSEventGroups_EventGroupSyncBlock 0x000013bf   Thumb Code    24  freertos_evr.o(.text)
    EvrFreeRTOSEventGroups_EventGroupSyncEnd 0x000013d7   Thumb Code    20  freertos_evr.o(.text)
    EvrFreeRTOSEventGroups_EventGroupWaitBitsBlock 0x000013eb   Thumb Code    12  freertos_evr.o(.text)
    EvrFreeRTOSEventGroups_EventGroupWaitBitsEnd 0x000013f7   Thumb Code    24  freertos_evr.o(.text)
    EvrFreeRTOSEventGroups_EventGroupClearBits 0x0000140f   Thumb Code    12  freertos_evr.o(.text)
    EvrFreeRTOSEventGroups_EventGroupClearBitsFromIsr 0x0000141b   Thumb Code    12  freertos_evr.o(.text)
    EvrFreeRTOSEventGroups_EventGroupSetBits 0x00001427   Thumb Code    34  freertos_evr.o(.text)
    EvrFreeRTOSEventGroups_EventGroupSetBitsFromIsr 0x00001449   Thumb Code    10  freertos_evr.o(.text)
    EvrFreeRTOSEventGroups_EventGroupDelete  0x00001453   Thumb Code    12  freertos_evr.o(.text)
    EvrFreeRTOSStreamBuf_StreamBufferCreateFailed 0x0000145f   Thumb Code    10  freertos_evr.o(.text)
    EvrFreeRTOSStreamBuf_StreamBufferCreateStaticFailed 0x00001469   Thumb Code    12  freertos_evr.o(.text)
    EvrFreeRTOSStreamBuf_StreamBufferCreate  0x00001475   Thumb Code    12  freertos_evr.o(.text)
    EvrFreeRTOSStreamBuf_StreamBufferDelete  0x00001481   Thumb Code    12  freertos_evr.o(.text)
    EvrFreeRTOSStreamBuf_StreamBufferReset   0x0000148d   Thumb Code    12  freertos_evr.o(.text)
    EvrFreeRTOSStreamBuf_StreamBufferBlockingOnSend 0x00001499   Thumb Code    12  freertos_evr.o(.text)
    EvrFreeRTOSStreamBuf_StreamBufferSend    0x000014a5   Thumb Code    12  freertos_evr.o(.text)
    EvrFreeRTOSStreamBuf_StreamBufferSendFailed 0x000014b1   Thumb Code    12  freertos_evr.o(.text)
    EvrFreeRTOSStreamBuf_StreamBufferSendFromIsr 0x000014bd   Thumb Code    12  freertos_evr.o(.text)
    EvrFreeRTOSStreamBuf_StreamBufferBlockingOnReceive 0x000014c9   Thumb Code    12  freertos_evr.o(.text)
    EvrFreeRTOSStreamBuf_StreamBufferReceive 0x000014d5   Thumb Code    12  freertos_evr.o(.text)
    EvrFreeRTOSStreamBuf_StreamBufferReceiveFailed 0x000014e1   Thumb Code    12  freertos_evr.o(.text)
    EvrFreeRTOSStreamBuf_StreamBufferReceiveFromIsr 0x000014ed   Thumb Code    12  freertos_evr.o(.text)
    EvrFreeRTOSHeap_Malloc                   0x000014f9   Thumb Code    12  freertos_evr.o(.text)
    EvrFreeRTOSHeap_Free                     0x00001505   Thumb Code    12  freertos_evr.o(.text)
    vListInitialise                          0x00001519   Thumb Code    22  list.o(.text)
    vListInitialiseItem                      0x0000152f   Thumb Code     6  list.o(.text)
    vListInsertEnd                           0x00001535   Thumb Code    24  list.o(.text)
    vListInsert                              0x0000154d   Thumb Code    48  list.o(.text)
    uxListRemove                             0x0000157d   Thumb Code    38  list.o(.text)
    pvPortMalloc                             0x000015ed   Thumb Code   218  heap_4.o(.text)
    vPortFree                                0x000016c7   Thumb Code    96  heap_4.o(.text)
    xPortGetFreeHeapSize                     0x00001727   Thumb Code     8  heap_4.o(.text)
    xPortGetMinimumEverFreeHeapSize          0x0000172f   Thumb Code     8  heap_4.o(.text)
    vPortInitialiseBlocks                    0x00001737   Thumb Code     2  heap_4.o(.text)
    pxPortInitialiseStack                    0x000017a9   Thumb Code    32  port.o(.text)
    vPortSetupTimerInterrupt                 0x000017c9   Thumb Code    64  port.o(.text)
    xPortStartScheduler                      0x00001809   Thumb Code   156  port.o(.text)
    vPortEndScheduler                        0x000018a5   Thumb Code    28  port.o(.text)
    vPortEnterCritical                       0x000018c1   Thumb Code    56  port.o(.text)
    vPortExitCritical                        0x000018f9   Thumb Code    34  port.o(.text)
    SysTick_Handler                          0x0000191b   Thumb Code    40  port.o(.text)
    vPortSuppressTicksAndSleep               0x00001943   Thumb Code   206  port.o(.text)
    vPortValidateInterruptPriority           0x00001a11   Thumb Code    76  port.o(.text)
    xQueueGenericReset                       0x00001a71   Thumb Code   132  queue.o(.text)
    xQueueGenericCreate                      0x00001af5   Thumb Code   100  queue.o(.text)
    xQueueGenericSend                        0x00001cb3   Thumb Code   388  queue.o(.text)
    xQueueCreateMutex                        0x00001e37   Thumb Code    52  queue.o(.text)
    xQueueGetMutexHolder                     0x00001e6b   Thumb Code    26  queue.o(.text)
    xQueueGetMutexHolderFromISR              0x00001e85   Thumb Code    30  queue.o(.text)
    xQueueGiveMutexRecursive                 0x00001ea3   Thumb Code    82  queue.o(.text)
    xQueueSemaphoreTake                      0x00001ef5   Thumb Code   396  queue.o(.text)
    xQueueTakeMutexRecursive                 0x00002081   Thumb Code    78  queue.o(.text)
    xQueueCreateCountingSemaphore            0x000020cf   Thumb Code    70  queue.o(.text)
    xQueueGenericSendFromISR                 0x00002115   Thumb Code   212  queue.o(.text)
    xQueueGiveFromISR                        0x000021e9   Thumb Code   186  queue.o(.text)
    xQueueReceive                            0x000022c9   Thumb Code   324  queue.o(.text)
    xQueuePeek                               0x0000240d   Thumb Code   320  queue.o(.text)
    xQueueReceiveFromISR                     0x0000254d   Thumb Code   166  queue.o(.text)
    xQueuePeekFromISR                        0x000025f3   Thumb Code   132  queue.o(.text)
    uxQueueMessagesWaiting                   0x00002677   Thumb Code    36  queue.o(.text)
    uxQueueSpacesAvailable                   0x0000269b   Thumb Code    40  queue.o(.text)
    uxQueueMessagesWaitingFromISR            0x000026c3   Thumb Code    22  queue.o(.text)
    vQueueDelete                             0x000026d9   Thumb Code    36  queue.o(.text)
    uxQueueGetQueueNumber                    0x000026fd   Thumb Code     4  queue.o(.text)
    vQueueSetQueueNumber                     0x00002701   Thumb Code     4  queue.o(.text)
    ucQueueGetQueueType                      0x00002705   Thumb Code     6  queue.o(.text)
    xQueueIsQueueEmptyFromISR                0x0000270b   Thumb Code    30  queue.o(.text)
    xQueueIsQueueFullFromISR                 0x00002729   Thumb Code    34  queue.o(.text)
    xQueueCreateSet                          0x0000274b   Thumb Code     8  queue.o(.text)
    xQueueAddToSet                           0x00002753   Thumb Code    34  queue.o(.text)
    xQueueRemoveFromSet                      0x00002775   Thumb Code    34  queue.o(.text)
    xQueueSelectFromSet                      0x00002797   Thumb Code    18  queue.o(.text)
    xQueueSelectFromSetFromISR               0x000027a9   Thumb Code    18  queue.o(.text)
    xTaskCreate                              0x000028ab   Thumb Code    86  tasks.o(.text)
    vTaskDelete                              0x00002901   Thumb Code   164  tasks.o(.text)
    xTaskIncrementTick                       0x000029a5   Thumb Code   208  tasks.o(.text)
    xTaskResumeAll                           0x00002a75   Thumb Code   200  tasks.o(.text)
    vTaskSuspendAll                          0x00002bab   Thumb Code    10  tasks.o(.text)
    vTaskDelayUntil                          0x00002bb5   Thumb Code   158  tasks.o(.text)
    vTaskDelay                               0x00002c53   Thumb Code    72  tasks.o(.text)
    eTaskGetState                            0x00002c9b   Thumb Code   104  tasks.o(.text)
    uxTaskPriorityGet                        0x00002d03   Thumb Code    24  tasks.o(.text)
    uxTaskPriorityGetFromISR                 0x00002d1b   Thumb Code    40  tasks.o(.text)
    vTaskPrioritySet                         0x00002d43   Thumb Code   204  tasks.o(.text)
    vTaskSwitchContext                       0x00002e0f   Thumb Code   100  tasks.o(.text)
    vTaskSuspend                             0x00002e73   Thumb Code   174  tasks.o(.text)
    vTaskResume                              0x00002f51   Thumb Code   130  tasks.o(.text)
    xTaskResumeFromISR                       0x00002fd3   Thumb Code   166  tasks.o(.text)
    vTaskStartScheduler                      0x0000312d   Thumb Code    94  tasks.o(.text)
    vTaskEndScheduler                        0x0000318b   Thumb Code    24  tasks.o(.text)
    xTaskGetTickCount                        0x000031a3   Thumb Code     6  tasks.o(.text)
    xTaskGetTickCountFromISR                 0x000031a9   Thumb Code    12  tasks.o(.text)
    uxTaskGetNumberOfTasks                   0x000031b5   Thumb Code     6  tasks.o(.text)
    pcTaskGetName                            0x000031bb   Thumb Code    28  tasks.o(.text)
    xTaskGetHandle                           0x00003239   Thumb Code   120  tasks.o(.text)
    vTaskGetInfo                             0x000032b1   Thumb Code   108  tasks.o(.text)
    uxTaskGetSystemState                     0x00003373   Thumb Code   156  tasks.o(.text)
    xTaskGetIdleTaskHandle                   0x0000340f   Thumb Code    26  tasks.o(.text)
    vTaskStepTick                            0x00003429   Thumb Code    66  tasks.o(.text)
    xTaskAbortDelay                          0x0000346b   Thumb Code   138  tasks.o(.text)
    vTaskPlaceOnEventList                    0x000034f5   Thumb Code    44  tasks.o(.text)
    vTaskPlaceOnUnorderedEventList           0x00003521   Thumb Code    72  tasks.o(.text)
    xTaskRemoveFromEventList                 0x00003569   Thumb Code   124  tasks.o(.text)
    vTaskRemoveFromUnorderedEventList        0x000035e5   Thumb Code   116  tasks.o(.text)
    vTaskSetTimeOutState                     0x00003659   Thumb Code    44  tasks.o(.text)
    vTaskInternalSetTimeOutState             0x00003685   Thumb Code    12  tasks.o(.text)
    xTaskCheckForTimeOut                     0x00003691   Thumb Code   130  tasks.o(.text)
    vTaskMissedYield                         0x00003713   Thumb Code     8  tasks.o(.text)
    uxTaskGetTaskNumber                      0x0000371b   Thumb Code     8  tasks.o(.text)
    vTaskSetTaskNumber                       0x00003723   Thumb Code     8  tasks.o(.text)
    eTaskConfirmSleepModeStatus              0x0000372b   Thumb Code    38  tasks.o(.text)
    uxTaskGetStackHighWaterMark2             0x00003751   Thumb Code    12  tasks.o(.text)
    uxTaskGetStackHighWaterMark              0x0000375d   Thumb Code    12  tasks.o(.text)
    xTaskGetCurrentTaskHandle                0x00003769   Thumb Code     6  tasks.o(.text)
    xTaskGetSchedulerState                   0x0000376f   Thumb Code    22  tasks.o(.text)
    xTaskPriorityInherit                     0x00003785   Thumb Code   166  tasks.o(.text)
    xTaskPriorityDisinherit                  0x0000382b   Thumb Code   180  tasks.o(.text)
    vTaskPriorityDisinheritAfterTimeout      0x000038df   Thumb Code   184  tasks.o(.text)
    uxTaskResetEventItemValue                0x00003997   Thumb Code    20  tasks.o(.text)
    pvTaskIncrementMutexHeldCount            0x000039ab   Thumb Code    18  tasks.o(.text)
    ulTaskNotifyTake                         0x000039bd   Thumb Code   110  tasks.o(.text)
    xTaskNotifyWait                          0x00003a2b   Thumb Code   142  tasks.o(.text)
    xTaskGenericNotify                       0x00003ab9   Thumb Code   238  tasks.o(.text)
    xTaskGenericNotifyFromISR                0x00003ba7   Thumb Code   276  tasks.o(.text)
    vTaskNotifyGiveFromISR                   0x00003cbb   Thumb Code   208  tasks.o(.text)
    xTaskNotifyStateClear                    0x00003d8b   Thumb Code    44  tasks.o(.text)
    rand                                     0x00003eb5   Thumb Code    20  rand.o(.text)
    srand                                    0x00003ec9   Thumb Code     6  rand.o(.text)
    __aeabi_memcpy                           0x00003ed9   Thumb Code    36  memcpya.o(.text)
    __aeabi_memcpy4                          0x00003ed9   Thumb Code     0  memcpya.o(.text)
    __aeabi_memcpy8                          0x00003ed9   Thumb Code     0  memcpya.o(.text)
    __aeabi_memset                           0x00003efd   Thumb Code    14  memseta.o(.text)
    __aeabi_memset4                          0x00003efd   Thumb Code     0  memseta.o(.text)
    __aeabi_memset8                          0x00003efd   Thumb Code     0  memseta.o(.text)
    __aeabi_memclr                           0x00003f0b   Thumb Code     4  memseta.o(.text)
    __aeabi_memclr4                          0x00003f0b   Thumb Code     0  memseta.o(.text)
    __aeabi_memclr8                          0x00003f0b   Thumb Code     0  memseta.o(.text)
    _memset$wrapper                          0x00003f0f   Thumb Code    18  memseta.o(.text)
    strlen                                   0x00003f21   Thumb Code    14  strlen.o(.text)
    __aeabi_fadd                             0x00003f2f   Thumb Code   164  fadd.o(.text)
    __aeabi_fsub                             0x00003fd3   Thumb Code     6  fadd.o(.text)
    __aeabi_frsub                            0x00003fd9   Thumb Code     6  fadd.o(.text)
    __aeabi_ddiv                             0x00003fdf   Thumb Code   222  ddiv.o(.text)
    __aeabi_ui2d                             0x000040bd   Thumb Code    26  dfltui.o(.text)
    __aeabi_f2d                              0x000040d7   Thumb Code    38  f2d.o(.text)
    __aeabi_d2f                              0x000040fd   Thumb Code    56  d2f.o(.text)
    __aeabi_uidiv                            0x00004135   Thumb Code     0  uidiv.o(.text)
    __aeabi_uidivmod                         0x00004135   Thumb Code    44  uidiv.o(.text)
    __aeabi_uldivmod                         0x00004161   Thumb Code    98  uldiv.o(.text)
    __I$use$fp                               0x000041c3   Thumb Code     0  iusefp.o(.text)
    _float_round                             0x000041c3   Thumb Code    18  fepilogue.o(.text)
    _float_epilogue                          0x000041d5   Thumb Code    92  fepilogue.o(.text)
    _double_round                            0x00004231   Thumb Code    30  depilogue.o(.text)
    _double_epilogue                         0x0000424f   Thumb Code   156  depilogue.o(.text)
    __aeabi_dadd                             0x000042eb   Thumb Code   322  dadd.o(.text)
    __aeabi_dsub                             0x0000442d   Thumb Code     6  dadd.o(.text)
    __aeabi_drsub                            0x00004433   Thumb Code     6  dadd.o(.text)
    __aeabi_dmul                             0x00004439   Thumb Code   228  dmul.o(.text)
    __aeabi_d2ulz                            0x0000451d   Thumb Code    48  dfixul.o(.text)
    __aeabi_cdrcmple                         0x0000454d   Thumb Code    48  cdrcmple.o(.text)
    __scatterload                            0x0000457d   Thumb Code    28  init.o(.text)
    __scatterload_rt2                        0x0000457d   Thumb Code     0  init.o(.text)
    __aeabi_llsl                             0x000045a1   Thumb Code    30  llshl.o(.text)
    _ll_shift_l                              0x000045a1   Thumb Code     0  llshl.o(.text)
    __aeabi_llsr                             0x000045bf   Thumb Code    32  llushr.o(.text)
    _ll_ushift_r                             0x000045bf   Thumb Code     0  llushr.o(.text)
    __aeabi_lasr                             0x000045df   Thumb Code    36  llsshr.o(.text)
    _ll_sshift_r                             0x000045df   Thumb Code     0  llsshr.o(.text)
    __0printf                                0x00004605   Thumb Code    22  printfa.o(i.__0printf)
    __1printf                                0x00004605   Thumb Code     0  printfa.o(i.__0printf)
    __2printf                                0x00004605   Thumb Code     0  printfa.o(i.__0printf)
    __c89printf                              0x00004605   Thumb Code     0  printfa.o(i.__0printf)
    printf                                   0x00004605   Thumb Code     0  printfa.o(i.__0printf)
    free                                     0x00004625   Thumb Code    88  mallocr.o(i.__free$realloc)
    malloc                                   0x00004681   Thumb Code    64  mallocr.o(i.__malloc$realloc)
    __scatterload_copy                       0x000046d1   Thumb Code    14  handlers.o(i.__scatterload_copy)
    __scatterload_null                       0x000046df   Thumb Code     2  handlers.o(i.__scatterload_null)
    __scatterload_zeroinit                   0x000046e1   Thumb Code    14  handlers.o(i.__scatterload_zeroinit)
    realloc                                  0x00004ff5   Thumb Code   102  mallocr.o(i.realloc)
    EventRecorderInfo                        0x00005060   Data          24  eventrecorder.o(.constdata)
    Region$$Table$$Base                      0x000054ac   Number         0  anon$$obj.o(Region$$Table)
    Region$$Table$$Limit                     0x000054cc   Number         0  anon$$obj.o(Region$$Table)
    Ucpu                                     0x20000004   Data           4  main.o(.data)
    xTaskQueue                               0x20000008   Data           4  main.o(.data)
    mutex                                    0x2000000c   Data           4  main.o(.data)
    SystemCoreClock                          0x20000010   Data           4  system_armcm3.o(.data)
    pxCurrentTCB                             0x20000048   Data           4  tasks.o(.data)
    __stdout                                 0x20000088   Data           4  stdout.o(.data)
    __microlib_freelist                      0x2000008c   Data           4  mvars.o(.data)
    __microlib_freelist_initialised          0x20000090   Data           4  mvars.o(.data)
    currentTasks                             0x20000094   Data          12  main.o(.bss)
    currentTasksId                           0x200000a0   Data          12  main.o(.bss)
    __heap_base                              0x200032a0   Data           0  startup_armcm3.o(HEAP)
    __heap_limit                             0x20003ea0   Data           0  startup_armcm3.o(HEAP)
    __initial_sp                             0x200042a0   Data           0  startup_armcm3.o(STACK)



==============================================================================

Memory Map of the image

  Image Entry point : 0x000000c1

  Load Region LR_IROM1 (Base: 0x00000000, Size: 0x00005560, Max: 0x00040000, ABSOLUTE)

    Execution Region ER_IROM1 (Exec base: 0x00000000, Load base: 0x00000000, Size: 0x000054cc, Max: 0x00040000, ABSOLUTE)

    Exec Addr    Load Addr    Size         Type   Attr      Idx    E Section Name        Object

    0x00000000   0x00000000   0x000000c0   Data   RO          198    RESET               startup_armcm3.o
    0x000000c0   0x000000c0   0x00000000   Code   RO          402  * .ARM.Collect$$$$00000000  mc_w.l(entry.o)
    0x000000c0   0x000000c0   0x00000004   Code   RO          715    .ARM.Collect$$$$00000001  mc_w.l(entry2.o)
    0x000000c4   0x000000c4   0x00000004   Code   RO          718    .ARM.Collect$$$$00000004  mc_w.l(entry5.o)
    0x000000c8   0x000000c8   0x00000000   Code   RO          720    .ARM.Collect$$$$00000008  mc_w.l(entry7b.o)
    0x000000c8   0x000000c8   0x00000000   Code   RO          722    .ARM.Collect$$$$0000000A  mc_w.l(entry8b.o)
    0x000000c8   0x000000c8   0x00000008   Code   RO          723    .ARM.Collect$$$$0000000B  mc_w.l(entry9a.o)
    0x000000d0   0x000000d0   0x00000000   Code   RO          725    .ARM.Collect$$$$0000000D  mc_w.l(entry10a.o)
    0x000000d0   0x000000d0   0x00000000   Code   RO          727    .ARM.Collect$$$$0000000F  mc_w.l(entry11a.o)
    0x000000d0   0x000000d0   0x00000004   Code   RO          716    .ARM.Collect$$$$00002712  mc_w.l(entry2.o)
    0x000000d4   0x000000d4   0x00000074   Code   RO          154    .emb_text           eventrecorder.o
    0x00000148   0x00000148   0x00000096   Code   RO          322    .emb_text           port.o
    0x000001de   0x000001de   0x00000002   PAD
    0x000001e0   0x000001e0   0x00000054   Code   RO            1    .text               basic_io.o
    0x00000234   0x00000234   0x000000de   Code   RO           62    .text               vector.o
    0x00000312   0x00000312   0x00000002   PAD
    0x00000314   0x00000314   0x00000808   Code   RO           83    .text               main.o
    0x00000b1c   0x00000b1c   0x000004e4   Code   RO          155    .text               eventrecorder.o
    0x00001000   0x00001000   0x00000024   Code   RO          199    .text               startup_armcm3.o
    0x00001024   0x00001024   0x00000028   Code   RO          206    .text               system_armcm3.o
    0x0000104c   0x0000104c   0x000004cc   Code   RO          234    .text               freertos_evr.o
    0x00001518   0x00001518   0x0000008a   Code   RO          268    .text               list.o
    0x000015a2   0x000015a2   0x00000002   PAD
    0x000015a4   0x000015a4   0x000001e0   Code   RO          295    .text               heap_4.o
    0x00001784   0x00001784   0x000002ec   Code   RO          323    .text               port.o
    0x00001a70   0x00001a70   0x00000d68   Code   RO          352    .text               queue.o
    0x000027d8   0x000027d8   0x000016dc   Code   RO          379    .text               tasks.o
    0x00003eb4   0x00003eb4   0x00000024   Code   RO          405    .text               mc_w.l(rand.o)
    0x00003ed8   0x00003ed8   0x00000024   Code   RO          408    .text               mc_w.l(memcpya.o)
    0x00003efc   0x00003efc   0x00000024   Code   RO          410    .text               mc_w.l(memseta.o)
    0x00003f20   0x00003f20   0x0000000e   Code   RO          412    .text               mc_w.l(strlen.o)
    0x00003f2e   0x00003f2e   0x000000b0   Code   RO          705    .text               mf_w.l(fadd.o)
    0x00003fde   0x00003fde   0x000000de   Code   RO          707    .text               mf_w.l(ddiv.o)
    0x000040bc   0x000040bc   0x0000001a   Code   RO          709    .text               mf_w.l(dfltui.o)
    0x000040d6   0x000040d6   0x00000026   Code   RO          711    .text               mf_w.l(f2d.o)
    0x000040fc   0x000040fc   0x00000038   Code   RO          713    .text               mf_w.l(d2f.o)
    0x00004134   0x00004134   0x0000002c   Code   RO          730    .text               mc_w.l(uidiv.o)
    0x00004160   0x00004160   0x00000062   Code   RO          732    .text               mc_w.l(uldiv.o)
    0x000041c2   0x000041c2   0x00000000   Code   RO          736    .text               mc_w.l(iusefp.o)
    0x000041c2   0x000041c2   0x0000006e   Code   RO          737    .text               mf_w.l(fepilogue.o)
    0x00004230   0x00004230   0x000000ba   Code   RO          739    .text               mf_w.l(depilogue.o)
    0x000042ea   0x000042ea   0x0000014e   Code   RO          741    .text               mf_w.l(dadd.o)
    0x00004438   0x00004438   0x000000e4   Code   RO          743    .text               mf_w.l(dmul.o)
    0x0000451c   0x0000451c   0x00000030   Code   RO          745    .text               mf_w.l(dfixul.o)
    0x0000454c   0x0000454c   0x00000030   Code   RO          747    .text               mf_w.l(cdrcmple.o)
    0x0000457c   0x0000457c   0x00000024   Code   RO          749    .text               mc_w.l(init.o)
    0x000045a0   0x000045a0   0x0000001e   Code   RO          751    .text               mc_w.l(llshl.o)
    0x000045be   0x000045be   0x00000020   Code   RO          753    .text               mc_w.l(llushr.o)
    0x000045de   0x000045de   0x00000024   Code   RO          755    .text               mc_w.l(llsshr.o)
    0x00004602   0x00004602   0x00000002   PAD
    0x00004604   0x00004604   0x00000020   Code   RO          649    i.__0printf         mc_w.l(printfa.o)
    0x00004624   0x00004624   0x0000005c   Code   RO          681    i.__free$realloc    mc_w.l(mallocr.o)
    0x00004680   0x00004680   0x00000050   Code   RO          682    i.__malloc$realloc  mc_w.l(mallocr.o)
    0x000046d0   0x000046d0   0x0000000e   Code   RO          759    i.__scatterload_copy  mc_w.l(handlers.o)
    0x000046de   0x000046de   0x00000002   Code   RO          760    i.__scatterload_null  mc_w.l(handlers.o)
    0x000046e0   0x000046e0   0x0000000e   Code   RO          761    i.__scatterload_zeroinit  mc_w.l(handlers.o)
    0x000046ee   0x000046ee   0x00000002   PAD
    0x000046f0   0x000046f0   0x00000184   Code   RO          656    i._fp_digits        mc_w.l(printfa.o)
    0x00004874   0x00004874   0x000006dc   Code   RO          657    i._printf_core      mc_w.l(printfa.o)
    0x00004f50   0x00004f50   0x00000024   Code   RO          658    i._printf_post_padding  mc_w.l(printfa.o)
    0x00004f74   0x00004f74   0x0000002e   Code   RO          659    i._printf_pre_padding  mc_w.l(printfa.o)
    0x00004fa2   0x00004fa2   0x00000002   PAD
    0x00004fa4   0x00004fa4   0x00000050   Code   RO          683    i.internal_alloc    mc_w.l(mallocr.o)
    0x00004ff4   0x00004ff4   0x0000006c   Code   RO          684    i.realloc           mc_w.l(mallocr.o)
    0x00005060   0x00005060   0x00000018   Data   RO          157    .constdata          eventrecorder.o
    0x00005078   0x00005078   0x00000431   Data   RO           85    .conststring        main.o
    0x000054a9   0x000054a9   0x00000003   PAD
    0x000054ac   0x000054ac   0x00000020   Data   RO          757    Region$$Table       anon$$obj.o


    Execution Region RW_IRAM1 (Exec base: 0x20000000, Load base: 0x000054cc, Size: 0x000042a0, Max: 0x00020000, ABSOLUTE)

    Exec Addr    Load Addr    Size         Type   Attr      Idx    E Section Name        Object

    0x20000000   0x000054cc   0x00000010   Data   RW           86    .data               main.o
    0x20000010   0x000054dc   0x00000004   Data   RW          207    .data               system_armcm3.o
    0x20000014   0x000054e0   0x00000001   Data   RW          235    .data               freertos_evr.o
    0x20000015   0x000054e1   0x00000003   PAD
    0x20000018   0x000054e4   0x00000018   Data   RW          297    .data               heap_4.o
    0x20000030   0x000054fc   0x00000018   Data   RW          324    .data               port.o
    0x20000048   0x00005514   0x0000003c   Data   RW          381    .data               tasks.o
    0x20000084   0x00005550   0x00000004   Data   RW          406    .data               mc_w.l(rand.o)
    0x20000088   0x00005554   0x00000004   Data   RW          729    .data               mc_w.l(stdout.o)
    0x2000008c   0x00005558   0x00000004   Data   RW          734    .data               mc_w.l(mvars.o)
    0x20000090   0x0000555c   0x00000004   Data   RW          735    .data               mc_w.l(mvars.o)
    0x20000094        -       0x00000018   Zero   RW           84    .bss                main.o
    0x200000ac        -       0x00003000   Zero   RW          296    .bss                heap_4.o
    0x200030ac        -       0x000001f4   Zero   RW          380    .bss                tasks.o
    0x200032a0        -       0x00000c00   Zero   RW          197    HEAP                startup_armcm3.o
    0x20003ea0        -       0x00000400   Zero   RW          196    STACK               startup_armcm3.o


    Execution Region RW_IRAM2 (Exec base: 0x20020000, Load base: 0x00005560, Size: 0x000004a4, Max: 0x00002000, ABSOLUTE, UNINIT)

    Exec Addr    Load Addr    Size         Type   Attr      Idx    E Section Name        Object

    0x20020000        -       0x000004a4   Zero   RW          156    .bss.noinit         eventrecorder.o


==============================================================================

Image component sizes


      Code (inc. data)   RO Data    RW Data    ZI Data      Debug   Object Name

        84         12          0          0          0      17731   basic_io.o
      1368         40         24          0       1188      15654   eventrecorder.o
      1228         30          0          1          0      17996   freertos_evr.o
       480         10          0         24      12288       6716   heap_4.o
       138          0          0          0          0       3710   list.o
      2056        802       1073         16         24       9668   main.o
       898         32          0         24          0       9434   port.o
      3432         10          0          0          0      31626   queue.o
        36          8        192          0       4096        852   startup_armcm3.o
        40         18          0          4          0        917   system_armcm3.o
      5852        116          0         60        500      34490   tasks.o
       222          0          0          0          0       3418   vector.o

    ----------------------------------------------------------------------
     15840       1078       1324        132      18096     152212   Object Totals
         0          0         32          0          0          0   (incl. Generated)
         6          0          3          3          0          0   (incl. Padding)

    ----------------------------------------------------------------------

      Code (inc. data)   RO Data    RW Data    ZI Data      Debug   Library Member Name

         0          0          0          0          0          0   entry.o
         0          0          0          0          0          0   entry10a.o
         0          0          0          0          0          0   entry11a.o
         8          4          0          0          0          0   entry2.o
         4          0          0          0          0          0   entry5.o
         0          0          0          0          0          0   entry7b.o
         0          0          0          0          0          0   entry8b.o
         8          4          0          0          0          0   entry9a.o
        30          0          0          0          0          0   handlers.o
        36          8          0          0          0         68   init.o
         0          0          0          0          0          0   iusefp.o
        30          0          0          0          0         68   llshl.o
        36          0          0          0          0         68   llsshr.o
        32          0          0          0          0         68   llushr.o
       360         30          0          0          0        356   mallocr.o
        36          0          0          0          0         68   memcpya.o
        36          0          0          0          0        108   memseta.o
         0          0          0          8          0          0   mvars.o
      2258         90          0          0          0        452   printfa.o
        36         10          0          4          0        136   rand.o
         0          0          0          4          0          0   stdout.o
        14          0          0          0          0         68   strlen.o
        44          0          0          0          0         80   uidiv.o
        98          0          0          0          0         92   uldiv.o
        48          0          0          0          0         68   cdrcmple.o
        56          0          0          0          0         88   d2f.o
       334          0          0          0          0        148   dadd.o
       222          0          0          0          0        100   ddiv.o
       186          0          0          0          0        176   depilogue.o
        48          0          0          0          0         68   dfixul.o
        26          0          0          0          0         76   dfltui.o
       228          0          0          0          0         96   dmul.o
        38          0          0          0          0         68   f2d.o
       176          0          0          0          0        140   fadd.o
       110          0          0          0          0        168   fepilogue.o

    ----------------------------------------------------------------------
      4544        146          0         16          0       2828   Library Totals
         6          0          0          0          0          0   (incl. Padding)

    ----------------------------------------------------------------------

      Code (inc. data)   RO Data    RW Data    ZI Data      Debug   Library Name

      3066        146          0         16          0       1632   mc_w.l
      1472          0          0          0          0       1196   mf_w.l

    ----------------------------------------------------------------------
      4544        146          0         16          0       2828   Library Totals

    ----------------------------------------------------------------------

==============================================================================


      Code (inc. data)   RO Data    RW Data    ZI Data      Debug   

     20384       1224       1324        148      18096     152332   Grand Totals
     20384       1224       1324        148      18096     152332   ELF Image Totals
     20384       1224       1324        148          0          0   ROM Totals

==============================================================================

    Total RO  Size (Code + RO Data)                21708 (  21.20kB)
    Total RW  Size (RW Data + ZI Data)             18244 (  17.82kB)
    Total ROM Size (Code + RO Data + RW Data)      21856 (  21.34kB)

==============================================================================

