Component: ARM Compiler 5.06 update 6 (build 750) Tool: armlink [4d35ed]

==============================================================================

Section Cross References

    queue.o(.text) refers to heap_1.o(.text) for pvPortMalloc
    queue.o(.text) refers to list.o(.text) for vListInitialise
    queue.o(.text) refers to port.o(.text) for vPortEnterCritical
    queue.o(.text) refers to tasks.o(.text) for xTaskRemoveFromEventList
    queue.o(.text) refers to memcpya.o(.text) for __aeabi_memcpy
    queue.o(.text) refers to port.o(.emb_text) for vPortSetInterruptMask
    tasks.o(.text) refers to list.o(.text) for vListInitialise
    tasks.o(.text) refers to strncpy.o(.text) for strncpy
    tasks.o(.text) refers to heap_1.o(.text) for pvPortMalloc
    tasks.o(.text) refers to memseta.o(.text) for __aeabi_memset
    tasks.o(.text) refers to port.o(.text) for pxPortInitialiseStack
    tasks.o(.text) refers to tasks.o(.bss) for pxReadyTasksLists
    tasks.o(.text) refers to tasks.o(.data) for pxDelayedTaskList
    tasks.o(.text) refers to main.o(.text) for vApplicationIdleHook
    tasks.o(.text) refers to port.o(.emb_text) for vPortSetInterruptMask
    heap_1.o(.text) refers to tasks.o(.text) for vTaskSuspendAll
    heap_1.o(.text) refers to heap_1.o(.data) for xNextFreeByte
    heap_1.o(.text) refers to heap_1.o(.bss) for xHeap
    port.o(.emb_text) refers to tasks.o(.text) for vTaskSwitchContext
    port.o(.emb_text) refers to tasks.o(.data) for pxCurrentTCB
    port.o(.text) refers to port.o(.emb_text) for vPortStartFirstTask
    port.o(.text) refers to tasks.o(.text) for vTaskIncrementTick
    port.o(.text) refers to port.o(.data) for uxCriticalNesting
    main.o(.text) refers to rand.o(.text) for rand
    main.o(.text) refers to ffltui.o(.text) for __aeabi_ui2f
    main.o(.text) refers to fdiv.o(.text) for __aeabi_fdiv
    main.o(.text) refers to fadd.o(.text) for __aeabi_fadd
    main.o(.text) refers to f2d.o(.text) for __aeabi_f2d
    main.o(.text) refers to cdcmple.o(.text) for __aeabi_cdcmple
    main.o(.text) refers to queue.o(.text) for xQueueGenericReceive
    main.o(.text) refers to basic_io.o(.text) for vPrintStringAndNumber
    main.o(.text) refers to tasks.o(.text) for vTaskDelay
    main.o(.text) refers to main.o(.data) for mutex
    main.o(.text) refers to main.o(.bss) for tasks
    basic_io.o(.text) refers to tasks.o(.text) for vTaskSuspendAll
    basic_io.o(.text) refers to printf3.o(i.__0printf$3) for __2printf
    startup_mps_cm3.o(RESET) refers to startup_mps_cm3.o(STACK) for __initial_sp
    startup_mps_cm3.o(RESET) refers to startup_mps_cm3.o(.text) for Reset_Handler
    startup_mps_cm3.o(RESET) refers to port.o(.emb_text) for vPortSVCHandler
    startup_mps_cm3.o(RESET) refers to port.o(.text) for xPortSysTickHandler
    startup_mps_cm3.o(.text) refers to entry.o(.ARM.Collect$$$$00000000) for __main
    entry.o(.ARM.Collect$$$$00000000) refers (Special) to entry10a.o(.ARM.Collect$$$$0000000D) for __rt_final_cpp
    entry.o(.ARM.Collect$$$$00000000) refers (Special) to entry11a.o(.ARM.Collect$$$$0000000F) for __rt_final_exit
    entry.o(.ARM.Collect$$$$00000000) refers (Special) to entry7b.o(.ARM.Collect$$$$00000008) for _main_clock
    entry.o(.ARM.Collect$$$$00000000) refers (Special) to entry8b.o(.ARM.Collect$$$$0000000A) for _main_cpp_init
    entry.o(.ARM.Collect$$$$00000000) refers (Special) to entry9a.o(.ARM.Collect$$$$0000000B) for _main_init
    entry.o(.ARM.Collect$$$$00000000) refers (Special) to entry5.o(.ARM.Collect$$$$00000004) for _main_scatterload
    entry.o(.ARM.Collect$$$$00000000) refers (Special) to entry2.o(.ARM.Collect$$$$00000001) for _main_stk
    rand.o(.text) refers to rand.o(.data) for .data
    printfb.o(i.__0fprintf$bare) refers to printfb.o(i._printf_core) for _printf_core
    printfb.o(i.__0fprintf$bare) refers to basic_io.o(.text) for fputc
    printfb.o(i.__0printf$bare) refers to printfb.o(i._printf_core) for _printf_core
    printfb.o(i.__0printf$bare) refers to basic_io.o(.text) for fputc
    printfb.o(i.__0printf$bare) refers to stdout.o(.data) for __stdout
    printfb.o(i.__0snprintf$bare) refers to printfb.o(i._printf_core) for _printf_core
    printfb.o(i.__0snprintf$bare) refers to printfb.o(i._snputc) for _snputc
    printfb.o(i.__0sprintf$bare) refers to printfb.o(i._printf_core) for _printf_core
    printfb.o(i.__0sprintf$bare) refers to printfb.o(i._sputc) for _sputc
    printfb.o(i.__0vfprintf$bare) refers to printfb.o(i._printf_core) for _printf_core
    printfb.o(i.__0vfprintf$bare) refers to basic_io.o(.text) for fputc
    printfb.o(i.__0vprintf$bare) refers to printfb.o(i._printf_core) for _printf_core
    printfb.o(i.__0vprintf$bare) refers to basic_io.o(.text) for fputc
    printfb.o(i.__0vprintf$bare) refers to stdout.o(.data) for __stdout
    printfb.o(i.__0vsnprintf$bare) refers to printfb.o(i._printf_core) for _printf_core
    printfb.o(i.__0vsnprintf$bare) refers to printfb.o(i._snputc) for _snputc
    printfb.o(i.__0vsprintf$bare) refers to printfb.o(i._printf_core) for _printf_core
    printfb.o(i.__0vsprintf$bare) refers to printfb.o(i._sputc) for _sputc
    printf0.o(i.__0fprintf$0) refers to printf0.o(i._printf_core) for _printf_core
    printf0.o(i.__0fprintf$0) refers to basic_io.o(.text) for fputc
    printf0.o(i.__0printf$0) refers to printf0.o(i._printf_core) for _printf_core
    printf0.o(i.__0printf$0) refers to basic_io.o(.text) for fputc
    printf0.o(i.__0printf$0) refers to stdout.o(.data) for __stdout
    printf0.o(i.__0snprintf$0) refers to printf0.o(i._printf_core) for _printf_core
    printf0.o(i.__0snprintf$0) refers to printf0.o(i._snputc) for _snputc
    printf0.o(i.__0sprintf$0) refers to printf0.o(i._printf_core) for _printf_core
    printf0.o(i.__0sprintf$0) refers to printf0.o(i._sputc) for _sputc
    printf0.o(i.__0vfprintf$0) refers to printf0.o(i._printf_core) for _printf_core
    printf0.o(i.__0vfprintf$0) refers to basic_io.o(.text) for fputc
    printf0.o(i.__0vprintf$0) refers to printf0.o(i._printf_core) for _printf_core
    printf0.o(i.__0vprintf$0) refers to basic_io.o(.text) for fputc
    printf0.o(i.__0vprintf$0) refers to stdout.o(.data) for __stdout
    printf0.o(i.__0vsnprintf$0) refers to printf0.o(i._printf_core) for _printf_core
    printf0.o(i.__0vsnprintf$0) refers to printf0.o(i._snputc) for _snputc
    printf0.o(i.__0vsprintf$0) refers to printf0.o(i._printf_core) for _printf_core
    printf0.o(i.__0vsprintf$0) refers to printf0.o(i._sputc) for _sputc
    printf1.o(i.__0fprintf$1) refers to printf1.o(i._printf_core) for _printf_core
    printf1.o(i.__0fprintf$1) refers to basic_io.o(.text) for fputc
    printf1.o(i.__0printf$1) refers to printf1.o(i._printf_core) for _printf_core
    printf1.o(i.__0printf$1) refers to basic_io.o(.text) for fputc
    printf1.o(i.__0printf$1) refers to stdout.o(.data) for __stdout
    printf1.o(i.__0snprintf$1) refers to printf1.o(i._printf_core) for _printf_core
    printf1.o(i.__0snprintf$1) refers to printf1.o(i._snputc) for _snputc
    printf1.o(i.__0sprintf$1) refers to printf1.o(i._printf_core) for _printf_core
    printf1.o(i.__0sprintf$1) refers to printf1.o(i._sputc) for _sputc
    printf1.o(i.__0vfprintf$1) refers to printf1.o(i._printf_core) for _printf_core
    printf1.o(i.__0vfprintf$1) refers to basic_io.o(.text) for fputc
    printf1.o(i.__0vprintf$1) refers to printf1.o(i._printf_core) for _printf_core
    printf1.o(i.__0vprintf$1) refers to basic_io.o(.text) for fputc
    printf1.o(i.__0vprintf$1) refers to stdout.o(.data) for __stdout
    printf1.o(i.__0vsnprintf$1) refers to printf1.o(i._printf_core) for _printf_core
    printf1.o(i.__0vsnprintf$1) refers to printf1.o(i._snputc) for _snputc
    printf1.o(i.__0vsprintf$1) refers to printf1.o(i._printf_core) for _printf_core
    printf1.o(i.__0vsprintf$1) refers to printf1.o(i._sputc) for _sputc
    printf1.o(i._printf_core) refers to uidiv.o(.text) for __aeabi_uidivmod
    printf2.o(i.__0fprintf$2) refers to printf2.o(i._printf_core) for _printf_core
    printf2.o(i.__0fprintf$2) refers to basic_io.o(.text) for fputc
    printf2.o(i.__0printf$2) refers to printf2.o(i._printf_core) for _printf_core
    printf2.o(i.__0printf$2) refers to basic_io.o(.text) for fputc
    printf2.o(i.__0printf$2) refers to stdout.o(.data) for __stdout
    printf2.o(i.__0snprintf$2) refers to printf2.o(i._printf_core) for _printf_core
    printf2.o(i.__0snprintf$2) refers to printf2.o(i._snputc) for _snputc
    printf2.o(i.__0sprintf$2) refers to printf2.o(i._printf_core) for _printf_core
    printf2.o(i.__0sprintf$2) refers to printf2.o(i._sputc) for _sputc
    printf2.o(i.__0vfprintf$2) refers to printf2.o(i._printf_core) for _printf_core
    printf2.o(i.__0vfprintf$2) refers to basic_io.o(.text) for fputc
    printf2.o(i.__0vprintf$2) refers to printf2.o(i._printf_core) for _printf_core
    printf2.o(i.__0vprintf$2) refers to basic_io.o(.text) for fputc
    printf2.o(i.__0vprintf$2) refers to stdout.o(.data) for __stdout
    printf2.o(i.__0vsnprintf$2) refers to printf2.o(i._printf_core) for _printf_core
    printf2.o(i.__0vsnprintf$2) refers to printf2.o(i._snputc) for _snputc
    printf2.o(i.__0vsprintf$2) refers to printf2.o(i._printf_core) for _printf_core
    printf2.o(i.__0vsprintf$2) refers to printf2.o(i._sputc) for _sputc
    printf3.o(i.__0fprintf$3) refers to printf3.o(i._printf_core) for _printf_core
    printf3.o(i.__0fprintf$3) refers to basic_io.o(.text) for fputc
    printf3.o(i.__0printf$3) refers to printf3.o(i._printf_core) for _printf_core
    printf3.o(i.__0printf$3) refers to basic_io.o(.text) for fputc
    printf3.o(i.__0printf$3) refers to stdout.o(.data) for __stdout
    printf3.o(i.__0snprintf$3) refers to printf3.o(i._printf_core) for _printf_core
    printf3.o(i.__0snprintf$3) refers to printf3.o(i._snputc) for _snputc
    printf3.o(i.__0sprintf$3) refers to printf3.o(i._printf_core) for _printf_core
    printf3.o(i.__0sprintf$3) refers to printf3.o(i._sputc) for _sputc
    printf3.o(i.__0vfprintf$3) refers to printf3.o(i._printf_core) for _printf_core
    printf3.o(i.__0vfprintf$3) refers to basic_io.o(.text) for fputc
    printf3.o(i.__0vprintf$3) refers to printf3.o(i._printf_core) for _printf_core
    printf3.o(i.__0vprintf$3) refers to basic_io.o(.text) for fputc
    printf3.o(i.__0vprintf$3) refers to stdout.o(.data) for __stdout
    printf3.o(i.__0vsnprintf$3) refers to printf3.o(i._printf_core) for _printf_core
    printf3.o(i.__0vsnprintf$3) refers to printf3.o(i._snputc) for _snputc
    printf3.o(i.__0vsprintf$3) refers to printf3.o(i._printf_core) for _printf_core
    printf3.o(i.__0vsprintf$3) refers to printf3.o(i._sputc) for _sputc
    printf3.o(i._printf_core) refers to uidiv.o(.text) for __aeabi_uidivmod
    printf4.o(i.__0fprintf$4) refers to printf4.o(i._printf_core) for _printf_core
    printf4.o(i.__0fprintf$4) refers to basic_io.o(.text) for fputc
    printf4.o(i.__0printf$4) refers to printf4.o(i._printf_core) for _printf_core
    printf4.o(i.__0printf$4) refers to basic_io.o(.text) for fputc
    printf4.o(i.__0printf$4) refers to stdout.o(.data) for __stdout
    printf4.o(i.__0snprintf$4) refers to printf4.o(i._printf_core) for _printf_core
    printf4.o(i.__0snprintf$4) refers to printf4.o(i._snputc) for _snputc
    printf4.o(i.__0sprintf$4) refers to printf4.o(i._printf_core) for _printf_core
    printf4.o(i.__0sprintf$4) refers to printf4.o(i._sputc) for _sputc
    printf4.o(i.__0vfprintf$4) refers to printf4.o(i._printf_core) for _printf_core
    printf4.o(i.__0vfprintf$4) refers to basic_io.o(.text) for fputc
    printf4.o(i.__0vprintf$4) refers to printf4.o(i._printf_core) for _printf_core
    printf4.o(i.__0vprintf$4) refers to basic_io.o(.text) for fputc
    printf4.o(i.__0vprintf$4) refers to stdout.o(.data) for __stdout
    printf4.o(i.__0vsnprintf$4) refers to printf4.o(i._printf_core) for _printf_core
    printf4.o(i.__0vsnprintf$4) refers to printf4.o(i._snputc) for _snputc
    printf4.o(i.__0vsprintf$4) refers to printf4.o(i._printf_core) for _printf_core
    printf4.o(i.__0vsprintf$4) refers to printf4.o(i._sputc) for _sputc
    printf4.o(i._printf_core) refers to uldiv.o(.text) for __aeabi_uldivmod
    printf5.o(i.__0fprintf$5) refers to printf5.o(i._printf_core) for _printf_core
    printf5.o(i.__0fprintf$5) refers to basic_io.o(.text) for fputc
    printf5.o(i.__0printf$5) refers to printf5.o(i._printf_core) for _printf_core
    printf5.o(i.__0printf$5) refers to basic_io.o(.text) for fputc
    printf5.o(i.__0printf$5) refers to stdout.o(.data) for __stdout
    printf5.o(i.__0snprintf$5) refers to printf5.o(i._printf_core) for _printf_core
    printf5.o(i.__0snprintf$5) refers to printf5.o(i._snputc) for _snputc
    printf5.o(i.__0sprintf$5) refers to printf5.o(i._printf_core) for _printf_core
    printf5.o(i.__0sprintf$5) refers to printf5.o(i._sputc) for _sputc
    printf5.o(i.__0vfprintf$5) refers to printf5.o(i._printf_core) for _printf_core
    printf5.o(i.__0vfprintf$5) refers to basic_io.o(.text) for fputc
    printf5.o(i.__0vprintf$5) refers to printf5.o(i._printf_core) for _printf_core
    printf5.o(i.__0vprintf$5) refers to basic_io.o(.text) for fputc
    printf5.o(i.__0vprintf$5) refers to stdout.o(.data) for __stdout
    printf5.o(i.__0vsnprintf$5) refers to printf5.o(i._printf_core) for _printf_core
    printf5.o(i.__0vsnprintf$5) refers to printf5.o(i._snputc) for _snputc
    printf5.o(i.__0vsprintf$5) refers to printf5.o(i._printf_core) for _printf_core
    printf5.o(i.__0vsprintf$5) refers to printf5.o(i._sputc) for _sputc
    printf5.o(i._printf_core) refers to uldiv.o(.text) for __aeabi_uldivmod
    printf6.o(i.__0fprintf$6) refers to printf6.o(i._printf_core) for _printf_core
    printf6.o(i.__0fprintf$6) refers to basic_io.o(.text) for fputc
    printf6.o(i.__0printf$6) refers to printf6.o(i._printf_core) for _printf_core
    printf6.o(i.__0printf$6) refers to basic_io.o(.text) for fputc
    printf6.o(i.__0printf$6) refers to stdout.o(.data) for __stdout
    printf6.o(i.__0snprintf$6) refers to printf6.o(i._printf_core) for _printf_core
    printf6.o(i.__0snprintf$6) refers to printf6.o(i._snputc) for _snputc
    printf6.o(i.__0sprintf$6) refers to printf6.o(i._printf_core) for _printf_core
    printf6.o(i.__0sprintf$6) refers to printf6.o(i._sputc) for _sputc
    printf6.o(i.__0vfprintf$6) refers to printf6.o(i._printf_core) for _printf_core
    printf6.o(i.__0vfprintf$6) refers to basic_io.o(.text) for fputc
    printf6.o(i.__0vprintf$6) refers to printf6.o(i._printf_core) for _printf_core
    printf6.o(i.__0vprintf$6) refers to basic_io.o(.text) for fputc
    printf6.o(i.__0vprintf$6) refers to stdout.o(.data) for __stdout
    printf6.o(i.__0vsnprintf$6) refers to printf6.o(i._printf_core) for _printf_core
    printf6.o(i.__0vsnprintf$6) refers to printf6.o(i._snputc) for _snputc
    printf6.o(i.__0vsprintf$6) refers to printf6.o(i._printf_core) for _printf_core
    printf6.o(i.__0vsprintf$6) refers to printf6.o(i._sputc) for _sputc
    printf6.o(i._printf_core) refers to printf6.o(i._printf_pre_padding) for _printf_pre_padding
    printf6.o(i._printf_core) refers to uidiv.o(.text) for __aeabi_uidivmod
    printf6.o(i._printf_core) refers to printf6.o(i._printf_post_padding) for _printf_post_padding
    printf7.o(i.__0fprintf$7) refers to printf7.o(i._printf_core) for _printf_core
    printf7.o(i.__0fprintf$7) refers to basic_io.o(.text) for fputc
    printf7.o(i.__0printf$7) refers to printf7.o(i._printf_core) for _printf_core
    printf7.o(i.__0printf$7) refers to basic_io.o(.text) for fputc
    printf7.o(i.__0printf$7) refers to stdout.o(.data) for __stdout
    printf7.o(i.__0snprintf$7) refers to printf7.o(i._printf_core) for _printf_core
    printf7.o(i.__0snprintf$7) refers to printf7.o(i._snputc) for _snputc
    printf7.o(i.__0sprintf$7) refers to printf7.o(i._printf_core) for _printf_core
    printf7.o(i.__0sprintf$7) refers to printf7.o(i._sputc) for _sputc
    printf7.o(i.__0vfprintf$7) refers to printf7.o(i._printf_core) for _printf_core
    printf7.o(i.__0vfprintf$7) refers to basic_io.o(.text) for fputc
    printf7.o(i.__0vprintf$7) refers to printf7.o(i._printf_core) for _printf_core
    printf7.o(i.__0vprintf$7) refers to basic_io.o(.text) for fputc
    printf7.o(i.__0vprintf$7) refers to stdout.o(.data) for __stdout
    printf7.o(i.__0vsnprintf$7) refers to printf7.o(i._printf_core) for _printf_core
    printf7.o(i.__0vsnprintf$7) refers to printf7.o(i._snputc) for _snputc
    printf7.o(i.__0vsprintf$7) refers to printf7.o(i._printf_core) for _printf_core
    printf7.o(i.__0vsprintf$7) refers to printf7.o(i._sputc) for _sputc
    printf7.o(i._printf_core) refers to printf7.o(i._printf_pre_padding) for _printf_pre_padding
    printf7.o(i._printf_core) refers to uldiv.o(.text) for __aeabi_uldivmod
    printf7.o(i._printf_core) refers to printf7.o(i._printf_post_padding) for _printf_post_padding
    printf8.o(i.__0fprintf$8) refers to printf8.o(i._printf_core) for _printf_core
    printf8.o(i.__0fprintf$8) refers to basic_io.o(.text) for fputc
    printf8.o(i.__0printf$8) refers to printf8.o(i._printf_core) for _printf_core
    printf8.o(i.__0printf$8) refers to basic_io.o(.text) for fputc
    printf8.o(i.__0printf$8) refers to stdout.o(.data) for __stdout
    printf8.o(i.__0snprintf$8) refers to printf8.o(i._printf_core) for _printf_core
    printf8.o(i.__0snprintf$8) refers to printf8.o(i._snputc) for _snputc
    printf8.o(i.__0sprintf$8) refers to printf8.o(i._printf_core) for _printf_core
    printf8.o(i.__0sprintf$8) refers to printf8.o(i._sputc) for _sputc
    printf8.o(i.__0vfprintf$8) refers to printf8.o(i._printf_core) for _printf_core
    printf8.o(i.__0vfprintf$8) refers to basic_io.o(.text) for fputc
    printf8.o(i.__0vprintf$8) refers to printf8.o(i._printf_core) for _printf_core
    printf8.o(i.__0vprintf$8) refers to basic_io.o(.text) for fputc
    printf8.o(i.__0vprintf$8) refers to stdout.o(.data) for __stdout
    printf8.o(i.__0vsnprintf$8) refers to printf8.o(i._printf_core) for _printf_core
    printf8.o(i.__0vsnprintf$8) refers to printf8.o(i._snputc) for _snputc
    printf8.o(i.__0vsprintf$8) refers to printf8.o(i._printf_core) for _printf_core
    printf8.o(i.__0vsprintf$8) refers to printf8.o(i._sputc) for _sputc
    printf8.o(i._printf_core) refers to printf8.o(i._printf_pre_padding) for _printf_pre_padding
    printf8.o(i._printf_core) refers to uldiv.o(.text) for __aeabi_uldivmod
    printf8.o(i._printf_core) refers to printf8.o(i._printf_post_padding) for _printf_post_padding
    printfa.o(i.__0fprintf) refers (Special) to iusefp.o(.text) for __I$use$fp
    printfa.o(i.__0fprintf) refers to printfa.o(i._printf_core) for _printf_core
    printfa.o(i.__0fprintf) refers to basic_io.o(.text) for fputc
    printfa.o(i.__0printf) refers (Special) to iusefp.o(.text) for __I$use$fp
    printfa.o(i.__0printf) refers to printfa.o(i._printf_core) for _printf_core
    printfa.o(i.__0printf) refers to basic_io.o(.text) for fputc
    printfa.o(i.__0printf) refers to stdout.o(.data) for __stdout
    printfa.o(i.__0snprintf) refers (Special) to iusefp.o(.text) for __I$use$fp
    printfa.o(i.__0snprintf) refers to printfa.o(i._printf_core) for _printf_core
    printfa.o(i.__0snprintf) refers to printfa.o(i._snputc) for _snputc
    printfa.o(i.__0sprintf) refers (Special) to iusefp.o(.text) for __I$use$fp
    printfa.o(i.__0sprintf) refers to printfa.o(i._printf_core) for _printf_core
    printfa.o(i.__0sprintf) refers to printfa.o(i._sputc) for _sputc
    printfa.o(i.__0vfprintf) refers (Special) to iusefp.o(.text) for __I$use$fp
    printfa.o(i.__0vfprintf) refers to printfa.o(i._printf_core) for _printf_core
    printfa.o(i.__0vfprintf) refers to basic_io.o(.text) for fputc
    printfa.o(i.__0vprintf) refers (Special) to iusefp.o(.text) for __I$use$fp
    printfa.o(i.__0vprintf) refers to printfa.o(i._printf_core) for _printf_core
    printfa.o(i.__0vprintf) refers to basic_io.o(.text) for fputc
    printfa.o(i.__0vprintf) refers to stdout.o(.data) for __stdout
    printfa.o(i.__0vsnprintf) refers (Special) to iusefp.o(.text) for __I$use$fp
    printfa.o(i.__0vsnprintf) refers to printfa.o(i._printf_core) for _printf_core
    printfa.o(i.__0vsnprintf) refers to printfa.o(i._snputc) for _snputc
    printfa.o(i.__0vsprintf) refers (Special) to iusefp.o(.text) for __I$use$fp
    printfa.o(i.__0vsprintf) refers to printfa.o(i._printf_core) for _printf_core
    printfa.o(i.__0vsprintf) refers to printfa.o(i._sputc) for _sputc
    printfa.o(i._fp_digits) refers (Special) to iusefp.o(.text) for __I$use$fp
    printfa.o(i._fp_digits) refers to dmul.o(.text) for __aeabi_dmul
    printfa.o(i._fp_digits) refers to ddiv.o(.text) for __aeabi_ddiv
    printfa.o(i._fp_digits) refers to cdrcmple.o(.text) for __aeabi_cdrcmple
    printfa.o(i._fp_digits) refers to dadd.o(.text) for __aeabi_dadd
    printfa.o(i._fp_digits) refers to dfixul.o(.text) for __aeabi_d2ulz
    printfa.o(i._fp_digits) refers to uldiv.o(.text) for __aeabi_uldivmod
    printfa.o(i._printf_core) refers (Special) to iusefp.o(.text) for __I$use$fp
    printfa.o(i._printf_core) refers to printfa.o(i._printf_pre_padding) for _printf_pre_padding
    printfa.o(i._printf_core) refers to uldiv.o(.text) for __aeabi_uldivmod
    printfa.o(i._printf_core) refers to printfa.o(i._printf_post_padding) for _printf_post_padding
    printfa.o(i._printf_core) refers to printfa.o(i._fp_digits) for _fp_digits
    printfa.o(i._printf_core) refers to uidiv.o(.text) for __aeabi_uidivmod
    printfa.o(i._printf_post_padding) refers (Special) to iusefp.o(.text) for __I$use$fp
    printfa.o(i._printf_pre_padding) refers (Special) to iusefp.o(.text) for __I$use$fp
    printfa.o(i._snputc) refers (Special) to iusefp.o(.text) for __I$use$fp
    printfa.o(i._sputc) refers (Special) to iusefp.o(.text) for __I$use$fp
    fadd.o(.text) refers (Special) to iusefp.o(.text) for __I$use$fp
    fadd.o(.text) refers to fepilogue.o(.text) for _float_epilogue
    fdiv.o(.text) refers (Special) to iusefp.o(.text) for __I$use$fp
    fdiv.o(.text) refers to fepilogue.o(.text) for _float_round
    ffltui.o(.text) refers (Special) to iusefp.o(.text) for __I$use$fp
    ffltui.o(.text) refers to fepilogue.o(.text) for _float_epilogue
    f2d.o(.text) refers (Special) to iusefp.o(.text) for __I$use$fp
    cdcmple.o(.text) refers (Special) to iusefp.o(.text) for __I$use$fp
    entry2.o(.ARM.Collect$$$$00000001) refers to entry2.o(.ARM.Collect$$$$00002712) for __lit__00000000
    entry2.o(.ARM.Collect$$$$00002712) refers to startup_mps_cm3.o(STACK) for __initial_sp
    entry2.o(__vectab_stack_and_reset_area) refers to startup_mps_cm3.o(STACK) for __initial_sp
    entry2.o(__vectab_stack_and_reset_area) refers to entry.o(.ARM.Collect$$$$00000000) for __main
    entry5.o(.ARM.Collect$$$$00000004) refers to init.o(.text) for __scatterload
    entry9a.o(.ARM.Collect$$$$0000000B) refers to main.o(.text) for main
    entry9b.o(.ARM.Collect$$$$0000000C) refers to main.o(.text) for main
    uldiv.o(.text) refers to llushr.o(.text) for __aeabi_llsr
    uldiv.o(.text) refers to llshl.o(.text) for __aeabi_llsl
    dadd.o(.text) refers to llshl.o(.text) for __aeabi_llsl
    dadd.o(.text) refers to llsshr.o(.text) for __aeabi_lasr
    dadd.o(.text) refers to depilogue.o(.text) for _double_epilogue
    dmul.o(.text) refers to depilogue.o(.text) for _double_epilogue
    ddiv.o(.text) refers to depilogue.o(.text) for _double_round
    dfixul.o(.text) refers to llushr.o(.text) for __aeabi_llsr
    dfixul.o(.text) refers to llshl.o(.text) for __aeabi_llsl
    init.o(.text) refers to entry5.o(.ARM.Collect$$$$00000004) for __main_after_scatterload
    depilogue.o(.text) refers to llshl.o(.text) for __aeabi_llsl
    depilogue.o(.text) refers to llushr.o(.text) for __aeabi_llsr


==============================================================================

Removing Unused input sections from the image.

    Removing startup_mps_cm3.o(HEAP), (0 bytes).
    Removing dadd.o(.text), (334 bytes).
    Removing dmul.o(.text), (228 bytes).
    Removing ddiv.o(.text), (222 bytes).
    Removing dfixul.o(.text), (48 bytes).
    Removing cdrcmple.o(.text), (48 bytes).
    Removing depilogue.o(.text), (186 bytes).

7 unused section(s) (total 1066 bytes) removed from the image.

==============================================================================

Image Symbol Table

    Local Symbols

    Symbol Name                              Value     Ov Type        Size  Object(Section)

    RESET                                    0x00000000   Section      192  startup_mps_cm3.o(RESET)
    ../clib/../cmprslib/zerorunl.c           0x00000000   Number         0  __dczerorl.o ABSOLUTE
    ../clib/microlib/division.c              0x00000000   Number         0  uldiv.o ABSOLUTE
    ../clib/microlib/division.c              0x00000000   Number         0  uidiv.o ABSOLUTE
    ../clib/microlib/init/entry.s            0x00000000   Number         0  entry11b.o ABSOLUTE
    ../clib/microlib/init/entry.s            0x00000000   Number         0  entry10b.o ABSOLUTE
    ../clib/microlib/init/entry.s            0x00000000   Number         0  entry7a.o ABSOLUTE
    ../clib/microlib/init/entry.s            0x00000000   Number         0  entry2.o ABSOLUTE
    ../clib/microlib/init/entry.s            0x00000000   Number         0  entry10a.o ABSOLUTE
    ../clib/microlib/init/entry.s            0x00000000   Number         0  entry7b.o ABSOLUTE
    ../clib/microlib/init/entry.s            0x00000000   Number         0  entry11a.o ABSOLUTE
    ../clib/microlib/init/entry.s            0x00000000   Number         0  entry9b.o ABSOLUTE
    ../clib/microlib/init/entry.s            0x00000000   Number         0  entry9a.o ABSOLUTE
    ../clib/microlib/init/entry.s            0x00000000   Number         0  entry8b.o ABSOLUTE
    ../clib/microlib/init/entry.s            0x00000000   Number         0  entry8a.o ABSOLUTE
    ../clib/microlib/init/entry.s            0x00000000   Number         0  entry5.o ABSOLUTE
    ../clib/microlib/init/entry.s            0x00000000   Number         0  entry.o ABSOLUTE
    ../clib/microlib/longlong.c              0x00000000   Number         0  llshl.o ABSOLUTE
    ../clib/microlib/longlong.c              0x00000000   Number         0  llushr.o ABSOLUTE
    ../clib/microlib/longlong.c              0x00000000   Number         0  llsshr.o ABSOLUTE
    ../clib/microlib/printf/printf.c         0x00000000   Number         0  printfa.o ABSOLUTE
    ../clib/microlib/printf/printf.c         0x00000000   Number         0  printf4.o ABSOLUTE
    ../clib/microlib/printf/printf.c         0x00000000   Number         0  printf5.o ABSOLUTE
    ../clib/microlib/printf/printf.c         0x00000000   Number         0  printf1.o ABSOLUTE
    ../clib/microlib/printf/printf.c         0x00000000   Number         0  printf3.o ABSOLUTE
    ../clib/microlib/printf/printf.c         0x00000000   Number         0  printf0.o ABSOLUTE
    ../clib/microlib/printf/printf.c         0x00000000   Number         0  printf2.o ABSOLUTE
    ../clib/microlib/printf/printf.c         0x00000000   Number         0  printfb.o ABSOLUTE
    ../clib/microlib/printf/printf.c         0x00000000   Number         0  printf8.o ABSOLUTE
    ../clib/microlib/printf/printf.c         0x00000000   Number         0  printf6.o ABSOLUTE
    ../clib/microlib/printf/printf.c         0x00000000   Number         0  printf7.o ABSOLUTE
    ../clib/microlib/printf/stubs.s          0x00000000   Number         0  stubs.o ABSOLUTE
    ../clib/microlib/stdio/streams.c         0x00000000   Number         0  stdout.o ABSOLUTE
    ../clib/microlib/stdlib/rand.c           0x00000000   Number         0  rand.o ABSOLUTE
    ../clib/microlib/string/memcpy.c         0x00000000   Number         0  memcpyb.o ABSOLUTE
    ../clib/microlib/string/memcpy.c         0x00000000   Number         0  memcpya.o ABSOLUTE
    ../clib/microlib/string/memset.c         0x00000000   Number         0  memseta.o ABSOLUTE
    ../clib/microlib/string/strncpy.c        0x00000000   Number         0  strncpy.o ABSOLUTE
    ../clib/microlib/stubs.s                 0x00000000   Number         0  iusefp.o ABSOLUTE
    ../fplib/microlib/f2d.c                  0x00000000   Number         0  f2d.o ABSOLUTE
    ../fplib/microlib/fpadd.c                0x00000000   Number         0  dadd.o ABSOLUTE
    ../fplib/microlib/fpadd.c                0x00000000   Number         0  fadd.o ABSOLUTE
    ../fplib/microlib/fpdiv.c                0x00000000   Number         0  fdiv.o ABSOLUTE
    ../fplib/microlib/fpdiv.c                0x00000000   Number         0  ddiv.o ABSOLUTE
    ../fplib/microlib/fpepilogue.c           0x00000000   Number         0  fepilogue.o ABSOLUTE
    ../fplib/microlib/fpepilogue.c           0x00000000   Number         0  depilogue.o ABSOLUTE
    ../fplib/microlib/fpfix.c                0x00000000   Number         0  dfixul.o ABSOLUTE
    ../fplib/microlib/fpflt.c                0x00000000   Number         0  ffltui.o ABSOLUTE
    ../fplib/microlib/fpmul.c                0x00000000   Number         0  dmul.o ABSOLUTE
    ..\..\FreeRTOS-Source\demo_code\basic_io.c 0x00000000   Number         0  basic_io.o ABSOLUTE
    ..\..\FreeRTOS-Source\list.c             0x00000000   Number         0  list.o ABSOLUTE
    ..\..\FreeRTOS-Source\portable\MemMang\heap_1.c 0x00000000   Number         0  heap_1.o ABSOLUTE
    ..\..\FreeRTOS-Source\portable\RVDS\ARM_CM3\port.c 0x00000000   Number         0  port.o ABSOLUTE
    ..\..\FreeRTOS-Source\queue.c            0x00000000   Number         0  queue.o ABSOLUTE
    ..\..\FreeRTOS-Source\tasks.c            0x00000000   Number         0  tasks.o ABSOLUTE
    ..\\..\\FreeRTOS-Source\\portable\\RVDS\\ARM_CM3\\port.c 0x00000000   Number         0  port.o ABSOLUTE
    cdcmple.s                                0x00000000   Number         0  cdcmple.o ABSOLUTE
    cdrcmple.s                               0x00000000   Number         0  cdrcmple.o ABSOLUTE
    dc.s                                     0x00000000   Number         0  dc.o ABSOLUTE
    handlers.s                               0x00000000   Number         0  handlers.o ABSOLUTE
    init.s                                   0x00000000   Number         0  init.o ABSOLUTE
    main.c                                   0x00000000   Number         0  main.o ABSOLUTE
    startup_MPS_CM3.s                        0x00000000   Number         0  startup_mps_cm3.o ABSOLUTE
    .ARM.Collect$$$$00000000                 0x000000c0   Section        0  entry.o(.ARM.Collect$$$$00000000)
    .ARM.Collect$$$$00000001                 0x000000c0   Section        4  entry2.o(.ARM.Collect$$$$00000001)
    .ARM.Collect$$$$00000004                 0x000000c4   Section        4  entry5.o(.ARM.Collect$$$$00000004)
    .ARM.Collect$$$$00000008                 0x000000c8   Section        0  entry7b.o(.ARM.Collect$$$$00000008)
    .ARM.Collect$$$$0000000A                 0x000000c8   Section        0  entry8b.o(.ARM.Collect$$$$0000000A)
    .ARM.Collect$$$$0000000B                 0x000000c8   Section        8  entry9a.o(.ARM.Collect$$$$0000000B)
    .ARM.Collect$$$$0000000D                 0x000000d0   Section        0  entry10a.o(.ARM.Collect$$$$0000000D)
    .ARM.Collect$$$$0000000F                 0x000000d0   Section        0  entry11a.o(.ARM.Collect$$$$0000000F)
    .ARM.Collect$$$$00002712                 0x000000d0   Section        4  entry2.o(.ARM.Collect$$$$00002712)
    __lit__00000000                          0x000000d0   Data           4  entry2.o(.ARM.Collect$$$$00002712)
    .emb_text                                0x000000d4   Section      136  port.o(.emb_text)
    .text                                    0x0000015c   Section        0  list.o(.text)
    .text                                    0x000001f0   Section        0  queue.o(.text)
    prvUnlockQueue                           0x0000025d   Thumb Code   110  queue.o(.text)
    prvIsQueueFull                           0x000002cb   Thumb Code    32  queue.o(.text)
    prvCopyDataToQueue                       0x000002eb   Thumb Code   104  queue.o(.text)
    prvIsQueueEmpty                          0x000004d5   Thumb Code    28  queue.o(.text)
    prvCopyDataFromQueue                     0x000004f1   Thumb Code    42  queue.o(.text)
    .text                                    0x000006cc   Section        0  tasks.o(.text)
    prvInitialiseTaskLists                   0x000006cd   Thumb Code    70  tasks.o(.text)
    prvInitialiseTCBVariables                0x00000713   Thumb Code    70  tasks.o(.text)
    prvAllocateTCBAndStack                   0x00000759   Thumb Code    58  tasks.o(.text)
    prvDeleteTCB                             0x00000d39   Thumb Code    18  tasks.o(.text)
    prvCheckTasksWaitingTermination          0x00000d4b   Thumb Code    94  tasks.o(.text)
    prvIdleTask                              0x00000da9   Thumb Code    12  tasks.o(.text)
    .text                                    0x00001070   Section        0  heap_1.o(.text)
    .text                                    0x000010dc   Section        0  port.o(.text)
    prvSetupTimerInterrupt                   0x000010f7   Thumb Code    16  port.o(.text)
    .text                                    0x0000118c   Section        0  main.o(.text)
    initializeRandomVariables                0x0000118f   Thumb Code    86  main.o(.text)
    checkSchedulablity                       0x000011e5   Thumb Code    92  main.o(.text)
    initializeDataStructure                  0x00001241   Thumb Code     2  main.o(.text)
    vTask                                    0x00001243   Thumb Code    72  main.o(.text)
    createTasks                              0x0000128b   Thumb Code    62  main.o(.text)
    sortList                                 0x000012c9   Thumb Code     2  main.o(.text)
    sortArr                                  0x000012ed   Thumb Code    66  main.o(.text)
    sortTasks                                0x0000132f   Thumb Code    16  main.o(.text)
    .text                                    0x0000141c   Section        0  basic_io.o(.text)
    .text                                    0x00001474   Section       28  startup_mps_cm3.o(.text)
    .text                                    0x00001490   Section        0  rand.o(.text)
    .text                                    0x000014b4   Section        0  memcpya.o(.text)
    .text                                    0x000014d8   Section        0  memseta.o(.text)
    .text                                    0x000014fc   Section        0  strncpy.o(.text)
    .text                                    0x00001514   Section        0  fadd.o(.text)
    .text                                    0x000015c4   Section        0  fdiv.o(.text)
    .text                                    0x00001640   Section        0  ffltui.o(.text)
    .text                                    0x0000164a   Section        0  f2d.o(.text)
    .text                                    0x00001670   Section       48  cdcmple.o(.text)
    .text                                    0x000016a0   Section        0  uidiv.o(.text)
    .text                                    0x000016cc   Section        0  fepilogue.o(.text)
    .text                                    0x000016cc   Section        0  iusefp.o(.text)
    .text                                    0x0000173c   Section       36  init.o(.text)
    .text                                    0x00001760   Section        0  __dczerorl.o(.text)
    i.__0printf$3                            0x0000179c   Section        0  printf3.o(i.__0printf$3)
    i.__scatterload_copy                     0x000017bc   Section       14  handlers.o(i.__scatterload_copy)
    i.__scatterload_null                     0x000017ca   Section        2  handlers.o(i.__scatterload_null)
    i.__scatterload_zeroinit                 0x000017cc   Section       14  handlers.o(i.__scatterload_zeroinit)
    i._printf_core                           0x000017dc   Section        0  printf3.o(i._printf_core)
    _printf_core                             0x000017dd   Thumb Code   436  printf3.o(i._printf_core)
    .data                                    0x20000000   Section       56  tasks.o(.data)
    pxDelayedTaskList                        0x20000004   Data           4  tasks.o(.data)
    pxOverflowDelayedTaskList                0x20000008   Data           4  tasks.o(.data)
    uxTasksDeleted                           0x2000000c   Data           4  tasks.o(.data)
    uxCurrentNumberOfTasks                   0x20000010   Data           4  tasks.o(.data)
    xTickCount                               0x20000014   Data           4  tasks.o(.data)
    uxTopUsedPriority                        0x20000018   Data           4  tasks.o(.data)
    uxTopReadyPriority                       0x2000001c   Data           4  tasks.o(.data)
    xSchedulerRunning                        0x20000020   Data           4  tasks.o(.data)
    uxSchedulerSuspended                     0x20000024   Data           4  tasks.o(.data)
    uxMissedTicks                            0x20000028   Data           4  tasks.o(.data)
    xMissedYield                             0x2000002c   Data           4  tasks.o(.data)
    xNumOfOverflows                          0x20000030   Data           4  tasks.o(.data)
    uxTaskNumber                             0x20000034   Data           4  tasks.o(.data)
    .data                                    0x20000038   Section        4  heap_1.o(.data)
    xNextFreeByte                            0x20000038   Data           4  heap_1.o(.data)
    .data                                    0x2000003c   Section        4  port.o(.data)
    uxCriticalNesting                        0x2000003c   Data           4  port.o(.data)
    .data                                    0x20000040   Section      408  main.o(.data)
    .data                                    0x200001d8   Section        4  rand.o(.data)
    _rand_state                              0x200001d8   Data           4  rand.o(.data)
    .data                                    0x200001dc   Section        4  stdout.o(.data)
    .bss                                     0x200001e0   Section      200  tasks.o(.bss)
    pxReadyTasksLists                        0x200001e0   Data         100  tasks.o(.bss)
    xDelayedTaskList1                        0x20000244   Data          20  tasks.o(.bss)
    xDelayedTaskList2                        0x20000258   Data          20  tasks.o(.bss)
    xPendingReadyList                        0x2000026c   Data          20  tasks.o(.bss)
    xTasksWaitingTermination                 0x20000280   Data          20  tasks.o(.bss)
    xSuspendedTaskList                       0x20000294   Data          20  tasks.o(.bss)
    .bss                                     0x200002a8   Section     4096  heap_1.o(.bss)
    xHeap                                    0x200002a8   Data        4096  heap_1.o(.bss)
    .bss                                     0x200012a8   Section      800  main.o(.bss)
    STACK                                    0x200015c8   Section      512  startup_mps_cm3.o(STACK)

    Global Symbols

    Symbol Name                              Value     Ov Type        Size  Object(Section)

    BuildAttributes$$THM_ISAv4$P$D$K$B$S$PE$A:L22UL41UL21$X:L11$S22US41US21$IEEE1$IW$USESV6$~STKCKD$USESV7$~SHL$OTIME$ROPI$EBA8$MICROLIB$REQ8$PRES8$EABIv2 0x00000000   Number         0  anon$$obj.o ABSOLUTE
    __ARM_use_no_argv                        0x00000000   Number         0  main.o ABSOLUTE
    __Vectors                                0x00000000   Data           4  startup_mps_cm3.o(RESET)
    _printf_a                                0x00000000   Number         0  stubs.o ABSOLUTE
    _printf_c                                0x00000000   Number         0  stubs.o ABSOLUTE
    _printf_charcount                        0x00000000   Number         0  stubs.o ABSOLUTE
    _printf_d                                0x00000000   Number         0  stubs.o ABSOLUTE
    _printf_e                                0x00000000   Number         0  stubs.o ABSOLUTE
    _printf_f                                0x00000000   Number         0  stubs.o ABSOLUTE
    _printf_flags                            0x00000000   Number         0  stubs.o ABSOLUTE
    _printf_fp_dec                           0x00000000   Number         0  stubs.o ABSOLUTE
    _printf_fp_hex                           0x00000000   Number         0  stubs.o ABSOLUTE
    _printf_g                                0x00000000   Number         0  stubs.o ABSOLUTE
    _printf_i                                0x00000000   Number         0  stubs.o ABSOLUTE
    _printf_int_dec                          0x00000000   Number         0  stubs.o ABSOLUTE
    _printf_l                                0x00000000   Number         0  stubs.o ABSOLUTE
    _printf_lc                               0x00000000   Number         0  stubs.o ABSOLUTE
    _printf_ll                               0x00000000   Number         0  stubs.o ABSOLUTE
    _printf_lld                              0x00000000   Number         0  stubs.o ABSOLUTE
    _printf_lli                              0x00000000   Number         0  stubs.o ABSOLUTE
    _printf_llo                              0x00000000   Number         0  stubs.o ABSOLUTE
    _printf_llu                              0x00000000   Number         0  stubs.o ABSOLUTE
    _printf_llx                              0x00000000   Number         0  stubs.o ABSOLUTE
    _printf_longlong_dec                     0x00000000   Number         0  stubs.o ABSOLUTE
    _printf_longlong_hex                     0x00000000   Number         0  stubs.o ABSOLUTE
    _printf_longlong_oct                     0x00000000   Number         0  stubs.o ABSOLUTE
    _printf_ls                               0x00000000   Number         0  stubs.o ABSOLUTE
    _printf_mbtowc                           0x00000000   Number         0  stubs.o ABSOLUTE
    _printf_n                                0x00000000   Number         0  stubs.o ABSOLUTE
    _printf_o                                0x00000000   Number         0  stubs.o ABSOLUTE
    _printf_p                                0x00000000   Number         0  stubs.o ABSOLUTE
    _printf_percent                          0x00000000   Number         0  stubs.o ABSOLUTE
    _printf_pre_padding                      0x00000000   Number         0  stubs.o ABSOLUTE
    _printf_return_value                     0x00000000   Number         0  stubs.o ABSOLUTE
    _printf_s                                0x00000000   Number         0  stubs.o ABSOLUTE
    _printf_sizespec                         0x00000000   Number         0  stubs.o ABSOLUTE
    _printf_str                              0x00000000   Number         0  stubs.o ABSOLUTE
    _printf_truncate_signed                  0x00000000   Number         0  stubs.o ABSOLUTE
    _printf_truncate_unsigned                0x00000000   Number         0  stubs.o ABSOLUTE
    _printf_u                                0x00000000   Number         0  stubs.o ABSOLUTE
    _printf_wc                               0x00000000   Number         0  stubs.o ABSOLUTE
    _printf_wctomb                           0x00000000   Number         0  stubs.o ABSOLUTE
    _printf_widthprec                        0x00000000   Number         0  stubs.o ABSOLUTE
    _printf_x                                0x00000000   Number         0  stubs.o ABSOLUTE
    __cpp_initialize__aeabi_                  - Undefined Weak Reference
    __cxa_finalize                            - Undefined Weak Reference
    _clock_init                               - Undefined Weak Reference
    _microlib_exit                            - Undefined Weak Reference
    __main                                   0x000000c1   Thumb Code     0  entry.o(.ARM.Collect$$$$00000000)
    _main_stk                                0x000000c1   Thumb Code     0  entry2.o(.ARM.Collect$$$$00000001)
    _main_scatterload                        0x000000c5   Thumb Code     0  entry5.o(.ARM.Collect$$$$00000004)
    __main_after_scatterload                 0x000000c9   Thumb Code     0  entry5.o(.ARM.Collect$$$$00000004)
    _main_clock                              0x000000c9   Thumb Code     0  entry7b.o(.ARM.Collect$$$$00000008)
    _main_cpp_init                           0x000000c9   Thumb Code     0  entry8b.o(.ARM.Collect$$$$0000000A)
    _main_init                               0x000000c9   Thumb Code     0  entry9a.o(.ARM.Collect$$$$0000000B)
    __rt_final_cpp                           0x000000d1   Thumb Code     0  entry10a.o(.ARM.Collect$$$$0000000D)
    __rt_final_exit                          0x000000d1   Thumb Code     0  entry11a.o(.ARM.Collect$$$$0000000F)
    vPortSVCHandler                          0x000000d5   Thumb Code    28  port.o(.emb_text)
    vPortStartFirstTask                      0x000000f5   Thumb Code    12  port.o(.emb_text)
    xPortPendSVHandler                       0x00000105   Thumb Code    56  port.o(.emb_text)
    vPortSetInterruptMask                    0x00000141   Thumb Code    14  port.o(.emb_text)
    vPortClearInterruptMask                  0x0000014f   Thumb Code    14  port.o(.emb_text)
    vListInitialise                          0x0000015d   Thumb Code    26  list.o(.text)
    vListInitialiseItem                      0x00000177   Thumb Code     6  list.o(.text)
    vListInsertEnd                           0x0000017d   Thumb Code    28  list.o(.text)
    vListInsert                              0x00000199   Thumb Code    52  list.o(.text)
    vListRemove                              0x000001cd   Thumb Code    36  list.o(.text)
    xQueueCreate                             0x000001f1   Thumb Code   108  queue.o(.text)
    xQueueGenericSend                        0x00000353   Thumb Code   206  queue.o(.text)
    xQueueCreateMutex                        0x00000421   Thumb Code    70  queue.o(.text)
    xQueueCreateCountingSemaphore            0x00000467   Thumb Code    24  queue.o(.text)
    xQueueGenericSendFromISR                 0x0000047f   Thumb Code    86  queue.o(.text)
    xQueueGenericReceive                     0x0000051b   Thumb Code   272  queue.o(.text)
    xQueueReceiveFromISR                     0x0000062b   Thumb Code    84  queue.o(.text)
    uxQueueMessagesWaiting                   0x0000067f   Thumb Code    18  queue.o(.text)
    uxQueueMessagesWaitingFromISR            0x00000691   Thumb Code     6  queue.o(.text)
    vQueueDelete                             0x00000697   Thumb Code    18  queue.o(.text)
    xQueueIsQueueEmptyFromISR                0x000006a9   Thumb Code    16  queue.o(.text)
    xQueueIsQueueFullFromISR                 0x000006b9   Thumb Code    20  queue.o(.text)
    xTaskGenericCreate                       0x00000793   Thumb Code   240  tasks.o(.text)
    vTaskDelete                              0x00000883   Thumb Code    94  tasks.o(.text)
    vTaskIncrementTick                       0x000008e1   Thumb Code   160  tasks.o(.text)
    xTaskResumeAll                           0x00000981   Thumb Code   186  tasks.o(.text)
    vTaskSuspendAll                          0x00000a3b   Thumb Code    12  tasks.o(.text)
    vTaskDelayUntil                          0x00000a47   Thumb Code   228  tasks.o(.text)
    vTaskDelay                               0x00000b2b   Thumb Code    86  tasks.o(.text)
    vTaskSwitchContext                       0x00000b81   Thumb Code    92  tasks.o(.text)
    vTaskSuspend                             0x00000bdd   Thumb Code    96  tasks.o(.text)
    xTaskIsTaskSuspended                     0x00000c3d   Thumb Code    60  tasks.o(.text)
    vTaskResume                              0x00000c79   Thumb Code    92  tasks.o(.text)
    xTaskResumeFromISR                       0x00000cd5   Thumb Code   100  tasks.o(.text)
    vTaskStartScheduler                      0x00000db5   Thumb Code    52  tasks.o(.text)
    vTaskEndScheduler                        0x00000de9   Thumb Code    18  tasks.o(.text)
    xTaskGetTickCount                        0x00000dfb   Thumb Code    18  tasks.o(.text)
    xTaskGetTickCountFromISR                 0x00000e0d   Thumb Code     6  tasks.o(.text)
    uxTaskGetNumberOfTasks                   0x00000e13   Thumb Code     6  tasks.o(.text)
    vTaskPlaceOnEventList                    0x00000e19   Thumb Code    98  tasks.o(.text)
    xTaskRemoveFromEventList                 0x00000e7b   Thumb Code   106  tasks.o(.text)
    vTaskSetTimeOutState                     0x00000ee5   Thumb Code    88  tasks.o(.text)
    xTaskCheckForTimeOut                     0x00000f3d   Thumb Code    92  tasks.o(.text)
    vTaskMissedYield                         0x00000f99   Thumb Code     8  tasks.o(.text)
    xTaskGetCurrentTaskHandle                0x00000fa1   Thumb Code     6  tasks.o(.text)
    vTaskPriorityInherit                     0x00000fa7   Thumb Code   108  tasks.o(.text)
    vTaskPriorityDisinherit                  0x00001013   Thumb Code    70  tasks.o(.text)
    pvPortMalloc                             0x00001071   Thumb Code    78  heap_1.o(.text)
    vPortFree                                0x000010bf   Thumb Code     2  heap_1.o(.text)
    vPortInitialiseBlocks                    0x000010c1   Thumb Code     8  heap_1.o(.text)
    xPortGetFreeHeapSize                     0x000010c9   Thumb Code    10  heap_1.o(.text)
    pxPortInitialiseStack                    0x000010dd   Thumb Code    26  port.o(.text)
    xPortStartScheduler                      0x00001107   Thumb Code    42  port.o(.text)
    vPortEndScheduler                        0x00001131   Thumb Code     2  port.o(.text)
    vPortYieldFromISR                        0x00001133   Thumb Code    12  port.o(.text)
    vPortEnterCritical                       0x0000113f   Thumb Code    18  port.o(.text)
    vPortExitCritical                        0x00001151   Thumb Code    24  port.o(.text)
    xPortSysTickHandler                      0x00001169   Thumb Code    28  port.o(.text)
    vApplicationIdleHook                     0x0000118d   Thumb Code     2  main.o(.text)
    swap                                     0x000012cb   Thumb Code    34  main.o(.text)
    main                                     0x0000133f   Thumb Code   110  main.o(.text)
    vPrintString                             0x0000141d   Thumb Code    20  basic_io.o(.text)
    vPrintStringAndNumber                    0x00001431   Thumb Code    26  basic_io.o(.text)
    fputc                                    0x0000144b   Thumb Code    30  basic_io.o(.text)
    Reset_Handler                            0x00001475   Thumb Code     4  startup_mps_cm3.o(.text)
    NMI_Handler                              0x00001479   Thumb Code     2  startup_mps_cm3.o(.text)
    HardFault_Handler                        0x0000147b   Thumb Code     2  startup_mps_cm3.o(.text)
    MemManage_Handler                        0x0000147d   Thumb Code     2  startup_mps_cm3.o(.text)
    BusFault_Handler                         0x0000147f   Thumb Code     2  startup_mps_cm3.o(.text)
    UsageFault_Handler                       0x00001481   Thumb Code     2  startup_mps_cm3.o(.text)
    SVC_Handler                              0x00001483   Thumb Code     2  startup_mps_cm3.o(.text)
    DebugMon_Handler                         0x00001485   Thumb Code     2  startup_mps_cm3.o(.text)
    PendSV_Handler                           0x00001487   Thumb Code     2  startup_mps_cm3.o(.text)
    SysTick_Handler                          0x00001489   Thumb Code     2  startup_mps_cm3.o(.text)
    AACI_IRQHandler                          0x0000148b   Thumb Code     0  startup_mps_cm3.o(.text)
    CAN_IRQHandler                           0x0000148b   Thumb Code     0  startup_mps_cm3.o(.text)
    CHLCD_IRQHandler                         0x0000148b   Thumb Code     0  startup_mps_cm3.o(.text)
    CLCD_IRQHandler                          0x0000148b   Thumb Code     0  startup_mps_cm3.o(.text)
    CPU_CLCD_IRQHandler                      0x0000148b   Thumb Code     0  startup_mps_cm3.o(.text)
    ENET_IRQHandler                          0x0000148b   Thumb Code     0  startup_mps_cm3.o(.text)
    FLEXRAY_IRQHandler                       0x0000148b   Thumb Code     0  startup_mps_cm3.o(.text)
    I2C_IRQHandler                           0x0000148b   Thumb Code     0  startup_mps_cm3.o(.text)
    LIN_IRQHandler                           0x0000148b   Thumb Code     0  startup_mps_cm3.o(.text)
    MCIA_IRQHandler                          0x0000148b   Thumb Code     0  startup_mps_cm3.o(.text)
    MCIB_IRQHandler                          0x0000148b   Thumb Code     0  startup_mps_cm3.o(.text)
    RTC_IRQHandler                           0x0000148b   Thumb Code     0  startup_mps_cm3.o(.text)
    SPI_IRQHandler                           0x0000148b   Thumb Code     0  startup_mps_cm3.o(.text)
    TIM0_IRQHandler                          0x0000148b   Thumb Code     0  startup_mps_cm3.o(.text)
    TIM2_IRQHandler                          0x0000148b   Thumb Code     0  startup_mps_cm3.o(.text)
    UART0_IRQHandler                         0x0000148b   Thumb Code     0  startup_mps_cm3.o(.text)
    UART1_IRQHandler                         0x0000148b   Thumb Code     0  startup_mps_cm3.o(.text)
    UART2_IRQHandler                         0x0000148b   Thumb Code     0  startup_mps_cm3.o(.text)
    UART3_IRQHandler                         0x0000148b   Thumb Code     0  startup_mps_cm3.o(.text)
    UART4_IRQHandler                         0x0000148b   Thumb Code     0  startup_mps_cm3.o(.text)
    USBDC_IRQHandler                         0x0000148b   Thumb Code     0  startup_mps_cm3.o(.text)
    USBHC_IRQHandler                         0x0000148b   Thumb Code     0  startup_mps_cm3.o(.text)
    WDT_IRQHandler                           0x0000148b   Thumb Code     0  startup_mps_cm3.o(.text)
    rand                                     0x00001491   Thumb Code    20  rand.o(.text)
    srand                                    0x000014a5   Thumb Code     6  rand.o(.text)
    __aeabi_memcpy                           0x000014b5   Thumb Code    36  memcpya.o(.text)
    __aeabi_memcpy4                          0x000014b5   Thumb Code     0  memcpya.o(.text)
    __aeabi_memcpy8                          0x000014b5   Thumb Code     0  memcpya.o(.text)
    __aeabi_memset                           0x000014d9   Thumb Code    14  memseta.o(.text)
    __aeabi_memset4                          0x000014d9   Thumb Code     0  memseta.o(.text)
    __aeabi_memset8                          0x000014d9   Thumb Code     0  memseta.o(.text)
    __aeabi_memclr                           0x000014e7   Thumb Code     4  memseta.o(.text)
    __aeabi_memclr4                          0x000014e7   Thumb Code     0  memseta.o(.text)
    __aeabi_memclr8                          0x000014e7   Thumb Code     0  memseta.o(.text)
    _memset$wrapper                          0x000014eb   Thumb Code    18  memseta.o(.text)
    strncpy                                  0x000014fd   Thumb Code    24  strncpy.o(.text)
    __aeabi_fadd                             0x00001515   Thumb Code   164  fadd.o(.text)
    __aeabi_fsub                             0x000015b9   Thumb Code     6  fadd.o(.text)
    __aeabi_frsub                            0x000015bf   Thumb Code     6  fadd.o(.text)
    __aeabi_fdiv                             0x000015c5   Thumb Code   124  fdiv.o(.text)
    __aeabi_ui2f                             0x00001641   Thumb Code    10  ffltui.o(.text)
    __aeabi_f2d                              0x0000164b   Thumb Code    38  f2d.o(.text)
    __aeabi_cdcmpeq                          0x00001671   Thumb Code     0  cdcmple.o(.text)
    __aeabi_cdcmple                          0x00001671   Thumb Code    48  cdcmple.o(.text)
    __aeabi_uidiv                            0x000016a1   Thumb Code     0  uidiv.o(.text)
    __aeabi_uidivmod                         0x000016a1   Thumb Code    44  uidiv.o(.text)
    __I$use$fp                               0x000016cd   Thumb Code     0  iusefp.o(.text)
    _float_round                             0x000016cd   Thumb Code    18  fepilogue.o(.text)
    _float_epilogue                          0x000016df   Thumb Code    92  fepilogue.o(.text)
    __scatterload                            0x0000173d   Thumb Code    28  init.o(.text)
    __scatterload_rt2                        0x0000173d   Thumb Code     0  init.o(.text)
    __decompress                             0x00001761   Thumb Code     0  __dczerorl.o(.text)
    __decompress0                            0x00001761   Thumb Code    58  __dczerorl.o(.text)
    __0printf$3                              0x0000179d   Thumb Code    22  printf3.o(i.__0printf$3)
    __1printf$3                              0x0000179d   Thumb Code     0  printf3.o(i.__0printf$3)
    __2printf                                0x0000179d   Thumb Code     0  printf3.o(i.__0printf$3)
    __scatterload_copy                       0x000017bd   Thumb Code    14  handlers.o(i.__scatterload_copy)
    __scatterload_null                       0x000017cb   Thumb Code     2  handlers.o(i.__scatterload_null)
    __scatterload_zeroinit                   0x000017cd   Thumb Code    14  handlers.o(i.__scatterload_zeroinit)
    Region$$Table$$Base                      0x00001994   Number         0  anon$$obj.o(Region$$Table)
    Region$$Table$$Limit                     0x000019b4   Number         0  anon$$obj.o(Region$$Table)
    pxCurrentTCB                             0x20000000   Data           4  tasks.o(.data)
    mutex                                    0x20000040   Data           4  main.o(.data)
    task_handle                              0x20000044   Data           4  main.o(.data)
    task_sent                                0x20000048   Data         400  main.o(.data)
    __stdout                                 0x200001dc   Data           4  stdout.o(.data)
    tasks                                    0x200012a8   Data         800  main.o(.bss)
    __initial_sp                             0x200017c8   Data           0  startup_mps_cm3.o(STACK)



==============================================================================

Memory Map of the image

  Image Entry point : 0x000000c1

  Load Region LR_IROM1 (Base: 0x00000000, Size: 0x00001b94, Max: 0x00040000, ABSOLUTE, COMPRESSED[0x000019c8])

    Execution Region ER_IROM1 (Exec base: 0x00000000, Load base: 0x00000000, Size: 0x000019b4, Max: 0x00040000, ABSOLUTE)

    Exec Addr    Load Addr    Size         Type   Attr      Idx    E Section Name        Object

    0x00000000   0x00000000   0x000000c0   Data   RO          187    RESET               startup_mps_cm3.o
    0x000000c0   0x000000c0   0x00000000   Code   RO          192  * .ARM.Collect$$$$00000000  mc_w.l(entry.o)
    0x000000c0   0x000000c0   0x00000004   Code   RO          477    .ARM.Collect$$$$00000001  mc_w.l(entry2.o)
    0x000000c4   0x000000c4   0x00000004   Code   RO          480    .ARM.Collect$$$$00000004  mc_w.l(entry5.o)
    0x000000c8   0x000000c8   0x00000000   Code   RO          482    .ARM.Collect$$$$00000008  mc_w.l(entry7b.o)
    0x000000c8   0x000000c8   0x00000000   Code   RO          484    .ARM.Collect$$$$0000000A  mc_w.l(entry8b.o)
    0x000000c8   0x000000c8   0x00000008   Code   RO          485    .ARM.Collect$$$$0000000B  mc_w.l(entry9a.o)
    0x000000d0   0x000000d0   0x00000000   Code   RO          487    .ARM.Collect$$$$0000000D  mc_w.l(entry10a.o)
    0x000000d0   0x000000d0   0x00000000   Code   RO          489    .ARM.Collect$$$$0000000F  mc_w.l(entry11a.o)
    0x000000d0   0x000000d0   0x00000004   Code   RO          478    .ARM.Collect$$$$00002712  mc_w.l(entry2.o)
    0x000000d4   0x000000d4   0x00000088   Code   RO          110    .emb_text           port.o
    0x0000015c   0x0000015c   0x00000094   Code   RO            1    .text               list.o
    0x000001f0   0x000001f0   0x000004dc   Code   RO           42    .text               queue.o
    0x000006cc   0x000006cc   0x000009a4   Code   RO           63    .text               tasks.o
    0x00001070   0x00001070   0x0000006c   Code   RO           95    .text               heap_1.o
    0x000010dc   0x000010dc   0x000000b0   Code   RO          111    .text               port.o
    0x0000118c   0x0000118c   0x00000290   Code   RO          132    .text               main.o
    0x0000141c   0x0000141c   0x00000058   Code   RO          170    .text               basic_io.o
    0x00001474   0x00001474   0x0000001c   Code   RO          188    .text               startup_mps_cm3.o
    0x00001490   0x00001490   0x00000024   Code   RO          195    .text               mc_w.l(rand.o)
    0x000014b4   0x000014b4   0x00000024   Code   RO          198    .text               mc_w.l(memcpya.o)
    0x000014d8   0x000014d8   0x00000024   Code   RO          200    .text               mc_w.l(memseta.o)
    0x000014fc   0x000014fc   0x00000018   Code   RO          202    .text               mc_w.l(strncpy.o)
    0x00001514   0x00001514   0x000000b0   Code   RO          467    .text               mf_w.l(fadd.o)
    0x000015c4   0x000015c4   0x0000007c   Code   RO          469    .text               mf_w.l(fdiv.o)
    0x00001640   0x00001640   0x0000000a   Code   RO          471    .text               mf_w.l(ffltui.o)
    0x0000164a   0x0000164a   0x00000026   Code   RO          473    .text               mf_w.l(f2d.o)
    0x00001670   0x00001670   0x00000030   Code   RO          475    .text               mf_w.l(cdcmple.o)
    0x000016a0   0x000016a0   0x0000002c   Code   RO          492    .text               mc_w.l(uidiv.o)
    0x000016cc   0x000016cc   0x00000000   Code   RO          496    .text               mc_w.l(iusefp.o)
    0x000016cc   0x000016cc   0x0000006e   Code   RO          497    .text               mf_w.l(fepilogue.o)
    0x0000173a   0x0000173a   0x00000002   PAD
    0x0000173c   0x0000173c   0x00000024   Code   RO          509    .text               mc_w.l(init.o)
    0x00001760   0x00001760   0x0000003a   Code   RO          527    .text               mc_w.l(__dczerorl.o)
    0x0000179a   0x0000179a   0x00000002   PAD
    0x0000179c   0x0000179c   0x00000020   Code   RO          295    i.__0printf$3       mc_w.l(printf3.o)
    0x000017bc   0x000017bc   0x0000000e   Code   RO          521    i.__scatterload_copy  mc_w.l(handlers.o)
    0x000017ca   0x000017ca   0x00000002   Code   RO          522    i.__scatterload_null  mc_w.l(handlers.o)
    0x000017cc   0x000017cc   0x0000000e   Code   RO          523    i.__scatterload_zeroinit  mc_w.l(handlers.o)
    0x000017da   0x000017da   0x00000002   PAD
    0x000017dc   0x000017dc   0x000001b8   Code   RO          302    i._printf_core      mc_w.l(printf3.o)
    0x00001994   0x00001994   0x00000020   Data   RO          519    Region$$Table       anon$$obj.o


    Execution Region RW_IRAM1 (Exec base: 0x20000000, Load base: 0x000019b4, Size: 0x000017c8, Max: 0x00010000, ABSOLUTE, COMPRESSED[0x00000014])

    Exec Addr    Load Addr    Size         Type   Attr      Idx    E Section Name        Object

    0x20000000   COMPRESSED   0x00000038   Data   RW           65    .data               tasks.o
    0x20000038   COMPRESSED   0x00000004   Data   RW           97    .data               heap_1.o
    0x2000003c   COMPRESSED   0x00000004   Data   RW          112    .data               port.o
    0x20000040   COMPRESSED   0x00000198   Data   RW          134    .data               main.o
    0x200001d8   COMPRESSED   0x00000004   Data   RW          196    .data               mc_w.l(rand.o)
    0x200001dc   COMPRESSED   0x00000004   Data   RW          491    .data               mc_w.l(stdout.o)
    0x200001e0        -       0x000000c8   Zero   RW           64    .bss                tasks.o
    0x200002a8        -       0x00001000   Zero   RW           96    .bss                heap_1.o
    0x200012a8        -       0x00000320   Zero   RW          133    .bss                main.o
    0x200015c8        -       0x00000200   Zero   RW          185    STACK               startup_mps_cm3.o


==============================================================================

Image component sizes


      Code (inc. data)   RO Data    RW Data    ZI Data      Debug   Object Name

        88         12          0          0          0       1079   basic_io.o
       108         10          0          4       4096       2112   heap_1.o
       148          0          0          0          0       8513   list.o
       656        112          0        408        800       8205   main.o
       312         20          0          4          0       2809   port.o
      1244          0          0          0          0       9365   queue.o
        28          4        192          0        512        824   startup_mps_cm3.o
      2468        180          0         56        200      13014   tasks.o

    ----------------------------------------------------------------------
      5052        338        224        472       5608      45921   Object Totals
         0          0         32          0          0          0   (incl. Generated)
         0          0          0          0          0          0   (incl. Padding)

    ----------------------------------------------------------------------

      Code (inc. data)   RO Data    RW Data    ZI Data      Debug   Library Member Name

        58          0          0          0          0          0   __dczerorl.o
         0          0          0          0          0          0   entry.o
         0          0          0          0          0          0   entry10a.o
         0          0          0          0          0          0   entry11a.o
         8          4          0          0          0          0   entry2.o
         4          0          0          0          0          0   entry5.o
         0          0          0          0          0          0   entry7b.o
         0          0          0          0          0          0   entry8b.o
         8          4          0          0          0          0   entry9a.o
        30          0          0          0          0          0   handlers.o
        36          8          0          0          0         68   init.o
         0          0          0          0          0          0   iusefp.o
        36          0          0          0          0         68   memcpya.o
        36          0          0          0          0        108   memseta.o
       472         14          0          0          0        184   printf3.o
        36         10          0          4          0        136   rand.o
         0          0          0          4          0          0   stdout.o
        24          0          0          0          0         76   strncpy.o
        44          0          0          0          0         80   uidiv.o
        48          0          0          0          0         68   cdcmple.o
        38          0          0          0          0         68   f2d.o
       176          0          0          0          0        140   fadd.o
       124          0          0          0          0         88   fdiv.o
       110          0          0          0          0        168   fepilogue.o
        10          0          0          0          0         68   ffltui.o

    ----------------------------------------------------------------------
      1304         40          0          8          0       1320   Library Totals
         6          0          0          0          0          0   (incl. Padding)

    ----------------------------------------------------------------------

      Code (inc. data)   RO Data    RW Data    ZI Data      Debug   Library Name

       792         40          0          8          0        720   mc_w.l
       506          0          0          0          0        600   mf_w.l

    ----------------------------------------------------------------------
      1304         40          0          8          0       1320   Library Totals

    ----------------------------------------------------------------------

==============================================================================


      Code (inc. data)   RO Data    RW Data    ZI Data      Debug   

      6356        378        224        480       5608      46121   Grand Totals
      6356        378        224         20       5608      46121   ELF Image Totals (compressed)
      6356        378        224         20          0          0   ROM Totals

==============================================================================

    Total RO  Size (Code + RO Data)                 6580 (   6.43kB)
    Total RW  Size (RW Data + ZI Data)              6088 (   5.95kB)
    Total ROM Size (Code + RO Data + RW Data)       6600 (   6.45kB)

==============================================================================

