<html>
<body>
<pre>
<h1>µVision Build Log</h1>
<h2>Tool Versions:</h2>
IDE-Version: µVision V5.29.0.0
Copyright (C) 2019 ARM Ltd and ARM Germany GmbH. All rights reserved.
License Information: medhat alhaddad, Ainshams uni, LIC=----
 
Tool Versions:
Toolchain:       MDK-Lite  Version: 5.29.0.0
Toolchain Path:  F:\medhat\COLLAGE\1-AinShams Uni Eng. Collage\7-MEDHAT SPRING 2020\3-embedded\4-labs\keil\ARM\ARMCC\Bin
C Compiler:      Armcc.exe V5.06 update 6 (build 750)
Assembler:       Armasm.exe V5.06 update 6 (build 750)
Linker/Locator:  ArmLink.exe V5.06 update 6 (build 750)
Library Manager: ArmAr.exe V5.06 update 6 (build 750)
Hex Converter:   FromElf.exe V5.06 update 6 (build 750)
CPU DLL:         SARMCM3.DLL V5.29.0.0
Dialog DLL:      DLM.DLL V1.26.0.0
Target DLL:      UL2CM3.DLL V1.163.0.0
Dialog DLL:      TLM.DLL V1.24.0.0
 
<h2>Project:</h2>
F:\medhat\COLLAGE\1-AinShams Uni Eng. Collage\7-MEDHAT SPRING 2020\3-embedded\2-lectures\source-code-for-Cortex-M3-examples-using-the Keil-MDK-Simulator\Examples\Example016\project2.uvproj
Project File Date:  05/18/2020

<h2>Output:</h2>
*** Using Compiler 'V5.06 update 6 (build 750)', folder: 'F:\medhat\COLLAGE\1-AinShams Uni Eng. Collage\7-MEDHAT SPRING 2020\3-embedded\4-labs\keil\ARM\ARMCC\Bin'
Rebuild target 'Source'
compiling queue.c...
compiling heap_1.c...
assembling startup_MPS_CM3.s...
compiling vector.c...
compiling basic_io.c...
compiling list.c...
compiling main.c...
main.c(203): warning:  #167-D: argument of type "unsigned int" is incompatible with parameter of type "void *"
  				xTaskCreate( vTaskCreate, "Task", 120, newTask.index, newTask.priority , newTask.xTaskHandler);
main.c: 1 warning, 0 errors
compiling tasks.c...
compiling port.c...
linking...
Program Size: Code=11088 RO-data=1192 RW-data=100 ZI-data=7908  
".\Output\project2.axf" - 0 Error(s), 1 Warning(s).
Build Time Elapsed:  00:00:00
</pre>
</body>
</html>
