<!doctype html public "-//w3c//dtd html 4.0 transitional//en">
<html><head>
<title>Static Call Graph - [.\Output\project2.axf]</title></head>
<body><HR>
<H1>Static Call Graph for image .\Output\project2.axf</H1><HR>
<BR><P>#&#060CALLGRAPH&#062# ARM Linker, 5060750: Last Updated: Mon May 18 01:20:13 2020
<BR><P>
<H3>Maximum Stack Usage =        296 bytes + Unknown(Cycles, Untraceable Function Pointers)</H3><H3>
Call chain for Maximum Stack Depth:</H3>
SchedulerGatekeeperTask &rArr; xTaskGenericCreate &rArr; prvAllocateTCBAndStack &rArr; pvPortMalloc &rArr; xTaskResumeAll &rArr; vTaskIncrementTick &rArr; vApplicationTickHook &rArr;  xQueueGenericSend (Cycle)
<P>
<H3>
Mutually Recursive functions
</H3> <LI><a href="#[1]">NMI_Handler</a>&nbsp;&nbsp;&nbsp;&rArr;&nbsp;&nbsp;&nbsp;<a href="#[1]">NMI_Handler</a><BR>
 <LI><a href="#[2]">HardFault_Handler</a>&nbsp;&nbsp;&nbsp;&rArr;&nbsp;&nbsp;&nbsp;<a href="#[2]">HardFault_Handler</a><BR>
 <LI><a href="#[3]">MemManage_Handler</a>&nbsp;&nbsp;&nbsp;&rArr;&nbsp;&nbsp;&nbsp;<a href="#[3]">MemManage_Handler</a><BR>
 <LI><a href="#[4]">BusFault_Handler</a>&nbsp;&nbsp;&nbsp;&rArr;&nbsp;&nbsp;&nbsp;<a href="#[4]">BusFault_Handler</a><BR>
 <LI><a href="#[5]">UsageFault_Handler</a>&nbsp;&nbsp;&nbsp;&rArr;&nbsp;&nbsp;&nbsp;<a href="#[5]">UsageFault_Handler</a><BR>
 <LI><a href="#[7]">DebugMon_Handler</a>&nbsp;&nbsp;&nbsp;&rArr;&nbsp;&nbsp;&nbsp;<a href="#[7]">DebugMon_Handler</a><BR>
 <LI><a href="#[14]">AACI_IRQHandler</a>&nbsp;&nbsp;&nbsp;&rArr;&nbsp;&nbsp;&nbsp;<a href="#[14]">AACI_IRQHandler</a><BR>
 <LI><a href="#[85]">vApplicationTickHook</a>&nbsp;&nbsp;&nbsp;&rArr;&nbsp;&nbsp;&nbsp;<a href="#[60]">xQueueGenericSend</a><BR>
 <LI><a href="#[29]">SVC_Handler</a>&nbsp;&nbsp;&nbsp;&rArr;&nbsp;&nbsp;&nbsp;<a href="#[29]">SVC_Handler</a><BR>
 <LI><a href="#[2a]">PendSV_Handler</a>&nbsp;&nbsp;&nbsp;&rArr;&nbsp;&nbsp;&nbsp;<a href="#[2a]">PendSV_Handler</a><BR>
 <LI><a href="#[2b]">SysTick_Handler</a>&nbsp;&nbsp;&nbsp;&rArr;&nbsp;&nbsp;&nbsp;<a href="#[2b]">SysTick_Handler</a><BR>
</UL>
<P>
<H3>
Function Pointers
</H3><UL>
 <LI><a href="#[14]">AACI_IRQHandler</a> from startup_mps_cm3.o(.text) referenced from startup_mps_cm3.o(RESET)
 <LI><a href="#[4]">BusFault_Handler</a> from startup_mps_cm3.o(.text) referenced from startup_mps_cm3.o(RESET)
 <LI><a href="#[1b]">CAN_IRQHandler</a> from startup_mps_cm3.o(.text) referenced from startup_mps_cm3.o(RESET)
 <LI><a href="#[19]">CHLCD_IRQHandler</a> from startup_mps_cm3.o(.text) referenced from startup_mps_cm3.o(RESET)
 <LI><a href="#[15]">CLCD_IRQHandler</a> from startup_mps_cm3.o(.text) referenced from startup_mps_cm3.o(RESET)
 <LI><a href="#[1e]">CPU_CLCD_IRQHandler</a> from startup_mps_cm3.o(.text) referenced from startup_mps_cm3.o(RESET)
 <LI><a href="#[7]">DebugMon_Handler</a> from startup_mps_cm3.o(.text) referenced from startup_mps_cm3.o(RESET)
 <LI><a href="#[16]">ENET_IRQHandler</a> from startup_mps_cm3.o(.text) referenced from startup_mps_cm3.o(RESET)
 <LI><a href="#[1a]">FLEXRAY_IRQHandler</a> from startup_mps_cm3.o(.text) referenced from startup_mps_cm3.o(RESET)
 <LI><a href="#[2]">HardFault_Handler</a> from startup_mps_cm3.o(.text) referenced from startup_mps_cm3.o(RESET)
 <LI><a href="#[1d]">I2C_IRQHandler</a> from startup_mps_cm3.o(.text) referenced from startup_mps_cm3.o(RESET)
 <LI><a href="#[1c]">LIN_IRQHandler</a> from startup_mps_cm3.o(.text) referenced from startup_mps_cm3.o(RESET)
 <LI><a href="#[e]">MCIA_IRQHandler</a> from startup_mps_cm3.o(.text) referenced from startup_mps_cm3.o(RESET)
 <LI><a href="#[f]">MCIB_IRQHandler</a> from startup_mps_cm3.o(.text) referenced from startup_mps_cm3.o(RESET)
 <LI><a href="#[3]">MemManage_Handler</a> from startup_mps_cm3.o(.text) referenced from startup_mps_cm3.o(RESET)
 <LI><a href="#[1]">NMI_Handler</a> from startup_mps_cm3.o(.text) referenced from startup_mps_cm3.o(RESET)
 <LI><a href="#[b]">RTC_IRQHandler</a> from startup_mps_cm3.o(.text) referenced from startup_mps_cm3.o(RESET)
 <LI><a href="#[28]">Reset_Handler</a> from startup_mps_cm3.o(.text) referenced from startup_mps_cm3.o(RESET)
 <LI><a href="#[20]">SPI_IRQHandler</a> from startup_mps_cm3.o(.text) referenced from startup_mps_cm3.o(RESET)
 <LI><a href="#[26]">SchedulerGatekeeperTask</a> from main.o(i.SchedulerGatekeeperTask) referenced from main.o(i.main)
 <LI><a href="#[c]">TIM0_IRQHandler</a> from startup_mps_cm3.o(.text) referenced from startup_mps_cm3.o(RESET)
 <LI><a href="#[d]">TIM2_IRQHandler</a> from startup_mps_cm3.o(.text) referenced from startup_mps_cm3.o(RESET)
 <LI><a href="#[10]">UART0_IRQHandler</a> from startup_mps_cm3.o(.text) referenced from startup_mps_cm3.o(RESET)
 <LI><a href="#[11]">UART1_IRQHandler</a> from startup_mps_cm3.o(.text) referenced from startup_mps_cm3.o(RESET)
 <LI><a href="#[12]">UART2_IRQHandler</a> from startup_mps_cm3.o(.text) referenced from startup_mps_cm3.o(RESET)
 <LI><a href="#[1f]">UART3_IRQHandler</a> from startup_mps_cm3.o(.text) referenced from startup_mps_cm3.o(RESET)
 <LI><a href="#[13]">UART4_IRQHandler</a> from startup_mps_cm3.o(.text) referenced from startup_mps_cm3.o(RESET)
 <LI><a href="#[17]">USBDC_IRQHandler</a> from startup_mps_cm3.o(.text) referenced from startup_mps_cm3.o(RESET)
 <LI><a href="#[18]">USBHC_IRQHandler</a> from startup_mps_cm3.o(.text) referenced from startup_mps_cm3.o(RESET)
 <LI><a href="#[5]">UsageFault_Handler</a> from startup_mps_cm3.o(.text) referenced from startup_mps_cm3.o(RESET)
 <LI><a href="#[a]">WDT_IRQHandler</a> from startup_mps_cm3.o(.text) referenced from startup_mps_cm3.o(RESET)
 <LI><a href="#[22]">__main</a> from entry.o(.ARM.Collect$$$$00000000) referenced from startup_mps_cm3.o(.text)
 <LI><a href="#[25]">dynamic_task_admittance</a> from main.o(i.dynamic_task_admittance) referenced from main.o(i.main)
 <LI><a href="#[24]">fputc</a> from basic_io.o(i.fputc) referenced from printfa.o(i.__0printf)
 <LI><a href="#[21]">main</a> from main.o(i.main) referenced from entry9a.o(.ARM.Collect$$$$0000000B)
 <LI><a href="#[27]">prvIdleTask</a> from tasks.o(i.prvIdleTask) referenced from tasks.o(i.vTaskStartScheduler)
 <LI><a href="#[6]">vPortSVCHandler</a> from port.o(.emb_text) referenced from startup_mps_cm3.o(RESET)
 <LI><a href="#[23]">vTaskCreate</a> from main.o(i.vTaskCreate) referenced from main.o(i.SchedulerGatekeeperTask)
 <LI><a href="#[8]">xPortPendSVHandler</a> from port.o(.emb_text) referenced from startup_mps_cm3.o(RESET)
 <LI><a href="#[9]">xPortSysTickHandler</a> from port.o(i.xPortSysTickHandler) referenced from startup_mps_cm3.o(RESET)
</UL>
<P>
<H3>
Global Symbols
</H3>
<P><STRONG><a name="[22]"></a>__main</STRONG> (Thumb, 0 bytes, Stack size unknown bytes, entry.o(.ARM.Collect$$$$00000000))
<BR>[Address Reference Count : 1]<UL><LI> startup_mps_cm3.o(.text)
</UL>
<P><STRONG><a name="[96]"></a>_main_stk</STRONG> (Thumb, 0 bytes, Stack size unknown bytes, entry2.o(.ARM.Collect$$$$00000001))

<P><STRONG><a name="[2c]"></a>_main_scatterload</STRONG> (Thumb, 0 bytes, Stack size unknown bytes, entry5.o(.ARM.Collect$$$$00000004))
<BR><BR>[Calls]<UL><LI><a href="#[2d]">&gt;&gt;</a>&nbsp;&nbsp;&nbsp;__scatterload
</UL>

<P><STRONG><a name="[45]"></a>__main_after_scatterload</STRONG> (Thumb, 0 bytes, Stack size unknown bytes, entry5.o(.ARM.Collect$$$$00000004))
<BR><BR>[Called By]<UL><LI><a href="#[2d]">&gt;&gt;</a>&nbsp;&nbsp;&nbsp;__scatterload
</UL>

<P><STRONG><a name="[97]"></a>_main_clock</STRONG> (Thumb, 0 bytes, Stack size unknown bytes, entry7b.o(.ARM.Collect$$$$00000008))

<P><STRONG><a name="[98]"></a>_main_cpp_init</STRONG> (Thumb, 0 bytes, Stack size unknown bytes, entry8b.o(.ARM.Collect$$$$0000000A))

<P><STRONG><a name="[99]"></a>_main_init</STRONG> (Thumb, 0 bytes, Stack size unknown bytes, entry9a.o(.ARM.Collect$$$$0000000B))

<P><STRONG><a name="[9a]"></a>__rt_final_cpp</STRONG> (Thumb, 0 bytes, Stack size unknown bytes, entry10a.o(.ARM.Collect$$$$0000000D))

<P><STRONG><a name="[9b]"></a>__rt_final_exit</STRONG> (Thumb, 0 bytes, Stack size unknown bytes, entry11a.o(.ARM.Collect$$$$0000000F))

<P><STRONG><a name="[6]"></a>vPortSVCHandler</STRONG> (Thumb, 28 bytes, Stack size 0 bytes, port.o(.emb_text))
<BR>[Address Reference Count : 1]<UL><LI> startup_mps_cm3.o(RESET)
</UL>
<P><STRONG><a name="[91]"></a>vPortStartFirstTask</STRONG> (Thumb, 12 bytes, Stack size 0 bytes, port.o(.emb_text))
<BR><BR>[Called By]<UL><LI><a href="#[8e]">&gt;&gt;</a>&nbsp;&nbsp;&nbsp;xPortStartScheduler
</UL>

<P><STRONG><a name="[8]"></a>xPortPendSVHandler</STRONG> (Thumb, 56 bytes, Stack size 0 bytes, port.o(.emb_text))
<BR><BR>[Calls]<UL><LI><a href="#[2e]">&gt;&gt;</a>&nbsp;&nbsp;&nbsp;vTaskSwitchContext
</UL>
<BR>[Address Reference Count : 1]<UL><LI> startup_mps_cm3.o(RESET)
</UL>
<P><STRONG><a name="[87]"></a>vPortSetInterruptMask</STRONG> (Thumb, 14 bytes, Stack size 0 bytes, port.o(.emb_text))
<BR><BR>[Called By]<UL><LI><a href="#[9]">&gt;&gt;</a>&nbsp;&nbsp;&nbsp;xPortSysTickHandler
<LI><a href="#[69]">&gt;&gt;</a>&nbsp;&nbsp;&nbsp;vTaskStartScheduler
<LI><a href="#[6e]">&gt;&gt;</a>&nbsp;&nbsp;&nbsp;vPortEnterCritical
<LI><a href="#[86]">&gt;&gt;</a>&nbsp;&nbsp;&nbsp;xQueueGenericSendFromISR
</UL>

<P><STRONG><a name="[88]"></a>vPortClearInterruptMask</STRONG> (Thumb, 14 bytes, Stack size 0 bytes, port.o(.emb_text))
<BR><BR>[Called By]<UL><LI><a href="#[9]">&gt;&gt;</a>&nbsp;&nbsp;&nbsp;xPortSysTickHandler
<LI><a href="#[70]">&gt;&gt;</a>&nbsp;&nbsp;&nbsp;vPortExitCritical
<LI><a href="#[86]">&gt;&gt;</a>&nbsp;&nbsp;&nbsp;xQueueGenericSendFromISR
</UL>

<P><STRONG><a name="[28]"></a>Reset_Handler</STRONG> (Thumb, 4 bytes, Stack size 0 bytes, startup_mps_cm3.o(.text))

<P><STRONG><a name="[1]"></a>NMI_Handler</STRONG> (Thumb, 2 bytes, Stack size 0 bytes, startup_mps_cm3.o(.text))
<BR><BR>[Calls]<UL><LI><a href="#[1]">&gt;&gt;</a>&nbsp;&nbsp;&nbsp;NMI_Handler
</UL>
<BR>[Called By]<UL><LI><a href="#[1]">&gt;&gt;</a>&nbsp;&nbsp;&nbsp;NMI_Handler
</UL>
<BR>[Address Reference Count : 1]<UL><LI> startup_mps_cm3.o(RESET)
</UL>
<P><STRONG><a name="[2]"></a>HardFault_Handler</STRONG> (Thumb, 2 bytes, Stack size 0 bytes, startup_mps_cm3.o(.text))
<BR><BR>[Calls]<UL><LI><a href="#[2]">&gt;&gt;</a>&nbsp;&nbsp;&nbsp;HardFault_Handler
</UL>
<BR>[Called By]<UL><LI><a href="#[2]">&gt;&gt;</a>&nbsp;&nbsp;&nbsp;HardFault_Handler
</UL>
<BR>[Address Reference Count : 1]<UL><LI> startup_mps_cm3.o(RESET)
</UL>
<P><STRONG><a name="[3]"></a>MemManage_Handler</STRONG> (Thumb, 2 bytes, Stack size 0 bytes, startup_mps_cm3.o(.text))
<BR><BR>[Calls]<UL><LI><a href="#[3]">&gt;&gt;</a>&nbsp;&nbsp;&nbsp;MemManage_Handler
</UL>
<BR>[Called By]<UL><LI><a href="#[3]">&gt;&gt;</a>&nbsp;&nbsp;&nbsp;MemManage_Handler
</UL>
<BR>[Address Reference Count : 1]<UL><LI> startup_mps_cm3.o(RESET)
</UL>
<P><STRONG><a name="[4]"></a>BusFault_Handler</STRONG> (Thumb, 2 bytes, Stack size 0 bytes, startup_mps_cm3.o(.text))
<BR><BR>[Calls]<UL><LI><a href="#[4]">&gt;&gt;</a>&nbsp;&nbsp;&nbsp;BusFault_Handler
</UL>
<BR>[Called By]<UL><LI><a href="#[4]">&gt;&gt;</a>&nbsp;&nbsp;&nbsp;BusFault_Handler
</UL>
<BR>[Address Reference Count : 1]<UL><LI> startup_mps_cm3.o(RESET)
</UL>
<P><STRONG><a name="[5]"></a>UsageFault_Handler</STRONG> (Thumb, 2 bytes, Stack size 0 bytes, startup_mps_cm3.o(.text))
<BR><BR>[Calls]<UL><LI><a href="#[5]">&gt;&gt;</a>&nbsp;&nbsp;&nbsp;UsageFault_Handler
</UL>
<BR>[Called By]<UL><LI><a href="#[5]">&gt;&gt;</a>&nbsp;&nbsp;&nbsp;UsageFault_Handler
</UL>
<BR>[Address Reference Count : 1]<UL><LI> startup_mps_cm3.o(RESET)
</UL>
<P><STRONG><a name="[29]"></a>SVC_Handler</STRONG> (Thumb, 2 bytes, Stack size 0 bytes, startup_mps_cm3.o(.text), UNUSED, KEPT)
<BR><BR>[Calls]<UL><LI><a href="#[29]">&gt;&gt;</a>&nbsp;&nbsp;&nbsp;SVC_Handler
</UL>
<BR>[Called By]<UL><LI><a href="#[29]">&gt;&gt;</a>&nbsp;&nbsp;&nbsp;SVC_Handler
</UL>

<P><STRONG><a name="[7]"></a>DebugMon_Handler</STRONG> (Thumb, 2 bytes, Stack size 0 bytes, startup_mps_cm3.o(.text))
<BR><BR>[Calls]<UL><LI><a href="#[7]">&gt;&gt;</a>&nbsp;&nbsp;&nbsp;DebugMon_Handler
</UL>
<BR>[Called By]<UL><LI><a href="#[7]">&gt;&gt;</a>&nbsp;&nbsp;&nbsp;DebugMon_Handler
</UL>
<BR>[Address Reference Count : 1]<UL><LI> startup_mps_cm3.o(RESET)
</UL>
<P><STRONG><a name="[2a]"></a>PendSV_Handler</STRONG> (Thumb, 2 bytes, Stack size 0 bytes, startup_mps_cm3.o(.text), UNUSED, KEPT)
<BR><BR>[Calls]<UL><LI><a href="#[2a]">&gt;&gt;</a>&nbsp;&nbsp;&nbsp;PendSV_Handler
</UL>
<BR>[Called By]<UL><LI><a href="#[2a]">&gt;&gt;</a>&nbsp;&nbsp;&nbsp;PendSV_Handler
</UL>

<P><STRONG><a name="[2b]"></a>SysTick_Handler</STRONG> (Thumb, 2 bytes, Stack size 0 bytes, startup_mps_cm3.o(.text), UNUSED, KEPT)
<BR><BR>[Calls]<UL><LI><a href="#[2b]">&gt;&gt;</a>&nbsp;&nbsp;&nbsp;SysTick_Handler
</UL>
<BR>[Called By]<UL><LI><a href="#[2b]">&gt;&gt;</a>&nbsp;&nbsp;&nbsp;SysTick_Handler
</UL>

<P><STRONG><a name="[14]"></a>AACI_IRQHandler</STRONG> (Thumb, 0 bytes, Stack size 0 bytes, startup_mps_cm3.o(.text))
<BR><BR>[Calls]<UL><LI><a href="#[14]">&gt;&gt;</a>&nbsp;&nbsp;&nbsp;AACI_IRQHandler
</UL>
<BR>[Called By]<UL><LI><a href="#[14]">&gt;&gt;</a>&nbsp;&nbsp;&nbsp;AACI_IRQHandler
</UL>
<BR>[Address Reference Count : 1]<UL><LI> startup_mps_cm3.o(RESET)
</UL>
<P><STRONG><a name="[1b]"></a>CAN_IRQHandler</STRONG> (Thumb, 0 bytes, Stack size 0 bytes, startup_mps_cm3.o(.text))
<BR>[Address Reference Count : 1]<UL><LI> startup_mps_cm3.o(RESET)
</UL>
<P><STRONG><a name="[19]"></a>CHLCD_IRQHandler</STRONG> (Thumb, 0 bytes, Stack size 0 bytes, startup_mps_cm3.o(.text))
<BR>[Address Reference Count : 1]<UL><LI> startup_mps_cm3.o(RESET)
</UL>
<P><STRONG><a name="[15]"></a>CLCD_IRQHandler</STRONG> (Thumb, 0 bytes, Stack size 0 bytes, startup_mps_cm3.o(.text))
<BR>[Address Reference Count : 1]<UL><LI> startup_mps_cm3.o(RESET)
</UL>
<P><STRONG><a name="[1e]"></a>CPU_CLCD_IRQHandler</STRONG> (Thumb, 0 bytes, Stack size 0 bytes, startup_mps_cm3.o(.text))
<BR>[Address Reference Count : 1]<UL><LI> startup_mps_cm3.o(RESET)
</UL>
<P><STRONG><a name="[16]"></a>ENET_IRQHandler</STRONG> (Thumb, 0 bytes, Stack size 0 bytes, startup_mps_cm3.o(.text))
<BR>[Address Reference Count : 1]<UL><LI> startup_mps_cm3.o(RESET)
</UL>
<P><STRONG><a name="[1a]"></a>FLEXRAY_IRQHandler</STRONG> (Thumb, 0 bytes, Stack size 0 bytes, startup_mps_cm3.o(.text))
<BR>[Address Reference Count : 1]<UL><LI> startup_mps_cm3.o(RESET)
</UL>
<P><STRONG><a name="[1d]"></a>I2C_IRQHandler</STRONG> (Thumb, 0 bytes, Stack size 0 bytes, startup_mps_cm3.o(.text))
<BR>[Address Reference Count : 1]<UL><LI> startup_mps_cm3.o(RESET)
</UL>
<P><STRONG><a name="[1c]"></a>LIN_IRQHandler</STRONG> (Thumb, 0 bytes, Stack size 0 bytes, startup_mps_cm3.o(.text))
<BR>[Address Reference Count : 1]<UL><LI> startup_mps_cm3.o(RESET)
</UL>
<P><STRONG><a name="[e]"></a>MCIA_IRQHandler</STRONG> (Thumb, 0 bytes, Stack size 0 bytes, startup_mps_cm3.o(.text))
<BR>[Address Reference Count : 1]<UL><LI> startup_mps_cm3.o(RESET)
</UL>
<P><STRONG><a name="[f]"></a>MCIB_IRQHandler</STRONG> (Thumb, 0 bytes, Stack size 0 bytes, startup_mps_cm3.o(.text))
<BR>[Address Reference Count : 1]<UL><LI> startup_mps_cm3.o(RESET)
</UL>
<P><STRONG><a name="[b]"></a>RTC_IRQHandler</STRONG> (Thumb, 0 bytes, Stack size 0 bytes, startup_mps_cm3.o(.text))
<BR>[Address Reference Count : 1]<UL><LI> startup_mps_cm3.o(RESET)
</UL>
<P><STRONG><a name="[20]"></a>SPI_IRQHandler</STRONG> (Thumb, 0 bytes, Stack size 0 bytes, startup_mps_cm3.o(.text))
<BR>[Address Reference Count : 1]<UL><LI> startup_mps_cm3.o(RESET)
</UL>
<P><STRONG><a name="[c]"></a>TIM0_IRQHandler</STRONG> (Thumb, 0 bytes, Stack size 0 bytes, startup_mps_cm3.o(.text))
<BR>[Address Reference Count : 1]<UL><LI> startup_mps_cm3.o(RESET)
</UL>
<P><STRONG><a name="[d]"></a>TIM2_IRQHandler</STRONG> (Thumb, 0 bytes, Stack size 0 bytes, startup_mps_cm3.o(.text))
<BR>[Address Reference Count : 1]<UL><LI> startup_mps_cm3.o(RESET)
</UL>
<P><STRONG><a name="[10]"></a>UART0_IRQHandler</STRONG> (Thumb, 0 bytes, Stack size 0 bytes, startup_mps_cm3.o(.text))
<BR>[Address Reference Count : 1]<UL><LI> startup_mps_cm3.o(RESET)
</UL>
<P><STRONG><a name="[11]"></a>UART1_IRQHandler</STRONG> (Thumb, 0 bytes, Stack size 0 bytes, startup_mps_cm3.o(.text))
<BR>[Address Reference Count : 1]<UL><LI> startup_mps_cm3.o(RESET)
</UL>
<P><STRONG><a name="[12]"></a>UART2_IRQHandler</STRONG> (Thumb, 0 bytes, Stack size 0 bytes, startup_mps_cm3.o(.text))
<BR>[Address Reference Count : 1]<UL><LI> startup_mps_cm3.o(RESET)
</UL>
<P><STRONG><a name="[1f]"></a>UART3_IRQHandler</STRONG> (Thumb, 0 bytes, Stack size 0 bytes, startup_mps_cm3.o(.text))
<BR>[Address Reference Count : 1]<UL><LI> startup_mps_cm3.o(RESET)
</UL>
<P><STRONG><a name="[13]"></a>UART4_IRQHandler</STRONG> (Thumb, 0 bytes, Stack size 0 bytes, startup_mps_cm3.o(.text))
<BR>[Address Reference Count : 1]<UL><LI> startup_mps_cm3.o(RESET)
</UL>
<P><STRONG><a name="[17]"></a>USBDC_IRQHandler</STRONG> (Thumb, 0 bytes, Stack size 0 bytes, startup_mps_cm3.o(.text))
<BR>[Address Reference Count : 1]<UL><LI> startup_mps_cm3.o(RESET)
</UL>
<P><STRONG><a name="[18]"></a>USBHC_IRQHandler</STRONG> (Thumb, 0 bytes, Stack size 0 bytes, startup_mps_cm3.o(.text))
<BR>[Address Reference Count : 1]<UL><LI> startup_mps_cm3.o(RESET)
</UL>
<P><STRONG><a name="[a]"></a>WDT_IRQHandler</STRONG> (Thumb, 0 bytes, Stack size 0 bytes, startup_mps_cm3.o(.text))
<BR>[Address Reference Count : 1]<UL><LI> startup_mps_cm3.o(RESET)
</UL>
<P><STRONG><a name="[5e]"></a>rand</STRONG> (Thumb, 20 bytes, Stack size 0 bytes, rand.o(.text))
<BR><BR>[Called By]<UL><LI><a href="#[68]">&gt;&gt;</a>&nbsp;&nbsp;&nbsp;static_task_admittance
<LI><a href="#[5f]">&gt;&gt;</a>&nbsp;&nbsp;&nbsp;generate_task
<LI><a href="#[25]">&gt;&gt;</a>&nbsp;&nbsp;&nbsp;dynamic_task_admittance
</UL>

<P><STRONG><a name="[67]"></a>srand</STRONG> (Thumb, 6 bytes, Stack size 0 bytes, rand.o(.text))
<BR><BR>[Called By]<UL><LI><a href="#[21]">&gt;&gt;</a>&nbsp;&nbsp;&nbsp;main
</UL>

<P><STRONG><a name="[62]"></a>__aeabi_memcpy</STRONG> (Thumb, 36 bytes, Stack size 0 bytes, memcpya.o(.text))
<BR><BR>[Called By]<UL><LI><a href="#[73]">&gt;&gt;</a>&nbsp;&nbsp;&nbsp;prvCopyDataToQueue
<LI><a href="#[72]">&gt;&gt;</a>&nbsp;&nbsp;&nbsp;prvCopyDataFromQueue
<LI><a href="#[55]">&gt;&gt;</a>&nbsp;&nbsp;&nbsp;internal_alloc
</UL>

<P><STRONG><a name="[49]"></a>__aeabi_memcpy4</STRONG> (Thumb, 0 bytes, Stack size 0 bytes, memcpya.o(.text))
<BR><BR>[Called By]<UL><LI><a href="#[68]">&gt;&gt;</a>&nbsp;&nbsp;&nbsp;static_task_admittance
<LI><a href="#[5f]">&gt;&gt;</a>&nbsp;&nbsp;&nbsp;generate_task
<LI><a href="#[25]">&gt;&gt;</a>&nbsp;&nbsp;&nbsp;dynamic_task_admittance
<LI><a href="#[26]">&gt;&gt;</a>&nbsp;&nbsp;&nbsp;SchedulerGatekeeperTask
<LI><a href="#[85]">&gt;&gt;</a>&nbsp;&nbsp;&nbsp;vApplicationTickHook
</UL>

<P><STRONG><a name="[9c]"></a>__aeabi_memcpy8</STRONG> (Thumb, 0 bytes, Stack size 0 bytes, memcpya.o(.text), UNUSED)

<P><STRONG><a name="[30]"></a>__aeabi_memset</STRONG> (Thumb, 14 bytes, Stack size 0 bytes, memseta.o(.text))
<BR><BR>[Called By]<UL><LI><a href="#[31]">&gt;&gt;</a>&nbsp;&nbsp;&nbsp;_memset$wrapper
<LI><a href="#[2f]">&gt;&gt;</a>&nbsp;&nbsp;&nbsp;__aeabi_memclr
<LI><a href="#[6a]">&gt;&gt;</a>&nbsp;&nbsp;&nbsp;prvAllocateTCBAndStack
</UL>

<P><STRONG><a name="[9d]"></a>__aeabi_memset4</STRONG> (Thumb, 0 bytes, Stack size 0 bytes, memseta.o(.text), UNUSED)

<P><STRONG><a name="[9e]"></a>__aeabi_memset8</STRONG> (Thumb, 0 bytes, Stack size 0 bytes, memseta.o(.text), UNUSED)

<P><STRONG><a name="[2f]"></a>__aeabi_memclr</STRONG> (Thumb, 4 bytes, Stack size 0 bytes, memseta.o(.text), UNUSED)
<BR><BR>[Calls]<UL><LI><a href="#[30]">&gt;&gt;</a>&nbsp;&nbsp;&nbsp;__aeabi_memset
</UL>

<P><STRONG><a name="[9f]"></a>__aeabi_memclr4</STRONG> (Thumb, 0 bytes, Stack size 0 bytes, memseta.o(.text), UNUSED)

<P><STRONG><a name="[a0]"></a>__aeabi_memclr8</STRONG> (Thumb, 0 bytes, Stack size 0 bytes, memseta.o(.text), UNUSED)

<P><STRONG><a name="[31]"></a>_memset$wrapper</STRONG> (Thumb, 18 bytes, Stack size 8 bytes, memseta.o(.text), UNUSED)
<BR><BR>[Calls]<UL><LI><a href="#[30]">&gt;&gt;</a>&nbsp;&nbsp;&nbsp;__aeabi_memset
</UL>

<P><STRONG><a name="[78]"></a>strncpy</STRONG> (Thumb, 24 bytes, Stack size 8 bytes, strncpy.o(.text))
<BR><BR>[Stack]<UL><LI>Max Depth = 8<LI>Call Chain = strncpy
</UL>
<BR>[Called By]<UL><LI><a href="#[77]">&gt;&gt;</a>&nbsp;&nbsp;&nbsp;prvInitialiseTCBVariables
</UL>

<P><STRONG><a name="[32]"></a>__aeabi_fadd</STRONG> (Thumb, 164 bytes, Stack size 16 bytes, fadd.o(.text))
<BR><BR>[Stack]<UL><LI>Max Depth = 20<LI>Call Chain = __aeabi_fadd &rArr; _float_epilogue
</UL>
<BR>[Calls]<UL><LI><a href="#[34]">&gt;&gt;</a>&nbsp;&nbsp;&nbsp;_float_round
<LI><a href="#[33]">&gt;&gt;</a>&nbsp;&nbsp;&nbsp;_float_epilogue
</UL>
<BR>[Called By]<UL><LI><a href="#[4a]">&gt;&gt;</a>&nbsp;&nbsp;&nbsp;isSchedulable
<LI><a href="#[36]">&gt;&gt;</a>&nbsp;&nbsp;&nbsp;__aeabi_frsub
<LI><a href="#[35]">&gt;&gt;</a>&nbsp;&nbsp;&nbsp;__aeabi_fsub
</UL>

<P><STRONG><a name="[35]"></a>__aeabi_fsub</STRONG> (Thumb, 6 bytes, Stack size 0 bytes, fadd.o(.text), UNUSED)
<BR><BR>[Calls]<UL><LI><a href="#[32]">&gt;&gt;</a>&nbsp;&nbsp;&nbsp;__aeabi_fadd
</UL>

<P><STRONG><a name="[36]"></a>__aeabi_frsub</STRONG> (Thumb, 6 bytes, Stack size 0 bytes, fadd.o(.text), UNUSED)
<BR><BR>[Calls]<UL><LI><a href="#[32]">&gt;&gt;</a>&nbsp;&nbsp;&nbsp;__aeabi_fadd
</UL>

<P><STRONG><a name="[37]"></a>__aeabi_dmul</STRONG> (Thumb, 228 bytes, Stack size 48 bytes, dmul.o(.text))
<BR><BR>[Stack]<UL><LI>Max Depth = 88<LI>Call Chain = __aeabi_dmul &rArr; _double_epilogue &rArr; _double_round
</UL>
<BR>[Calls]<UL><LI><a href="#[38]">&gt;&gt;</a>&nbsp;&nbsp;&nbsp;_double_epilogue
</UL>
<BR>[Called By]<UL><LI><a href="#[5b]">&gt;&gt;</a>&nbsp;&nbsp;&nbsp;cpu_util
<LI><a href="#[56]">&gt;&gt;</a>&nbsp;&nbsp;&nbsp;_fp_digits
</UL>

<P><STRONG><a name="[39]"></a>__aeabi_ddiv</STRONG> (Thumb, 222 bytes, Stack size 32 bytes, ddiv.o(.text))
<BR><BR>[Stack]<UL><LI>Max Depth = 40<LI>Call Chain = __aeabi_ddiv &rArr; _double_round
</UL>
<BR>[Calls]<UL><LI><a href="#[3a]">&gt;&gt;</a>&nbsp;&nbsp;&nbsp;_double_round
</UL>
<BR>[Called By]<UL><LI><a href="#[5b]">&gt;&gt;</a>&nbsp;&nbsp;&nbsp;cpu_util
<LI><a href="#[56]">&gt;&gt;</a>&nbsp;&nbsp;&nbsp;_fp_digits
</UL>

<P><STRONG><a name="[3b]"></a>__aeabi_ui2d</STRONG> (Thumb, 26 bytes, Stack size 16 bytes, dfltui.o(.text))
<BR><BR>[Stack]<UL><LI>Max Depth = 56<LI>Call Chain = __aeabi_ui2d &rArr; _double_epilogue &rArr; _double_round
</UL>
<BR>[Calls]<UL><LI><a href="#[38]">&gt;&gt;</a>&nbsp;&nbsp;&nbsp;_double_epilogue
</UL>
<BR>[Called By]<UL><LI><a href="#[5b]">&gt;&gt;</a>&nbsp;&nbsp;&nbsp;cpu_util
</UL>

<P><STRONG><a name="[50]"></a>__aeabi_f2d</STRONG> (Thumb, 38 bytes, Stack size 0 bytes, f2d.o(.text))
<BR><BR>[Called By]<UL><LI><a href="#[4a]">&gt;&gt;</a>&nbsp;&nbsp;&nbsp;isSchedulable
<LI><a href="#[5f]">&gt;&gt;</a>&nbsp;&nbsp;&nbsp;generate_task
<LI><a href="#[26]">&gt;&gt;</a>&nbsp;&nbsp;&nbsp;SchedulerGatekeeperTask
</UL>

<P><STRONG><a name="[a1]"></a>__aeabi_cdcmpeq</STRONG> (Thumb, 0 bytes, Stack size 0 bytes, cdcmple.o(.text), UNUSED)

<P><STRONG><a name="[63]"></a>__aeabi_cdcmple</STRONG> (Thumb, 48 bytes, Stack size 0 bytes, cdcmple.o(.text))
<BR><BR>[Called By]<UL><LI><a href="#[4a]">&gt;&gt;</a>&nbsp;&nbsp;&nbsp;isSchedulable
</UL>

<P><STRONG><a name="[3c]"></a>__aeabi_d2f</STRONG> (Thumb, 56 bytes, Stack size 8 bytes, d2f.o(.text))
<BR><BR>[Stack]<UL><LI>Max Depth = 8<LI>Call Chain = __aeabi_d2f
</UL>
<BR>[Calls]<UL><LI><a href="#[34]">&gt;&gt;</a>&nbsp;&nbsp;&nbsp;_float_round
</UL>
<BR>[Called By]<UL><LI><a href="#[5b]">&gt;&gt;</a>&nbsp;&nbsp;&nbsp;cpu_util
</UL>

<P><STRONG><a name="[a2]"></a>__aeabi_uidiv</STRONG> (Thumb, 0 bytes, Stack size 12 bytes, uidiv.o(.text), UNUSED)

<P><STRONG><a name="[5a]"></a>__aeabi_uidivmod</STRONG> (Thumb, 44 bytes, Stack size 12 bytes, uidiv.o(.text), UNUSED)
<BR><BR>[Called By]<UL><LI><a href="#[53]">&gt;&gt;</a>&nbsp;&nbsp;&nbsp;_printf_core
</UL>

<P><STRONG><a name="[3d]"></a>__aeabi_uldivmod</STRONG> (Thumb, 98 bytes, Stack size 40 bytes, uldiv.o(.text), UNUSED)
<BR><BR>[Calls]<UL><LI><a href="#[3e]">&gt;&gt;</a>&nbsp;&nbsp;&nbsp;__aeabi_llsr
<LI><a href="#[3f]">&gt;&gt;</a>&nbsp;&nbsp;&nbsp;__aeabi_llsl
</UL>
<BR>[Called By]<UL><LI><a href="#[53]">&gt;&gt;</a>&nbsp;&nbsp;&nbsp;_printf_core
<LI><a href="#[56]">&gt;&gt;</a>&nbsp;&nbsp;&nbsp;_fp_digits
</UL>

<P><STRONG><a name="[a3]"></a>__I$use$fp</STRONG> (Thumb, 0 bytes, Stack size 0 bytes, iusefp.o(.text), UNUSED)

<P><STRONG><a name="[34]"></a>_float_round</STRONG> (Thumb, 18 bytes, Stack size 0 bytes, fepilogue.o(.text))
<BR><BR>[Called By]<UL><LI><a href="#[32]">&gt;&gt;</a>&nbsp;&nbsp;&nbsp;__aeabi_fadd
<LI><a href="#[3c]">&gt;&gt;</a>&nbsp;&nbsp;&nbsp;__aeabi_d2f
</UL>

<P><STRONG><a name="[33]"></a>_float_epilogue</STRONG> (Thumb, 92 bytes, Stack size 4 bytes, fepilogue.o(.text))
<BR><BR>[Stack]<UL><LI>Max Depth = 4<LI>Call Chain = _float_epilogue
</UL>
<BR>[Called By]<UL><LI><a href="#[32]">&gt;&gt;</a>&nbsp;&nbsp;&nbsp;__aeabi_fadd
</UL>

<P><STRONG><a name="[3a]"></a>_double_round</STRONG> (Thumb, 30 bytes, Stack size 8 bytes, depilogue.o(.text))
<BR><BR>[Stack]<UL><LI>Max Depth = 8<LI>Call Chain = _double_round
</UL>
<BR>[Called By]<UL><LI><a href="#[39]">&gt;&gt;</a>&nbsp;&nbsp;&nbsp;__aeabi_ddiv
<LI><a href="#[38]">&gt;&gt;</a>&nbsp;&nbsp;&nbsp;_double_epilogue
<LI><a href="#[40]">&gt;&gt;</a>&nbsp;&nbsp;&nbsp;__aeabi_dadd
</UL>

<P><STRONG><a name="[38]"></a>_double_epilogue</STRONG> (Thumb, 156 bytes, Stack size 32 bytes, depilogue.o(.text))
<BR><BR>[Stack]<UL><LI>Max Depth = 40<LI>Call Chain = _double_epilogue &rArr; _double_round
</UL>
<BR>[Calls]<UL><LI><a href="#[3e]">&gt;&gt;</a>&nbsp;&nbsp;&nbsp;__aeabi_llsr
<LI><a href="#[3f]">&gt;&gt;</a>&nbsp;&nbsp;&nbsp;__aeabi_llsl
<LI><a href="#[3a]">&gt;&gt;</a>&nbsp;&nbsp;&nbsp;_double_round
</UL>
<BR>[Called By]<UL><LI><a href="#[3b]">&gt;&gt;</a>&nbsp;&nbsp;&nbsp;__aeabi_ui2d
<LI><a href="#[37]">&gt;&gt;</a>&nbsp;&nbsp;&nbsp;__aeabi_dmul
<LI><a href="#[40]">&gt;&gt;</a>&nbsp;&nbsp;&nbsp;__aeabi_dadd
</UL>

<P><STRONG><a name="[40]"></a>__aeabi_dadd</STRONG> (Thumb, 322 bytes, Stack size 48 bytes, dadd.o(.text), UNUSED)
<BR><BR>[Calls]<UL><LI><a href="#[41]">&gt;&gt;</a>&nbsp;&nbsp;&nbsp;__aeabi_lasr
<LI><a href="#[3f]">&gt;&gt;</a>&nbsp;&nbsp;&nbsp;__aeabi_llsl
<LI><a href="#[3a]">&gt;&gt;</a>&nbsp;&nbsp;&nbsp;_double_round
<LI><a href="#[38]">&gt;&gt;</a>&nbsp;&nbsp;&nbsp;_double_epilogue
</UL>
<BR>[Called By]<UL><LI><a href="#[43]">&gt;&gt;</a>&nbsp;&nbsp;&nbsp;__aeabi_drsub
<LI><a href="#[42]">&gt;&gt;</a>&nbsp;&nbsp;&nbsp;__aeabi_dsub
<LI><a href="#[56]">&gt;&gt;</a>&nbsp;&nbsp;&nbsp;_fp_digits
</UL>

<P><STRONG><a name="[42]"></a>__aeabi_dsub</STRONG> (Thumb, 6 bytes, Stack size 0 bytes, dadd.o(.text), UNUSED)
<BR><BR>[Calls]<UL><LI><a href="#[40]">&gt;&gt;</a>&nbsp;&nbsp;&nbsp;__aeabi_dadd
</UL>

<P><STRONG><a name="[43]"></a>__aeabi_drsub</STRONG> (Thumb, 6 bytes, Stack size 0 bytes, dadd.o(.text), UNUSED)
<BR><BR>[Calls]<UL><LI><a href="#[40]">&gt;&gt;</a>&nbsp;&nbsp;&nbsp;__aeabi_dadd
</UL>

<P><STRONG><a name="[44]"></a>__aeabi_d2ulz</STRONG> (Thumb, 48 bytes, Stack size 0 bytes, dfixul.o(.text), UNUSED)
<BR><BR>[Calls]<UL><LI><a href="#[3e]">&gt;&gt;</a>&nbsp;&nbsp;&nbsp;__aeabi_llsr
<LI><a href="#[3f]">&gt;&gt;</a>&nbsp;&nbsp;&nbsp;__aeabi_llsl
</UL>
<BR>[Called By]<UL><LI><a href="#[56]">&gt;&gt;</a>&nbsp;&nbsp;&nbsp;_fp_digits
</UL>

<P><STRONG><a name="[57]"></a>__aeabi_cdrcmple</STRONG> (Thumb, 48 bytes, Stack size 0 bytes, cdrcmple.o(.text), UNUSED)
<BR><BR>[Called By]<UL><LI><a href="#[56]">&gt;&gt;</a>&nbsp;&nbsp;&nbsp;_fp_digits
</UL>

<P><STRONG><a name="[2d]"></a>__scatterload</STRONG> (Thumb, 28 bytes, Stack size 0 bytes, init.o(.text))
<BR><BR>[Calls]<UL><LI><a href="#[45]">&gt;&gt;</a>&nbsp;&nbsp;&nbsp;__main_after_scatterload
</UL>
<BR>[Called By]<UL><LI><a href="#[2c]">&gt;&gt;</a>&nbsp;&nbsp;&nbsp;_main_scatterload
</UL>

<P><STRONG><a name="[a4]"></a>__scatterload_rt2</STRONG> (Thumb, 0 bytes, Stack size 0 bytes, init.o(.text), UNUSED)

<P><STRONG><a name="[3f]"></a>__aeabi_llsl</STRONG> (Thumb, 30 bytes, Stack size 0 bytes, llshl.o(.text))
<BR><BR>[Called By]<UL><LI><a href="#[3d]">&gt;&gt;</a>&nbsp;&nbsp;&nbsp;__aeabi_uldivmod
<LI><a href="#[38]">&gt;&gt;</a>&nbsp;&nbsp;&nbsp;_double_epilogue
<LI><a href="#[40]">&gt;&gt;</a>&nbsp;&nbsp;&nbsp;__aeabi_dadd
<LI><a href="#[44]">&gt;&gt;</a>&nbsp;&nbsp;&nbsp;__aeabi_d2ulz
</UL>

<P><STRONG><a name="[a5]"></a>_ll_shift_l</STRONG> (Thumb, 0 bytes, Stack size 0 bytes, llshl.o(.text), UNUSED)

<P><STRONG><a name="[3e]"></a>__aeabi_llsr</STRONG> (Thumb, 32 bytes, Stack size 0 bytes, llushr.o(.text))
<BR><BR>[Called By]<UL><LI><a href="#[3d]">&gt;&gt;</a>&nbsp;&nbsp;&nbsp;__aeabi_uldivmod
<LI><a href="#[38]">&gt;&gt;</a>&nbsp;&nbsp;&nbsp;_double_epilogue
<LI><a href="#[44]">&gt;&gt;</a>&nbsp;&nbsp;&nbsp;__aeabi_d2ulz
</UL>

<P><STRONG><a name="[a6]"></a>_ll_ushift_r</STRONG> (Thumb, 0 bytes, Stack size 0 bytes, llushr.o(.text), UNUSED)

<P><STRONG><a name="[41]"></a>__aeabi_lasr</STRONG> (Thumb, 36 bytes, Stack size 0 bytes, llsshr.o(.text), UNUSED)
<BR><BR>[Called By]<UL><LI><a href="#[40]">&gt;&gt;</a>&nbsp;&nbsp;&nbsp;__aeabi_dadd
</UL>

<P><STRONG><a name="[a7]"></a>_ll_sshift_r</STRONG> (Thumb, 0 bytes, Stack size 0 bytes, llsshr.o(.text), UNUSED)

<P><STRONG><a name="[52]"></a>__0printf</STRONG> (Thumb, 22 bytes, Stack size 24 bytes, printfa.o(i.__0printf), UNUSED)
<BR><BR>[Calls]<UL><LI><a href="#[53]">&gt;&gt;</a>&nbsp;&nbsp;&nbsp;_printf_core
</UL>

<P><STRONG><a name="[a8]"></a>__1printf</STRONG> (Thumb, 0 bytes, Stack size 24 bytes, printfa.o(i.__0printf), UNUSED)

<P><STRONG><a name="[46]"></a>__2printf</STRONG> (Thumb, 0 bytes, Stack size 24 bytes, printfa.o(i.__0printf))
<BR><BR>[Stack]<UL><LI>Max Depth = 24<LI>Call Chain = __2printf
</UL>
<BR>[Called By]<UL><LI><a href="#[21]">&gt;&gt;</a>&nbsp;&nbsp;&nbsp;main
<LI><a href="#[23]">&gt;&gt;</a>&nbsp;&nbsp;&nbsp;vTaskCreate
<LI><a href="#[68]">&gt;&gt;</a>&nbsp;&nbsp;&nbsp;static_task_admittance
<LI><a href="#[4b]">&gt;&gt;</a>&nbsp;&nbsp;&nbsp;set_priority
<LI><a href="#[4a]">&gt;&gt;</a>&nbsp;&nbsp;&nbsp;isSchedulable
<LI><a href="#[5f]">&gt;&gt;</a>&nbsp;&nbsp;&nbsp;generate_task
<LI><a href="#[25]">&gt;&gt;</a>&nbsp;&nbsp;&nbsp;dynamic_task_admittance
<LI><a href="#[5b]">&gt;&gt;</a>&nbsp;&nbsp;&nbsp;cpu_util
<LI><a href="#[26]">&gt;&gt;</a>&nbsp;&nbsp;&nbsp;SchedulerGatekeeperTask
<LI><a href="#[85]">&gt;&gt;</a>&nbsp;&nbsp;&nbsp;vApplicationTickHook
</UL>

<P><STRONG><a name="[a9]"></a>__c89printf</STRONG> (Thumb, 0 bytes, Stack size 24 bytes, printfa.o(i.__0printf), UNUSED)

<P><STRONG><a name="[aa]"></a>printf</STRONG> (Thumb, 0 bytes, Stack size 24 bytes, printfa.o(i.__0printf), UNUSED)

<P><STRONG><a name="[82]"></a>free</STRONG> (Thumb, 88 bytes, Stack size 12 bytes, mallocr.o(i.__free$realloc))
<BR><BR>[Stack]<UL><LI>Max Depth = 12<LI>Call Chain = free
</UL>
<BR>[Called By]<UL><LI><a href="#[4b]">&gt;&gt;</a>&nbsp;&nbsp;&nbsp;set_priority
<LI><a href="#[81]">&gt;&gt;</a>&nbsp;&nbsp;&nbsp;realloc
</UL>

<P><STRONG><a name="[54]"></a>malloc</STRONG> (Thumb, 64 bytes, Stack size 32 bytes, mallocr.o(i.__malloc$realloc))
<BR><BR>[Stack]<UL><LI>Max Depth = 56<LI>Call Chain = malloc &rArr; internal_alloc
</UL>
<BR>[Calls]<UL><LI><a href="#[55]">&gt;&gt;</a>&nbsp;&nbsp;&nbsp;internal_alloc
</UL>
<BR>[Called By]<UL><LI><a href="#[66]">&gt;&gt;</a>&nbsp;&nbsp;&nbsp;vector_init
<LI><a href="#[4b]">&gt;&gt;</a>&nbsp;&nbsp;&nbsp;set_priority
<LI><a href="#[81]">&gt;&gt;</a>&nbsp;&nbsp;&nbsp;realloc
</UL>

<P><STRONG><a name="[ab]"></a>__scatterload_copy</STRONG> (Thumb, 14 bytes, Stack size unknown bytes, handlers.o(i.__scatterload_copy), UNUSED)

<P><STRONG><a name="[ac]"></a>__scatterload_null</STRONG> (Thumb, 2 bytes, Stack size unknown bytes, handlers.o(i.__scatterload_null), UNUSED)

<P><STRONG><a name="[ad]"></a>__scatterload_zeroinit</STRONG> (Thumb, 14 bytes, Stack size unknown bytes, handlers.o(i.__scatterload_zeroinit), UNUSED)

<P><STRONG><a name="[24]"></a>fputc</STRONG> (Thumb, 30 bytes, Stack size 0 bytes, basic_io.o(i.fputc))
<BR>[Address Reference Count : 1]<UL><LI> printfa.o(i.__0printf)
</UL>
<P><STRONG><a name="[21]"></a>main</STRONG> (Thumb, 142 bytes, Stack size 24 bytes, main.o(i.main))
<BR><BR>[Stack]<UL><LI>Max Depth = 272<LI>Call Chain = main &rArr; static_task_admittance &rArr; xQueueGenericSend &rArr; xTaskResumeAll &rArr; vTaskIncrementTick &rArr; vApplicationTickHook &rArr;  xQueueGenericSend (Cycle)
</UL>
<BR>[Calls]<UL><LI><a href="#[67]">&gt;&gt;</a>&nbsp;&nbsp;&nbsp;srand
<LI><a href="#[66]">&gt;&gt;</a>&nbsp;&nbsp;&nbsp;vector_init
<LI><a href="#[68]">&gt;&gt;</a>&nbsp;&nbsp;&nbsp;static_task_admittance
<LI><a href="#[4f]">&gt;&gt;</a>&nbsp;&nbsp;&nbsp;xTaskGenericCreate
<LI><a href="#[69]">&gt;&gt;</a>&nbsp;&nbsp;&nbsp;vTaskStartScheduler
<LI><a href="#[64]">&gt;&gt;</a>&nbsp;&nbsp;&nbsp;xQueueCreateMutex
<LI><a href="#[65]">&gt;&gt;</a>&nbsp;&nbsp;&nbsp;xQueueCreate
<LI><a href="#[46]">&gt;&gt;</a>&nbsp;&nbsp;&nbsp;__2printf
</UL>
<BR>[Address Reference Count : 1]<UL><LI> entry9a.o(.ARM.Collect$$$$0000000B)
</UL>
<P><STRONG><a name="[6b]"></a>pvPortMalloc</STRONG> (Thumb, 78 bytes, Stack size 16 bytes, heap_1.o(i.pvPortMalloc))
<BR><BR>[Stack]<UL><LI>Max Depth = 144<LI>Call Chain = pvPortMalloc &rArr; xTaskResumeAll &rArr; vTaskIncrementTick &rArr; vApplicationTickHook &rArr;  xQueueGenericSend (Cycle)
</UL>
<BR>[Calls]<UL><LI><a href="#[51]">&gt;&gt;</a>&nbsp;&nbsp;&nbsp;xTaskResumeAll
<LI><a href="#[47]">&gt;&gt;</a>&nbsp;&nbsp;&nbsp;vTaskSuspendAll
</UL>
<BR>[Called By]<UL><LI><a href="#[6a]">&gt;&gt;</a>&nbsp;&nbsp;&nbsp;prvAllocateTCBAndStack
<LI><a href="#[64]">&gt;&gt;</a>&nbsp;&nbsp;&nbsp;xQueueCreateMutex
<LI><a href="#[65]">&gt;&gt;</a>&nbsp;&nbsp;&nbsp;xQueueCreate
</UL>

<P><STRONG><a name="[95]"></a>pxPortInitialiseStack</STRONG> (Thumb, 26 bytes, Stack size 0 bytes, port.o(i.pxPortInitialiseStack))
<BR><BR>[Called By]<UL><LI><a href="#[4f]">&gt;&gt;</a>&nbsp;&nbsp;&nbsp;xTaskGenericCreate
</UL>

<P><STRONG><a name="[81]"></a>realloc</STRONG> (Thumb, 102 bytes, Stack size 32 bytes, mallocr.o(i.realloc))
<BR><BR>[Stack]<UL><LI>Max Depth = 88<LI>Call Chain = realloc &rArr; malloc &rArr; internal_alloc
</UL>
<BR>[Calls]<UL><LI><a href="#[54]">&gt;&gt;</a>&nbsp;&nbsp;&nbsp;malloc
<LI><a href="#[82]">&gt;&gt;</a>&nbsp;&nbsp;&nbsp;free
<LI><a href="#[55]">&gt;&gt;</a>&nbsp;&nbsp;&nbsp;internal_alloc
</UL>
<BR>[Called By]<UL><LI><a href="#[8f]">&gt;&gt;</a>&nbsp;&nbsp;&nbsp;vector_resize
</UL>

<P><STRONG><a name="[76]"></a>vApplicationIdleHook</STRONG> (Thumb, 2 bytes, Stack size 0 bytes, main.o(i.vApplicationIdleHook))
<BR><BR>[Called By]<UL><LI><a href="#[27]">&gt;&gt;</a>&nbsp;&nbsp;&nbsp;prvIdleTask
</UL>

<P><STRONG><a name="[85]"></a>vApplicationTickHook</STRONG> (Thumb, 90 bytes, Stack size 40 bytes, main.o(i.vApplicationTickHook))
<BR><BR>[Stack]<UL><LI>Max Depth = 104 + In Cycle
<LI>Call Chain = vApplicationTickHook &rArr;  xQueueGenericSend (Cycle)
</UL>
<BR>[Calls]<UL><LI><a href="#[49]">&gt;&gt;</a>&nbsp;&nbsp;&nbsp;__aeabi_memcpy4
<LI><a href="#[86]">&gt;&gt;</a>&nbsp;&nbsp;&nbsp;xQueueGenericSendFromISR
<LI><a href="#[60]">&gt;&gt;</a>&nbsp;&nbsp;&nbsp;xQueueGenericSend
<LI><a href="#[46]">&gt;&gt;</a>&nbsp;&nbsp;&nbsp;__2printf
</UL>
<BR>[Called By]<UL><LI><a href="#[8b]">&gt;&gt;</a>&nbsp;&nbsp;&nbsp;vTaskIncrementTick
</UL>

<P><STRONG><a name="[7b]"></a>vListInitialise</STRONG> (Thumb, 26 bytes, Stack size 0 bytes, list.o(i.vListInitialise))
<BR><BR>[Called By]<UL><LI><a href="#[7a]">&gt;&gt;</a>&nbsp;&nbsp;&nbsp;prvInitialiseTaskLists
<LI><a href="#[64]">&gt;&gt;</a>&nbsp;&nbsp;&nbsp;xQueueCreateMutex
<LI><a href="#[65]">&gt;&gt;</a>&nbsp;&nbsp;&nbsp;xQueueCreate
</UL>

<P><STRONG><a name="[79]"></a>vListInitialiseItem</STRONG> (Thumb, 6 bytes, Stack size 0 bytes, list.o(i.vListInitialiseItem))
<BR><BR>[Called By]<UL><LI><a href="#[77]">&gt;&gt;</a>&nbsp;&nbsp;&nbsp;prvInitialiseTCBVariables
</UL>

<P><STRONG><a name="[89]"></a>vListInsert</STRONG> (Thumb, 52 bytes, Stack size 8 bytes, list.o(i.vListInsert))
<BR><BR>[Stack]<UL><LI>Max Depth = 8<LI>Call Chain = vListInsert
</UL>
<BR>[Called By]<UL><LI><a href="#[61]">&gt;&gt;</a>&nbsp;&nbsp;&nbsp;vTaskDelay
<LI><a href="#[8c]">&gt;&gt;</a>&nbsp;&nbsp;&nbsp;vTaskPlaceOnEventList
</UL>

<P><STRONG><a name="[8a]"></a>vListInsertEnd</STRONG> (Thumb, 28 bytes, Stack size 0 bytes, list.o(i.vListInsertEnd))
<BR><BR>[Called By]<UL><LI><a href="#[4f]">&gt;&gt;</a>&nbsp;&nbsp;&nbsp;xTaskGenericCreate
<LI><a href="#[8b]">&gt;&gt;</a>&nbsp;&nbsp;&nbsp;vTaskIncrementTick
<LI><a href="#[4c]">&gt;&gt;</a>&nbsp;&nbsp;&nbsp;vTaskDelete
<LI><a href="#[51]">&gt;&gt;</a>&nbsp;&nbsp;&nbsp;xTaskResumeAll
<LI><a href="#[7f]">&gt;&gt;</a>&nbsp;&nbsp;&nbsp;xTaskRemoveFromEventList
<LI><a href="#[8d]">&gt;&gt;</a>&nbsp;&nbsp;&nbsp;vTaskPriorityInherit
<LI><a href="#[74]">&gt;&gt;</a>&nbsp;&nbsp;&nbsp;vTaskPriorityDisinherit
<LI><a href="#[8c]">&gt;&gt;</a>&nbsp;&nbsp;&nbsp;vTaskPlaceOnEventList
</UL>

<P><STRONG><a name="[6f]"></a>vListRemove</STRONG> (Thumb, 36 bytes, Stack size 0 bytes, list.o(i.vListRemove))
<BR><BR>[Called By]<UL><LI><a href="#[8b]">&gt;&gt;</a>&nbsp;&nbsp;&nbsp;vTaskIncrementTick
<LI><a href="#[4c]">&gt;&gt;</a>&nbsp;&nbsp;&nbsp;vTaskDelete
<LI><a href="#[61]">&gt;&gt;</a>&nbsp;&nbsp;&nbsp;vTaskDelay
<LI><a href="#[6d]">&gt;&gt;</a>&nbsp;&nbsp;&nbsp;prvCheckTasksWaitingTermination
<LI><a href="#[51]">&gt;&gt;</a>&nbsp;&nbsp;&nbsp;xTaskResumeAll
<LI><a href="#[7f]">&gt;&gt;</a>&nbsp;&nbsp;&nbsp;xTaskRemoveFromEventList
<LI><a href="#[8d]">&gt;&gt;</a>&nbsp;&nbsp;&nbsp;vTaskPriorityInherit
<LI><a href="#[74]">&gt;&gt;</a>&nbsp;&nbsp;&nbsp;vTaskPriorityDisinherit
<LI><a href="#[8c]">&gt;&gt;</a>&nbsp;&nbsp;&nbsp;vTaskPlaceOnEventList
</UL>

<P><STRONG><a name="[6e]"></a>vPortEnterCritical</STRONG> (Thumb, 18 bytes, Stack size 8 bytes, port.o(i.vPortEnterCritical))
<BR><BR>[Stack]<UL><LI>Max Depth = 8<LI>Call Chain = vPortEnterCritical
</UL>
<BR>[Calls]<UL><LI><a href="#[87]">&gt;&gt;</a>&nbsp;&nbsp;&nbsp;vPortSetInterruptMask
</UL>
<BR>[Called By]<UL><LI><a href="#[4f]">&gt;&gt;</a>&nbsp;&nbsp;&nbsp;xTaskGenericCreate
<LI><a href="#[4c]">&gt;&gt;</a>&nbsp;&nbsp;&nbsp;vTaskDelete
<LI><a href="#[6d]">&gt;&gt;</a>&nbsp;&nbsp;&nbsp;prvCheckTasksWaitingTermination
<LI><a href="#[51]">&gt;&gt;</a>&nbsp;&nbsp;&nbsp;xTaskResumeAll
<LI><a href="#[94]">&gt;&gt;</a>&nbsp;&nbsp;&nbsp;xTaskCheckForTimeOut
<LI><a href="#[60]">&gt;&gt;</a>&nbsp;&nbsp;&nbsp;xQueueGenericSend
<LI><a href="#[48]">&gt;&gt;</a>&nbsp;&nbsp;&nbsp;xQueueGenericReceive
<LI><a href="#[7e]">&gt;&gt;</a>&nbsp;&nbsp;&nbsp;prvUnlockQueue
<LI><a href="#[7d]">&gt;&gt;</a>&nbsp;&nbsp;&nbsp;prvIsQueueFull
<LI><a href="#[7c]">&gt;&gt;</a>&nbsp;&nbsp;&nbsp;prvIsQueueEmpty
</UL>

<P><STRONG><a name="[70]"></a>vPortExitCritical</STRONG> (Thumb, 24 bytes, Stack size 8 bytes, port.o(i.vPortExitCritical))
<BR><BR>[Stack]<UL><LI>Max Depth = 8<LI>Call Chain = vPortExitCritical
</UL>
<BR>[Calls]<UL><LI><a href="#[88]">&gt;&gt;</a>&nbsp;&nbsp;&nbsp;vPortClearInterruptMask
</UL>
<BR>[Called By]<UL><LI><a href="#[4f]">&gt;&gt;</a>&nbsp;&nbsp;&nbsp;xTaskGenericCreate
<LI><a href="#[4c]">&gt;&gt;</a>&nbsp;&nbsp;&nbsp;vTaskDelete
<LI><a href="#[6d]">&gt;&gt;</a>&nbsp;&nbsp;&nbsp;prvCheckTasksWaitingTermination
<LI><a href="#[51]">&gt;&gt;</a>&nbsp;&nbsp;&nbsp;xTaskResumeAll
<LI><a href="#[94]">&gt;&gt;</a>&nbsp;&nbsp;&nbsp;xTaskCheckForTimeOut
<LI><a href="#[60]">&gt;&gt;</a>&nbsp;&nbsp;&nbsp;xQueueGenericSend
<LI><a href="#[48]">&gt;&gt;</a>&nbsp;&nbsp;&nbsp;xQueueGenericReceive
<LI><a href="#[7e]">&gt;&gt;</a>&nbsp;&nbsp;&nbsp;prvUnlockQueue
<LI><a href="#[7d]">&gt;&gt;</a>&nbsp;&nbsp;&nbsp;prvIsQueueFull
<LI><a href="#[7c]">&gt;&gt;</a>&nbsp;&nbsp;&nbsp;prvIsQueueEmpty
</UL>

<P><STRONG><a name="[6c]"></a>vPortFree</STRONG> (Thumb, 2 bytes, Stack size 0 bytes, heap_1.o(i.vPortFree))
<BR><BR>[Called By]<UL><LI><a href="#[71]">&gt;&gt;</a>&nbsp;&nbsp;&nbsp;prvDeleteTCB
<LI><a href="#[6a]">&gt;&gt;</a>&nbsp;&nbsp;&nbsp;prvAllocateTCBAndStack
<LI><a href="#[65]">&gt;&gt;</a>&nbsp;&nbsp;&nbsp;xQueueCreate
</UL>

<P><STRONG><a name="[75]"></a>vPortYieldFromISR</STRONG> (Thumb, 10 bytes, Stack size 0 bytes, port.o(i.vPortYieldFromISR))
<BR><BR>[Called By]<UL><LI><a href="#[4f]">&gt;&gt;</a>&nbsp;&nbsp;&nbsp;xTaskGenericCreate
<LI><a href="#[4c]">&gt;&gt;</a>&nbsp;&nbsp;&nbsp;vTaskDelete
<LI><a href="#[61]">&gt;&gt;</a>&nbsp;&nbsp;&nbsp;vTaskDelay
<LI><a href="#[27]">&gt;&gt;</a>&nbsp;&nbsp;&nbsp;prvIdleTask
<LI><a href="#[51]">&gt;&gt;</a>&nbsp;&nbsp;&nbsp;xTaskResumeAll
<LI><a href="#[60]">&gt;&gt;</a>&nbsp;&nbsp;&nbsp;xQueueGenericSend
<LI><a href="#[48]">&gt;&gt;</a>&nbsp;&nbsp;&nbsp;xQueueGenericReceive
</UL>

<P><STRONG><a name="[61]"></a>vTaskDelay</STRONG> (Thumb, 86 bytes, Stack size 16 bytes, tasks.o(i.vTaskDelay))
<BR><BR>[Stack]<UL><LI>Max Depth = 144<LI>Call Chain = vTaskDelay &rArr; xTaskResumeAll &rArr; vTaskIncrementTick &rArr; vApplicationTickHook &rArr;  xQueueGenericSend (Cycle)
</UL>
<BR>[Calls]<UL><LI><a href="#[51]">&gt;&gt;</a>&nbsp;&nbsp;&nbsp;xTaskResumeAll
<LI><a href="#[47]">&gt;&gt;</a>&nbsp;&nbsp;&nbsp;vTaskSuspendAll
<LI><a href="#[75]">&gt;&gt;</a>&nbsp;&nbsp;&nbsp;vPortYieldFromISR
<LI><a href="#[6f]">&gt;&gt;</a>&nbsp;&nbsp;&nbsp;vListRemove
<LI><a href="#[89]">&gt;&gt;</a>&nbsp;&nbsp;&nbsp;vListInsert
</UL>
<BR>[Called By]<UL><LI><a href="#[23]">&gt;&gt;</a>&nbsp;&nbsp;&nbsp;vTaskCreate
<LI><a href="#[25]">&gt;&gt;</a>&nbsp;&nbsp;&nbsp;dynamic_task_admittance
</UL>

<P><STRONG><a name="[4c]"></a>vTaskDelete</STRONG> (Thumb, 94 bytes, Stack size 16 bytes, tasks.o(i.vTaskDelete))
<BR><BR>[Stack]<UL><LI>Max Depth = 24<LI>Call Chain = vTaskDelete &rArr; vPortExitCritical
</UL>
<BR>[Calls]<UL><LI><a href="#[75]">&gt;&gt;</a>&nbsp;&nbsp;&nbsp;vPortYieldFromISR
<LI><a href="#[70]">&gt;&gt;</a>&nbsp;&nbsp;&nbsp;vPortExitCritical
<LI><a href="#[6e]">&gt;&gt;</a>&nbsp;&nbsp;&nbsp;vPortEnterCritical
<LI><a href="#[6f]">&gt;&gt;</a>&nbsp;&nbsp;&nbsp;vListRemove
<LI><a href="#[8a]">&gt;&gt;</a>&nbsp;&nbsp;&nbsp;vListInsertEnd
</UL>
<BR>[Called By]<UL><LI><a href="#[26]">&gt;&gt;</a>&nbsp;&nbsp;&nbsp;SchedulerGatekeeperTask
</UL>

<P><STRONG><a name="[8b]"></a>vTaskIncrementTick</STRONG> (Thumb, 174 bytes, Stack size 8 bytes, tasks.o(i.vTaskIncrementTick))
<BR><BR>[Stack]<UL><LI>Max Depth = 112<LI>Call Chain = vTaskIncrementTick &rArr; vApplicationTickHook &rArr;  xQueueGenericSend (Cycle)
</UL>
<BR>[Calls]<UL><LI><a href="#[85]">&gt;&gt;</a>&nbsp;&nbsp;&nbsp;vApplicationTickHook
<LI><a href="#[6f]">&gt;&gt;</a>&nbsp;&nbsp;&nbsp;vListRemove
<LI><a href="#[8a]">&gt;&gt;</a>&nbsp;&nbsp;&nbsp;vListInsertEnd
</UL>
<BR>[Called By]<UL><LI><a href="#[9]">&gt;&gt;</a>&nbsp;&nbsp;&nbsp;xPortSysTickHandler
<LI><a href="#[51]">&gt;&gt;</a>&nbsp;&nbsp;&nbsp;xTaskResumeAll
</UL>

<P><STRONG><a name="[80]"></a>vTaskMissedYield</STRONG> (Thumb, 8 bytes, Stack size 0 bytes, tasks.o(i.vTaskMissedYield))
<BR><BR>[Called By]<UL><LI><a href="#[7e]">&gt;&gt;</a>&nbsp;&nbsp;&nbsp;prvUnlockQueue
</UL>

<P><STRONG><a name="[8c]"></a>vTaskPlaceOnEventList</STRONG> (Thumb, 98 bytes, Stack size 16 bytes, tasks.o(i.vTaskPlaceOnEventList))
<BR><BR>[Stack]<UL><LI>Max Depth = 24<LI>Call Chain = vTaskPlaceOnEventList &rArr; vListInsert
</UL>
<BR>[Calls]<UL><LI><a href="#[6f]">&gt;&gt;</a>&nbsp;&nbsp;&nbsp;vListRemove
<LI><a href="#[8a]">&gt;&gt;</a>&nbsp;&nbsp;&nbsp;vListInsertEnd
<LI><a href="#[89]">&gt;&gt;</a>&nbsp;&nbsp;&nbsp;vListInsert
</UL>
<BR>[Called By]<UL><LI><a href="#[60]">&gt;&gt;</a>&nbsp;&nbsp;&nbsp;xQueueGenericSend
<LI><a href="#[48]">&gt;&gt;</a>&nbsp;&nbsp;&nbsp;xQueueGenericReceive
</UL>

<P><STRONG><a name="[74]"></a>vTaskPriorityDisinherit</STRONG> (Thumb, 70 bytes, Stack size 16 bytes, tasks.o(i.vTaskPriorityDisinherit))
<BR><BR>[Stack]<UL><LI>Max Depth = 16<LI>Call Chain = vTaskPriorityDisinherit
</UL>
<BR>[Calls]<UL><LI><a href="#[6f]">&gt;&gt;</a>&nbsp;&nbsp;&nbsp;vListRemove
<LI><a href="#[8a]">&gt;&gt;</a>&nbsp;&nbsp;&nbsp;vListInsertEnd
</UL>
<BR>[Called By]<UL><LI><a href="#[73]">&gt;&gt;</a>&nbsp;&nbsp;&nbsp;prvCopyDataToQueue
</UL>

<P><STRONG><a name="[8d]"></a>vTaskPriorityInherit</STRONG> (Thumb, 108 bytes, Stack size 16 bytes, tasks.o(i.vTaskPriorityInherit))
<BR><BR>[Stack]<UL><LI>Max Depth = 16<LI>Call Chain = vTaskPriorityInherit
</UL>
<BR>[Calls]<UL><LI><a href="#[6f]">&gt;&gt;</a>&nbsp;&nbsp;&nbsp;vListRemove
<LI><a href="#[8a]">&gt;&gt;</a>&nbsp;&nbsp;&nbsp;vListInsertEnd
</UL>
<BR>[Called By]<UL><LI><a href="#[48]">&gt;&gt;</a>&nbsp;&nbsp;&nbsp;xQueueGenericReceive
</UL>

<P><STRONG><a name="[93]"></a>vTaskSetTimeOutState</STRONG> (Thumb, 14 bytes, Stack size 0 bytes, tasks.o(i.vTaskSetTimeOutState))
<BR><BR>[Called By]<UL><LI><a href="#[94]">&gt;&gt;</a>&nbsp;&nbsp;&nbsp;xTaskCheckForTimeOut
<LI><a href="#[60]">&gt;&gt;</a>&nbsp;&nbsp;&nbsp;xQueueGenericSend
<LI><a href="#[48]">&gt;&gt;</a>&nbsp;&nbsp;&nbsp;xQueueGenericReceive
</UL>

<P><STRONG><a name="[69]"></a>vTaskStartScheduler</STRONG> (Thumb, 52 bytes, Stack size 24 bytes, tasks.o(i.vTaskStartScheduler))
<BR><BR>[Stack]<UL><LI>Max Depth = 240<LI>Call Chain = vTaskStartScheduler &rArr; xTaskGenericCreate &rArr; prvAllocateTCBAndStack &rArr; pvPortMalloc &rArr; xTaskResumeAll &rArr; vTaskIncrementTick &rArr; vApplicationTickHook &rArr;  xQueueGenericSend (Cycle)
</UL>
<BR>[Calls]<UL><LI><a href="#[8e]">&gt;&gt;</a>&nbsp;&nbsp;&nbsp;xPortStartScheduler
<LI><a href="#[4f]">&gt;&gt;</a>&nbsp;&nbsp;&nbsp;xTaskGenericCreate
<LI><a href="#[87]">&gt;&gt;</a>&nbsp;&nbsp;&nbsp;vPortSetInterruptMask
</UL>
<BR>[Called By]<UL><LI><a href="#[21]">&gt;&gt;</a>&nbsp;&nbsp;&nbsp;main
</UL>

<P><STRONG><a name="[47]"></a>vTaskSuspendAll</STRONG> (Thumb, 12 bytes, Stack size 0 bytes, tasks.o(i.vTaskSuspendAll))
<BR><BR>[Called By]<UL><LI><a href="#[26]">&gt;&gt;</a>&nbsp;&nbsp;&nbsp;SchedulerGatekeeperTask
<LI><a href="#[61]">&gt;&gt;</a>&nbsp;&nbsp;&nbsp;vTaskDelay
<LI><a href="#[6d]">&gt;&gt;</a>&nbsp;&nbsp;&nbsp;prvCheckTasksWaitingTermination
<LI><a href="#[6b]">&gt;&gt;</a>&nbsp;&nbsp;&nbsp;pvPortMalloc
<LI><a href="#[60]">&gt;&gt;</a>&nbsp;&nbsp;&nbsp;xQueueGenericSend
<LI><a href="#[48]">&gt;&gt;</a>&nbsp;&nbsp;&nbsp;xQueueGenericReceive
</UL>

<P><STRONG><a name="[2e]"></a>vTaskSwitchContext</STRONG> (Thumb, 92 bytes, Stack size 0 bytes, tasks.o(i.vTaskSwitchContext))
<BR><BR>[Called By]<UL><LI><a href="#[8]">&gt;&gt;</a>&nbsp;&nbsp;&nbsp;xPortPendSVHandler
</UL>

<P><STRONG><a name="[4e]"></a>vector_add</STRONG> (Thumb, 38 bytes, Stack size 16 bytes, vector.o(i.vector_add))
<BR><BR>[Stack]<UL><LI>Max Depth = 120<LI>Call Chain = vector_add &rArr; vector_resize &rArr; realloc &rArr; malloc &rArr; internal_alloc
</UL>
<BR>[Calls]<UL><LI><a href="#[8f]">&gt;&gt;</a>&nbsp;&nbsp;&nbsp;vector_resize
</UL>
<BR>[Called By]<UL><LI><a href="#[26]">&gt;&gt;</a>&nbsp;&nbsp;&nbsp;SchedulerGatekeeperTask
</UL>

<P><STRONG><a name="[4d]"></a>vector_delete</STRONG> (Thumb, 112 bytes, Stack size 24 bytes, vector.o(i.vector_delete))
<BR><BR>[Stack]<UL><LI>Max Depth = 128<LI>Call Chain = vector_delete &rArr; vector_resize &rArr; realloc &rArr; malloc &rArr; internal_alloc
</UL>
<BR>[Calls]<UL><LI><a href="#[8f]">&gt;&gt;</a>&nbsp;&nbsp;&nbsp;vector_resize
</UL>
<BR>[Called By]<UL><LI><a href="#[26]">&gt;&gt;</a>&nbsp;&nbsp;&nbsp;SchedulerGatekeeperTask
</UL>

<P><STRONG><a name="[5c]"></a>vector_get</STRONG> (Thumb, 24 bytes, Stack size 0 bytes, vector.o(i.vector_get))
<BR><BR>[Called By]<UL><LI><a href="#[23]">&gt;&gt;</a>&nbsp;&nbsp;&nbsp;vTaskCreate
<LI><a href="#[83]">&gt;&gt;</a>&nbsp;&nbsp;&nbsp;sortTask
<LI><a href="#[4b]">&gt;&gt;</a>&nbsp;&nbsp;&nbsp;set_priority
<LI><a href="#[4a]">&gt;&gt;</a>&nbsp;&nbsp;&nbsp;isSchedulable
<LI><a href="#[25]">&gt;&gt;</a>&nbsp;&nbsp;&nbsp;dynamic_task_admittance
<LI><a href="#[5b]">&gt;&gt;</a>&nbsp;&nbsp;&nbsp;cpu_util
</UL>

<P><STRONG><a name="[66]"></a>vector_init</STRONG> (Thumb, 24 bytes, Stack size 8 bytes, vector.o(i.vector_init))
<BR><BR>[Stack]<UL><LI>Max Depth = 64<LI>Call Chain = vector_init &rArr; malloc &rArr; internal_alloc
</UL>
<BR>[Calls]<UL><LI><a href="#[54]">&gt;&gt;</a>&nbsp;&nbsp;&nbsp;malloc
</UL>
<BR>[Called By]<UL><LI><a href="#[21]">&gt;&gt;</a>&nbsp;&nbsp;&nbsp;main
</UL>

<P><STRONG><a name="[5d]"></a>vector_total</STRONG> (Thumb, 6 bytes, Stack size 0 bytes, vector.o(i.vector_total))
<BR><BR>[Called By]<UL><LI><a href="#[5b]">&gt;&gt;</a>&nbsp;&nbsp;&nbsp;cpu_util
</UL>

<P><STRONG><a name="[8e]"></a>xPortStartScheduler</STRONG> (Thumb, 42 bytes, Stack size 8 bytes, port.o(i.xPortStartScheduler))
<BR><BR>[Stack]<UL><LI>Max Depth = 8<LI>Call Chain = xPortStartScheduler
</UL>
<BR>[Calls]<UL><LI><a href="#[91]">&gt;&gt;</a>&nbsp;&nbsp;&nbsp;vPortStartFirstTask
<LI><a href="#[90]">&gt;&gt;</a>&nbsp;&nbsp;&nbsp;prvSetupTimerInterrupt
</UL>
<BR>[Called By]<UL><LI><a href="#[69]">&gt;&gt;</a>&nbsp;&nbsp;&nbsp;vTaskStartScheduler
</UL>

<P><STRONG><a name="[9]"></a>xPortSysTickHandler</STRONG> (Thumb, 26 bytes, Stack size 8 bytes, port.o(i.xPortSysTickHandler))
<BR><BR>[Stack]<UL><LI>Max Depth = 120<LI>Call Chain = xPortSysTickHandler &rArr; vTaskIncrementTick &rArr; vApplicationTickHook &rArr;  xQueueGenericSend (Cycle)
</UL>
<BR>[Calls]<UL><LI><a href="#[8b]">&gt;&gt;</a>&nbsp;&nbsp;&nbsp;vTaskIncrementTick
<LI><a href="#[87]">&gt;&gt;</a>&nbsp;&nbsp;&nbsp;vPortSetInterruptMask
<LI><a href="#[88]">&gt;&gt;</a>&nbsp;&nbsp;&nbsp;vPortClearInterruptMask
</UL>
<BR>[Address Reference Count : 1]<UL><LI> startup_mps_cm3.o(RESET)
</UL>
<P><STRONG><a name="[65]"></a>xQueueCreate</STRONG> (Thumb, 108 bytes, Stack size 24 bytes, queue.o(i.xQueueCreate))
<BR><BR>[Stack]<UL><LI>Max Depth = 168<LI>Call Chain = xQueueCreate &rArr; pvPortMalloc &rArr; xTaskResumeAll &rArr; vTaskIncrementTick &rArr; vApplicationTickHook &rArr;  xQueueGenericSend (Cycle)
</UL>
<BR>[Calls]<UL><LI><a href="#[6c]">&gt;&gt;</a>&nbsp;&nbsp;&nbsp;vPortFree
<LI><a href="#[6b]">&gt;&gt;</a>&nbsp;&nbsp;&nbsp;pvPortMalloc
<LI><a href="#[7b]">&gt;&gt;</a>&nbsp;&nbsp;&nbsp;vListInitialise
</UL>
<BR>[Called By]<UL><LI><a href="#[21]">&gt;&gt;</a>&nbsp;&nbsp;&nbsp;main
</UL>

<P><STRONG><a name="[64]"></a>xQueueCreateMutex</STRONG> (Thumb, 70 bytes, Stack size 8 bytes, queue.o(i.xQueueCreateMutex))
<BR><BR>[Stack]<UL><LI>Max Depth = 184<LI>Call Chain = xQueueCreateMutex &rArr; xQueueGenericSend &rArr; xTaskResumeAll &rArr; vTaskIncrementTick &rArr; vApplicationTickHook &rArr;  xQueueGenericSend (Cycle)
</UL>
<BR>[Calls]<UL><LI><a href="#[6b]">&gt;&gt;</a>&nbsp;&nbsp;&nbsp;pvPortMalloc
<LI><a href="#[60]">&gt;&gt;</a>&nbsp;&nbsp;&nbsp;xQueueGenericSend
<LI><a href="#[7b]">&gt;&gt;</a>&nbsp;&nbsp;&nbsp;vListInitialise
</UL>
<BR>[Called By]<UL><LI><a href="#[21]">&gt;&gt;</a>&nbsp;&nbsp;&nbsp;main
</UL>

<P><STRONG><a name="[48]"></a>xQueueGenericReceive</STRONG> (Thumb, 272 bytes, Stack size 48 bytes, queue.o(i.xQueueGenericReceive))
<BR><BR>[Stack]<UL><LI>Max Depth = 176<LI>Call Chain = xQueueGenericReceive &rArr; xTaskResumeAll &rArr; vTaskIncrementTick &rArr; vApplicationTickHook &rArr;  xQueueGenericSend (Cycle)
</UL>
<BR>[Calls]<UL><LI><a href="#[51]">&gt;&gt;</a>&nbsp;&nbsp;&nbsp;xTaskResumeAll
<LI><a href="#[7f]">&gt;&gt;</a>&nbsp;&nbsp;&nbsp;xTaskRemoveFromEventList
<LI><a href="#[92]">&gt;&gt;</a>&nbsp;&nbsp;&nbsp;xTaskGetCurrentTaskHandle
<LI><a href="#[94]">&gt;&gt;</a>&nbsp;&nbsp;&nbsp;xTaskCheckForTimeOut
<LI><a href="#[47]">&gt;&gt;</a>&nbsp;&nbsp;&nbsp;vTaskSuspendAll
<LI><a href="#[93]">&gt;&gt;</a>&nbsp;&nbsp;&nbsp;vTaskSetTimeOutState
<LI><a href="#[8d]">&gt;&gt;</a>&nbsp;&nbsp;&nbsp;vTaskPriorityInherit
<LI><a href="#[8c]">&gt;&gt;</a>&nbsp;&nbsp;&nbsp;vTaskPlaceOnEventList
<LI><a href="#[75]">&gt;&gt;</a>&nbsp;&nbsp;&nbsp;vPortYieldFromISR
<LI><a href="#[70]">&gt;&gt;</a>&nbsp;&nbsp;&nbsp;vPortExitCritical
<LI><a href="#[6e]">&gt;&gt;</a>&nbsp;&nbsp;&nbsp;vPortEnterCritical
<LI><a href="#[7e]">&gt;&gt;</a>&nbsp;&nbsp;&nbsp;prvUnlockQueue
<LI><a href="#[7c]">&gt;&gt;</a>&nbsp;&nbsp;&nbsp;prvIsQueueEmpty
<LI><a href="#[72]">&gt;&gt;</a>&nbsp;&nbsp;&nbsp;prvCopyDataFromQueue
</UL>
<BR>[Called By]<UL><LI><a href="#[23]">&gt;&gt;</a>&nbsp;&nbsp;&nbsp;vTaskCreate
<LI><a href="#[26]">&gt;&gt;</a>&nbsp;&nbsp;&nbsp;SchedulerGatekeeperTask
</UL>

<P><STRONG><a name="[60]"></a>xQueueGenericSend</STRONG> (Thumb, 206 bytes, Stack size 48 bytes, queue.o(i.xQueueGenericSend))
<BR><BR>[Stack]<UL><LI>Max Depth = 176<LI>Call Chain = xQueueGenericSend &rArr; xTaskResumeAll &rArr; vTaskIncrementTick &rArr; vApplicationTickHook &rArr;  xQueueGenericSend (Cycle)
</UL>
<BR>[Calls]<UL><LI><a href="#[51]">&gt;&gt;</a>&nbsp;&nbsp;&nbsp;xTaskResumeAll
<LI><a href="#[7f]">&gt;&gt;</a>&nbsp;&nbsp;&nbsp;xTaskRemoveFromEventList
<LI><a href="#[94]">&gt;&gt;</a>&nbsp;&nbsp;&nbsp;xTaskCheckForTimeOut
<LI><a href="#[47]">&gt;&gt;</a>&nbsp;&nbsp;&nbsp;vTaskSuspendAll
<LI><a href="#[93]">&gt;&gt;</a>&nbsp;&nbsp;&nbsp;vTaskSetTimeOutState
<LI><a href="#[8c]">&gt;&gt;</a>&nbsp;&nbsp;&nbsp;vTaskPlaceOnEventList
<LI><a href="#[75]">&gt;&gt;</a>&nbsp;&nbsp;&nbsp;vPortYieldFromISR
<LI><a href="#[70]">&gt;&gt;</a>&nbsp;&nbsp;&nbsp;vPortExitCritical
<LI><a href="#[6e]">&gt;&gt;</a>&nbsp;&nbsp;&nbsp;vPortEnterCritical
<LI><a href="#[7e]">&gt;&gt;</a>&nbsp;&nbsp;&nbsp;prvUnlockQueue
<LI><a href="#[7d]">&gt;&gt;</a>&nbsp;&nbsp;&nbsp;prvIsQueueFull
<LI><a href="#[73]">&gt;&gt;</a>&nbsp;&nbsp;&nbsp;prvCopyDataToQueue
</UL>
<BR>[Called By]<UL><LI><a href="#[23]">&gt;&gt;</a>&nbsp;&nbsp;&nbsp;vTaskCreate
<LI><a href="#[68]">&gt;&gt;</a>&nbsp;&nbsp;&nbsp;static_task_admittance
<LI><a href="#[25]">&gt;&gt;</a>&nbsp;&nbsp;&nbsp;dynamic_task_admittance
<LI><a href="#[85]">&gt;&gt;</a>&nbsp;&nbsp;&nbsp;vApplicationTickHook
<LI><a href="#[64]">&gt;&gt;</a>&nbsp;&nbsp;&nbsp;xQueueCreateMutex
</UL>

<P><STRONG><a name="[86]"></a>xQueueGenericSendFromISR</STRONG> (Thumb, 86 bytes, Stack size 32 bytes, queue.o(i.xQueueGenericSendFromISR))
<BR><BR>[Stack]<UL><LI>Max Depth = 64<LI>Call Chain = xQueueGenericSendFromISR &rArr; prvCopyDataToQueue &rArr; vTaskPriorityDisinherit
</UL>
<BR>[Calls]<UL><LI><a href="#[7f]">&gt;&gt;</a>&nbsp;&nbsp;&nbsp;xTaskRemoveFromEventList
<LI><a href="#[87]">&gt;&gt;</a>&nbsp;&nbsp;&nbsp;vPortSetInterruptMask
<LI><a href="#[88]">&gt;&gt;</a>&nbsp;&nbsp;&nbsp;vPortClearInterruptMask
<LI><a href="#[73]">&gt;&gt;</a>&nbsp;&nbsp;&nbsp;prvCopyDataToQueue
</UL>
<BR>[Called By]<UL><LI><a href="#[85]">&gt;&gt;</a>&nbsp;&nbsp;&nbsp;vApplicationTickHook
</UL>

<P><STRONG><a name="[94]"></a>xTaskCheckForTimeOut</STRONG> (Thumb, 92 bytes, Stack size 16 bytes, tasks.o(i.xTaskCheckForTimeOut))
<BR><BR>[Stack]<UL><LI>Max Depth = 24<LI>Call Chain = xTaskCheckForTimeOut &rArr; vPortExitCritical
</UL>
<BR>[Calls]<UL><LI><a href="#[93]">&gt;&gt;</a>&nbsp;&nbsp;&nbsp;vTaskSetTimeOutState
<LI><a href="#[70]">&gt;&gt;</a>&nbsp;&nbsp;&nbsp;vPortExitCritical
<LI><a href="#[6e]">&gt;&gt;</a>&nbsp;&nbsp;&nbsp;vPortEnterCritical
</UL>
<BR>[Called By]<UL><LI><a href="#[60]">&gt;&gt;</a>&nbsp;&nbsp;&nbsp;xQueueGenericSend
<LI><a href="#[48]">&gt;&gt;</a>&nbsp;&nbsp;&nbsp;xQueueGenericReceive
</UL>

<P><STRONG><a name="[4f]"></a>xTaskGenericCreate</STRONG> (Thumb, 240 bytes, Stack size 56 bytes, tasks.o(i.xTaskGenericCreate))
<BR><BR>[Stack]<UL><LI>Max Depth = 216<LI>Call Chain = xTaskGenericCreate &rArr; prvAllocateTCBAndStack &rArr; pvPortMalloc &rArr; xTaskResumeAll &rArr; vTaskIncrementTick &rArr; vApplicationTickHook &rArr;  xQueueGenericSend (Cycle)
</UL>
<BR>[Calls]<UL><LI><a href="#[95]">&gt;&gt;</a>&nbsp;&nbsp;&nbsp;pxPortInitialiseStack
<LI><a href="#[7a]">&gt;&gt;</a>&nbsp;&nbsp;&nbsp;prvInitialiseTaskLists
<LI><a href="#[77]">&gt;&gt;</a>&nbsp;&nbsp;&nbsp;prvInitialiseTCBVariables
<LI><a href="#[6a]">&gt;&gt;</a>&nbsp;&nbsp;&nbsp;prvAllocateTCBAndStack
<LI><a href="#[75]">&gt;&gt;</a>&nbsp;&nbsp;&nbsp;vPortYieldFromISR
<LI><a href="#[70]">&gt;&gt;</a>&nbsp;&nbsp;&nbsp;vPortExitCritical
<LI><a href="#[6e]">&gt;&gt;</a>&nbsp;&nbsp;&nbsp;vPortEnterCritical
<LI><a href="#[8a]">&gt;&gt;</a>&nbsp;&nbsp;&nbsp;vListInsertEnd
</UL>
<BR>[Called By]<UL><LI><a href="#[21]">&gt;&gt;</a>&nbsp;&nbsp;&nbsp;main
<LI><a href="#[26]">&gt;&gt;</a>&nbsp;&nbsp;&nbsp;SchedulerGatekeeperTask
<LI><a href="#[69]">&gt;&gt;</a>&nbsp;&nbsp;&nbsp;vTaskStartScheduler
</UL>

<P><STRONG><a name="[92]"></a>xTaskGetCurrentTaskHandle</STRONG> (Thumb, 6 bytes, Stack size 0 bytes, tasks.o(i.xTaskGetCurrentTaskHandle))
<BR><BR>[Called By]<UL><LI><a href="#[48]">&gt;&gt;</a>&nbsp;&nbsp;&nbsp;xQueueGenericReceive
</UL>

<P><STRONG><a name="[7f]"></a>xTaskRemoveFromEventList</STRONG> (Thumb, 106 bytes, Stack size 16 bytes, tasks.o(i.xTaskRemoveFromEventList))
<BR><BR>[Stack]<UL><LI>Max Depth = 16<LI>Call Chain = xTaskRemoveFromEventList
</UL>
<BR>[Calls]<UL><LI><a href="#[6f]">&gt;&gt;</a>&nbsp;&nbsp;&nbsp;vListRemove
<LI><a href="#[8a]">&gt;&gt;</a>&nbsp;&nbsp;&nbsp;vListInsertEnd
</UL>
<BR>[Called By]<UL><LI><a href="#[86]">&gt;&gt;</a>&nbsp;&nbsp;&nbsp;xQueueGenericSendFromISR
<LI><a href="#[60]">&gt;&gt;</a>&nbsp;&nbsp;&nbsp;xQueueGenericSend
<LI><a href="#[48]">&gt;&gt;</a>&nbsp;&nbsp;&nbsp;xQueueGenericReceive
<LI><a href="#[7e]">&gt;&gt;</a>&nbsp;&nbsp;&nbsp;prvUnlockQueue
</UL>

<P><STRONG><a name="[51]"></a>xTaskResumeAll</STRONG> (Thumb, 186 bytes, Stack size 16 bytes, tasks.o(i.xTaskResumeAll))
<BR><BR>[Stack]<UL><LI>Max Depth = 128<LI>Call Chain = xTaskResumeAll &rArr; vTaskIncrementTick &rArr; vApplicationTickHook &rArr;  xQueueGenericSend (Cycle)
</UL>
<BR>[Calls]<UL><LI><a href="#[8b]">&gt;&gt;</a>&nbsp;&nbsp;&nbsp;vTaskIncrementTick
<LI><a href="#[75]">&gt;&gt;</a>&nbsp;&nbsp;&nbsp;vPortYieldFromISR
<LI><a href="#[70]">&gt;&gt;</a>&nbsp;&nbsp;&nbsp;vPortExitCritical
<LI><a href="#[6e]">&gt;&gt;</a>&nbsp;&nbsp;&nbsp;vPortEnterCritical
<LI><a href="#[6f]">&gt;&gt;</a>&nbsp;&nbsp;&nbsp;vListRemove
<LI><a href="#[8a]">&gt;&gt;</a>&nbsp;&nbsp;&nbsp;vListInsertEnd
</UL>
<BR>[Called By]<UL><LI><a href="#[26]">&gt;&gt;</a>&nbsp;&nbsp;&nbsp;SchedulerGatekeeperTask
<LI><a href="#[61]">&gt;&gt;</a>&nbsp;&nbsp;&nbsp;vTaskDelay
<LI><a href="#[6d]">&gt;&gt;</a>&nbsp;&nbsp;&nbsp;prvCheckTasksWaitingTermination
<LI><a href="#[6b]">&gt;&gt;</a>&nbsp;&nbsp;&nbsp;pvPortMalloc
<LI><a href="#[60]">&gt;&gt;</a>&nbsp;&nbsp;&nbsp;xQueueGenericSend
<LI><a href="#[48]">&gt;&gt;</a>&nbsp;&nbsp;&nbsp;xQueueGenericReceive
</UL>
<P>
<H3>
Local Symbols
</H3>
<P><STRONG><a name="[72]"></a>prvCopyDataFromQueue</STRONG> (Thumb, 42 bytes, Stack size 16 bytes, queue.o(i.prvCopyDataFromQueue))
<BR><BR>[Stack]<UL><LI>Max Depth = 16<LI>Call Chain = prvCopyDataFromQueue
</UL>
<BR>[Calls]<UL><LI><a href="#[62]">&gt;&gt;</a>&nbsp;&nbsp;&nbsp;__aeabi_memcpy
</UL>
<BR>[Called By]<UL><LI><a href="#[48]">&gt;&gt;</a>&nbsp;&nbsp;&nbsp;xQueueGenericReceive
</UL>

<P><STRONG><a name="[73]"></a>prvCopyDataToQueue</STRONG> (Thumb, 104 bytes, Stack size 16 bytes, queue.o(i.prvCopyDataToQueue))
<BR><BR>[Stack]<UL><LI>Max Depth = 32<LI>Call Chain = prvCopyDataToQueue &rArr; vTaskPriorityDisinherit
</UL>
<BR>[Calls]<UL><LI><a href="#[62]">&gt;&gt;</a>&nbsp;&nbsp;&nbsp;__aeabi_memcpy
<LI><a href="#[74]">&gt;&gt;</a>&nbsp;&nbsp;&nbsp;vTaskPriorityDisinherit
</UL>
<BR>[Called By]<UL><LI><a href="#[86]">&gt;&gt;</a>&nbsp;&nbsp;&nbsp;xQueueGenericSendFromISR
<LI><a href="#[60]">&gt;&gt;</a>&nbsp;&nbsp;&nbsp;xQueueGenericSend
</UL>

<P><STRONG><a name="[7c]"></a>prvIsQueueEmpty</STRONG> (Thumb, 28 bytes, Stack size 16 bytes, queue.o(i.prvIsQueueEmpty))
<BR><BR>[Stack]<UL><LI>Max Depth = 24<LI>Call Chain = prvIsQueueEmpty &rArr; vPortExitCritical
</UL>
<BR>[Calls]<UL><LI><a href="#[70]">&gt;&gt;</a>&nbsp;&nbsp;&nbsp;vPortExitCritical
<LI><a href="#[6e]">&gt;&gt;</a>&nbsp;&nbsp;&nbsp;vPortEnterCritical
</UL>
<BR>[Called By]<UL><LI><a href="#[48]">&gt;&gt;</a>&nbsp;&nbsp;&nbsp;xQueueGenericReceive
</UL>

<P><STRONG><a name="[7d]"></a>prvIsQueueFull</STRONG> (Thumb, 32 bytes, Stack size 16 bytes, queue.o(i.prvIsQueueFull))
<BR><BR>[Stack]<UL><LI>Max Depth = 24<LI>Call Chain = prvIsQueueFull &rArr; vPortExitCritical
</UL>
<BR>[Calls]<UL><LI><a href="#[70]">&gt;&gt;</a>&nbsp;&nbsp;&nbsp;vPortExitCritical
<LI><a href="#[6e]">&gt;&gt;</a>&nbsp;&nbsp;&nbsp;vPortEnterCritical
</UL>
<BR>[Called By]<UL><LI><a href="#[60]">&gt;&gt;</a>&nbsp;&nbsp;&nbsp;xQueueGenericSend
</UL>

<P><STRONG><a name="[7e]"></a>prvUnlockQueue</STRONG> (Thumb, 110 bytes, Stack size 8 bytes, queue.o(i.prvUnlockQueue))
<BR><BR>[Stack]<UL><LI>Max Depth = 24<LI>Call Chain = prvUnlockQueue &rArr; xTaskRemoveFromEventList
</UL>
<BR>[Calls]<UL><LI><a href="#[7f]">&gt;&gt;</a>&nbsp;&nbsp;&nbsp;xTaskRemoveFromEventList
<LI><a href="#[80]">&gt;&gt;</a>&nbsp;&nbsp;&nbsp;vTaskMissedYield
<LI><a href="#[70]">&gt;&gt;</a>&nbsp;&nbsp;&nbsp;vPortExitCritical
<LI><a href="#[6e]">&gt;&gt;</a>&nbsp;&nbsp;&nbsp;vPortEnterCritical
</UL>
<BR>[Called By]<UL><LI><a href="#[60]">&gt;&gt;</a>&nbsp;&nbsp;&nbsp;xQueueGenericSend
<LI><a href="#[48]">&gt;&gt;</a>&nbsp;&nbsp;&nbsp;xQueueGenericReceive
</UL>

<P><STRONG><a name="[6a]"></a>prvAllocateTCBAndStack</STRONG> (Thumb, 58 bytes, Stack size 16 bytes, tasks.o(i.prvAllocateTCBAndStack))
<BR><BR>[Stack]<UL><LI>Max Depth = 160<LI>Call Chain = prvAllocateTCBAndStack &rArr; pvPortMalloc &rArr; xTaskResumeAll &rArr; vTaskIncrementTick &rArr; vApplicationTickHook &rArr;  xQueueGenericSend (Cycle)
</UL>
<BR>[Calls]<UL><LI><a href="#[30]">&gt;&gt;</a>&nbsp;&nbsp;&nbsp;__aeabi_memset
<LI><a href="#[6c]">&gt;&gt;</a>&nbsp;&nbsp;&nbsp;vPortFree
<LI><a href="#[6b]">&gt;&gt;</a>&nbsp;&nbsp;&nbsp;pvPortMalloc
</UL>
<BR>[Called By]<UL><LI><a href="#[4f]">&gt;&gt;</a>&nbsp;&nbsp;&nbsp;xTaskGenericCreate
</UL>

<P><STRONG><a name="[6d]"></a>prvCheckTasksWaitingTermination</STRONG> (Thumb, 94 bytes, Stack size 16 bytes, tasks.o(i.prvCheckTasksWaitingTermination))
<BR><BR>[Stack]<UL><LI>Max Depth = 144<LI>Call Chain = prvCheckTasksWaitingTermination &rArr; xTaskResumeAll &rArr; vTaskIncrementTick &rArr; vApplicationTickHook &rArr;  xQueueGenericSend (Cycle)
</UL>
<BR>[Calls]<UL><LI><a href="#[71]">&gt;&gt;</a>&nbsp;&nbsp;&nbsp;prvDeleteTCB
<LI><a href="#[51]">&gt;&gt;</a>&nbsp;&nbsp;&nbsp;xTaskResumeAll
<LI><a href="#[47]">&gt;&gt;</a>&nbsp;&nbsp;&nbsp;vTaskSuspendAll
<LI><a href="#[70]">&gt;&gt;</a>&nbsp;&nbsp;&nbsp;vPortExitCritical
<LI><a href="#[6e]">&gt;&gt;</a>&nbsp;&nbsp;&nbsp;vPortEnterCritical
<LI><a href="#[6f]">&gt;&gt;</a>&nbsp;&nbsp;&nbsp;vListRemove
</UL>
<BR>[Called By]<UL><LI><a href="#[27]">&gt;&gt;</a>&nbsp;&nbsp;&nbsp;prvIdleTask
</UL>

<P><STRONG><a name="[71]"></a>prvDeleteTCB</STRONG> (Thumb, 18 bytes, Stack size 8 bytes, tasks.o(i.prvDeleteTCB))
<BR><BR>[Stack]<UL><LI>Max Depth = 8<LI>Call Chain = prvDeleteTCB
</UL>
<BR>[Calls]<UL><LI><a href="#[6c]">&gt;&gt;</a>&nbsp;&nbsp;&nbsp;vPortFree
</UL>
<BR>[Called By]<UL><LI><a href="#[6d]">&gt;&gt;</a>&nbsp;&nbsp;&nbsp;prvCheckTasksWaitingTermination
</UL>

<P><STRONG><a name="[27]"></a>prvIdleTask</STRONG> (Thumb, 24 bytes, Stack size 0 bytes, tasks.o(i.prvIdleTask))
<BR><BR>[Stack]<UL><LI>Max Depth = 144<LI>Call Chain = prvIdleTask &rArr; prvCheckTasksWaitingTermination &rArr; xTaskResumeAll &rArr; vTaskIncrementTick &rArr; vApplicationTickHook &rArr;  xQueueGenericSend (Cycle)
</UL>
<BR>[Calls]<UL><LI><a href="#[76]">&gt;&gt;</a>&nbsp;&nbsp;&nbsp;vApplicationIdleHook
<LI><a href="#[6d]">&gt;&gt;</a>&nbsp;&nbsp;&nbsp;prvCheckTasksWaitingTermination
<LI><a href="#[75]">&gt;&gt;</a>&nbsp;&nbsp;&nbsp;vPortYieldFromISR
</UL>
<BR>[Address Reference Count : 1]<UL><LI> tasks.o(i.vTaskStartScheduler)
</UL>
<P><STRONG><a name="[77]"></a>prvInitialiseTCBVariables</STRONG> (Thumb, 70 bytes, Stack size 24 bytes, tasks.o(i.prvInitialiseTCBVariables))
<BR><BR>[Stack]<UL><LI>Max Depth = 32<LI>Call Chain = prvInitialiseTCBVariables &rArr; strncpy
</UL>
<BR>[Calls]<UL><LI><a href="#[78]">&gt;&gt;</a>&nbsp;&nbsp;&nbsp;strncpy
<LI><a href="#[79]">&gt;&gt;</a>&nbsp;&nbsp;&nbsp;vListInitialiseItem
</UL>
<BR>[Called By]<UL><LI><a href="#[4f]">&gt;&gt;</a>&nbsp;&nbsp;&nbsp;xTaskGenericCreate
</UL>

<P><STRONG><a name="[7a]"></a>prvInitialiseTaskLists</STRONG> (Thumb, 70 bytes, Stack size 8 bytes, tasks.o(i.prvInitialiseTaskLists))
<BR><BR>[Stack]<UL><LI>Max Depth = 8<LI>Call Chain = prvInitialiseTaskLists
</UL>
<BR>[Calls]<UL><LI><a href="#[7b]">&gt;&gt;</a>&nbsp;&nbsp;&nbsp;vListInitialise
</UL>
<BR>[Called By]<UL><LI><a href="#[4f]">&gt;&gt;</a>&nbsp;&nbsp;&nbsp;xTaskGenericCreate
</UL>

<P><STRONG><a name="[90]"></a>prvSetupTimerInterrupt</STRONG> (Thumb, 16 bytes, Stack size 0 bytes, port.o(i.prvSetupTimerInterrupt))
<BR><BR>[Called By]<UL><LI><a href="#[8e]">&gt;&gt;</a>&nbsp;&nbsp;&nbsp;xPortStartScheduler
</UL>

<P><STRONG><a name="[26]"></a>SchedulerGatekeeperTask</STRONG> (Thumb, 236 bytes, Stack size 80 bytes, main.o(i.SchedulerGatekeeperTask))
<BR><BR>[Stack]<UL><LI>Max Depth = 296<LI>Call Chain = SchedulerGatekeeperTask &rArr; xTaskGenericCreate &rArr; prvAllocateTCBAndStack &rArr; pvPortMalloc &rArr; xTaskResumeAll &rArr; vTaskIncrementTick &rArr; vApplicationTickHook &rArr;  xQueueGenericSend (Cycle)
</UL>
<BR>[Calls]<UL><LI><a href="#[49]">&gt;&gt;</a>&nbsp;&nbsp;&nbsp;__aeabi_memcpy4
<LI><a href="#[4d]">&gt;&gt;</a>&nbsp;&nbsp;&nbsp;vector_delete
<LI><a href="#[4e]">&gt;&gt;</a>&nbsp;&nbsp;&nbsp;vector_add
<LI><a href="#[50]">&gt;&gt;</a>&nbsp;&nbsp;&nbsp;__aeabi_f2d
<LI><a href="#[4b]">&gt;&gt;</a>&nbsp;&nbsp;&nbsp;set_priority
<LI><a href="#[4a]">&gt;&gt;</a>&nbsp;&nbsp;&nbsp;isSchedulable
<LI><a href="#[4f]">&gt;&gt;</a>&nbsp;&nbsp;&nbsp;xTaskGenericCreate
<LI><a href="#[4c]">&gt;&gt;</a>&nbsp;&nbsp;&nbsp;vTaskDelete
<LI><a href="#[51]">&gt;&gt;</a>&nbsp;&nbsp;&nbsp;xTaskResumeAll
<LI><a href="#[47]">&gt;&gt;</a>&nbsp;&nbsp;&nbsp;vTaskSuspendAll
<LI><a href="#[48]">&gt;&gt;</a>&nbsp;&nbsp;&nbsp;xQueueGenericReceive
<LI><a href="#[46]">&gt;&gt;</a>&nbsp;&nbsp;&nbsp;__2printf
</UL>
<BR>[Address Reference Count : 1]<UL><LI> main.o(i.main)
</UL>
<P><STRONG><a name="[5b]"></a>cpu_util</STRONG> (Thumb, 108 bytes, Stack size 56 bytes, main.o(i.cpu_util))
<BR><BR>[Stack]<UL><LI>Max Depth = 144<LI>Call Chain = cpu_util &rArr; __aeabi_dmul &rArr; _double_epilogue &rArr; _double_round
</UL>
<BR>[Calls]<UL><LI><a href="#[5d]">&gt;&gt;</a>&nbsp;&nbsp;&nbsp;vector_total
<LI><a href="#[5c]">&gt;&gt;</a>&nbsp;&nbsp;&nbsp;vector_get
<LI><a href="#[3b]">&gt;&gt;</a>&nbsp;&nbsp;&nbsp;__aeabi_ui2d
<LI><a href="#[37]">&gt;&gt;</a>&nbsp;&nbsp;&nbsp;__aeabi_dmul
<LI><a href="#[39]">&gt;&gt;</a>&nbsp;&nbsp;&nbsp;__aeabi_ddiv
<LI><a href="#[3c]">&gt;&gt;</a>&nbsp;&nbsp;&nbsp;__aeabi_d2f
<LI><a href="#[46]">&gt;&gt;</a>&nbsp;&nbsp;&nbsp;__2printf
</UL>
<BR>[Called By]<UL><LI><a href="#[4a]">&gt;&gt;</a>&nbsp;&nbsp;&nbsp;isSchedulable
</UL>

<P><STRONG><a name="[25]"></a>dynamic_task_admittance</STRONG> (Thumb, 182 bytes, Stack size 64 bytes, main.o(i.dynamic_task_admittance))
<BR><BR>[Stack]<UL><LI>Max Depth = 240<LI>Call Chain = dynamic_task_admittance &rArr; xQueueGenericSend &rArr; xTaskResumeAll &rArr; vTaskIncrementTick &rArr; vApplicationTickHook &rArr;  xQueueGenericSend (Cycle)
</UL>
<BR>[Calls]<UL><LI><a href="#[49]">&gt;&gt;</a>&nbsp;&nbsp;&nbsp;__aeabi_memcpy4
<LI><a href="#[5e]">&gt;&gt;</a>&nbsp;&nbsp;&nbsp;rand
<LI><a href="#[5c]">&gt;&gt;</a>&nbsp;&nbsp;&nbsp;vector_get
<LI><a href="#[5f]">&gt;&gt;</a>&nbsp;&nbsp;&nbsp;generate_task
<LI><a href="#[61]">&gt;&gt;</a>&nbsp;&nbsp;&nbsp;vTaskDelay
<LI><a href="#[60]">&gt;&gt;</a>&nbsp;&nbsp;&nbsp;xQueueGenericSend
<LI><a href="#[46]">&gt;&gt;</a>&nbsp;&nbsp;&nbsp;__2printf
</UL>
<BR>[Address Reference Count : 1]<UL><LI> main.o(i.main)
</UL>
<P><STRONG><a name="[5f]"></a>generate_task</STRONG> (Thumb, 146 bytes, Stack size 72 bytes, main.o(i.generate_task))
<BR><BR>[Stack]<UL><LI>Max Depth = 96<LI>Call Chain = generate_task &rArr; __2printf
</UL>
<BR>[Calls]<UL><LI><a href="#[49]">&gt;&gt;</a>&nbsp;&nbsp;&nbsp;__aeabi_memcpy4
<LI><a href="#[5e]">&gt;&gt;</a>&nbsp;&nbsp;&nbsp;rand
<LI><a href="#[50]">&gt;&gt;</a>&nbsp;&nbsp;&nbsp;__aeabi_f2d
<LI><a href="#[46]">&gt;&gt;</a>&nbsp;&nbsp;&nbsp;__2printf
</UL>
<BR>[Called By]<UL><LI><a href="#[68]">&gt;&gt;</a>&nbsp;&nbsp;&nbsp;static_task_admittance
<LI><a href="#[25]">&gt;&gt;</a>&nbsp;&nbsp;&nbsp;dynamic_task_admittance
</UL>

<P><STRONG><a name="[4a]"></a>isSchedulable</STRONG> (Thumb, 104 bytes, Stack size 24 bytes, main.o(i.isSchedulable))
<BR><BR>[Stack]<UL><LI>Max Depth = 168<LI>Call Chain = isSchedulable &rArr; cpu_util &rArr; __aeabi_dmul &rArr; _double_epilogue &rArr; _double_round
</UL>
<BR>[Calls]<UL><LI><a href="#[5c]">&gt;&gt;</a>&nbsp;&nbsp;&nbsp;vector_get
<LI><a href="#[32]">&gt;&gt;</a>&nbsp;&nbsp;&nbsp;__aeabi_fadd
<LI><a href="#[50]">&gt;&gt;</a>&nbsp;&nbsp;&nbsp;__aeabi_f2d
<LI><a href="#[63]">&gt;&gt;</a>&nbsp;&nbsp;&nbsp;__aeabi_cdcmple
<LI><a href="#[5b]">&gt;&gt;</a>&nbsp;&nbsp;&nbsp;cpu_util
<LI><a href="#[46]">&gt;&gt;</a>&nbsp;&nbsp;&nbsp;__2printf
</UL>
<BR>[Called By]<UL><LI><a href="#[26]">&gt;&gt;</a>&nbsp;&nbsp;&nbsp;SchedulerGatekeeperTask
</UL>

<P><STRONG><a name="[4b]"></a>set_priority</STRONG> (Thumb, 92 bytes, Stack size 24 bytes, main.o(i.set_priority))
<BR><BR>[Stack]<UL><LI>Max Depth = 80<LI>Call Chain = set_priority &rArr; malloc &rArr; internal_alloc
</UL>
<BR>[Calls]<UL><LI><a href="#[5c]">&gt;&gt;</a>&nbsp;&nbsp;&nbsp;vector_get
<LI><a href="#[83]">&gt;&gt;</a>&nbsp;&nbsp;&nbsp;sortTask
<LI><a href="#[54]">&gt;&gt;</a>&nbsp;&nbsp;&nbsp;malloc
<LI><a href="#[82]">&gt;&gt;</a>&nbsp;&nbsp;&nbsp;free
<LI><a href="#[46]">&gt;&gt;</a>&nbsp;&nbsp;&nbsp;__2printf
</UL>
<BR>[Called By]<UL><LI><a href="#[26]">&gt;&gt;</a>&nbsp;&nbsp;&nbsp;SchedulerGatekeeperTask
</UL>

<P><STRONG><a name="[83]"></a>sortTask</STRONG> (Thumb, 112 bytes, Stack size 24 bytes, main.o(i.sortTask))
<BR><BR>[Stack]<UL><LI>Max Depth = 24<LI>Call Chain = sortTask
</UL>
<BR>[Calls]<UL><LI><a href="#[5c]">&gt;&gt;</a>&nbsp;&nbsp;&nbsp;vector_get
<LI><a href="#[84]">&gt;&gt;</a>&nbsp;&nbsp;&nbsp;swap
</UL>
<BR>[Called By]<UL><LI><a href="#[4b]">&gt;&gt;</a>&nbsp;&nbsp;&nbsp;set_priority
</UL>

<P><STRONG><a name="[68]"></a>static_task_admittance</STRONG> (Thumb, 94 bytes, Stack size 72 bytes, main.o(i.static_task_admittance))
<BR><BR>[Stack]<UL><LI>Max Depth = 248<LI>Call Chain = static_task_admittance &rArr; xQueueGenericSend &rArr; xTaskResumeAll &rArr; vTaskIncrementTick &rArr; vApplicationTickHook &rArr;  xQueueGenericSend (Cycle)
</UL>
<BR>[Calls]<UL><LI><a href="#[49]">&gt;&gt;</a>&nbsp;&nbsp;&nbsp;__aeabi_memcpy4
<LI><a href="#[5e]">&gt;&gt;</a>&nbsp;&nbsp;&nbsp;rand
<LI><a href="#[5f]">&gt;&gt;</a>&nbsp;&nbsp;&nbsp;generate_task
<LI><a href="#[60]">&gt;&gt;</a>&nbsp;&nbsp;&nbsp;xQueueGenericSend
<LI><a href="#[46]">&gt;&gt;</a>&nbsp;&nbsp;&nbsp;__2printf
</UL>
<BR>[Called By]<UL><LI><a href="#[21]">&gt;&gt;</a>&nbsp;&nbsp;&nbsp;main
</UL>

<P><STRONG><a name="[84]"></a>swap</STRONG> (Thumb, 8 bytes, Stack size 0 bytes, main.o(i.swap))
<BR><BR>[Called By]<UL><LI><a href="#[83]">&gt;&gt;</a>&nbsp;&nbsp;&nbsp;sortTask
</UL>

<P><STRONG><a name="[23]"></a>vTaskCreate</STRONG> (Thumb, 86 bytes, Stack size 0 bytes, main.o(i.vTaskCreate))
<BR><BR>[Stack]<UL><LI>Max Depth = 176<LI>Call Chain = vTaskCreate &rArr; xQueueGenericSend &rArr; xTaskResumeAll &rArr; vTaskIncrementTick &rArr; vApplicationTickHook &rArr;  xQueueGenericSend (Cycle)
</UL>
<BR>[Calls]<UL><LI><a href="#[5c]">&gt;&gt;</a>&nbsp;&nbsp;&nbsp;vector_get
<LI><a href="#[61]">&gt;&gt;</a>&nbsp;&nbsp;&nbsp;vTaskDelay
<LI><a href="#[60]">&gt;&gt;</a>&nbsp;&nbsp;&nbsp;xQueueGenericSend
<LI><a href="#[48]">&gt;&gt;</a>&nbsp;&nbsp;&nbsp;xQueueGenericReceive
<LI><a href="#[46]">&gt;&gt;</a>&nbsp;&nbsp;&nbsp;__2printf
</UL>
<BR>[Address Reference Count : 1]<UL><LI> main.o(i.SchedulerGatekeeperTask)
</UL>
<P><STRONG><a name="[8f]"></a>vector_resize</STRONG> (Thumb, 24 bytes, Stack size 16 bytes, vector.o(i.vector_resize))
<BR><BR>[Stack]<UL><LI>Max Depth = 104<LI>Call Chain = vector_resize &rArr; realloc &rArr; malloc &rArr; internal_alloc
</UL>
<BR>[Calls]<UL><LI><a href="#[81]">&gt;&gt;</a>&nbsp;&nbsp;&nbsp;realloc
</UL>
<BR>[Called By]<UL><LI><a href="#[4d]">&gt;&gt;</a>&nbsp;&nbsp;&nbsp;vector_delete
<LI><a href="#[4e]">&gt;&gt;</a>&nbsp;&nbsp;&nbsp;vector_add
</UL>

<P><STRONG><a name="[56]"></a>_fp_digits</STRONG> (Thumb, 366 bytes, Stack size 64 bytes, printfa.o(i._fp_digits), UNUSED)
<BR><BR>[Calls]<UL><LI><a href="#[37]">&gt;&gt;</a>&nbsp;&nbsp;&nbsp;__aeabi_dmul
<LI><a href="#[39]">&gt;&gt;</a>&nbsp;&nbsp;&nbsp;__aeabi_ddiv
<LI><a href="#[3d]">&gt;&gt;</a>&nbsp;&nbsp;&nbsp;__aeabi_uldivmod
<LI><a href="#[40]">&gt;&gt;</a>&nbsp;&nbsp;&nbsp;__aeabi_dadd
<LI><a href="#[44]">&gt;&gt;</a>&nbsp;&nbsp;&nbsp;__aeabi_d2ulz
<LI><a href="#[57]">&gt;&gt;</a>&nbsp;&nbsp;&nbsp;__aeabi_cdrcmple
</UL>
<BR>[Called By]<UL><LI><a href="#[53]">&gt;&gt;</a>&nbsp;&nbsp;&nbsp;_printf_core
</UL>

<P><STRONG><a name="[53]"></a>_printf_core</STRONG> (Thumb, 1744 bytes, Stack size 136 bytes, printfa.o(i._printf_core), UNUSED)
<BR><BR>[Calls]<UL><LI><a href="#[3d]">&gt;&gt;</a>&nbsp;&nbsp;&nbsp;__aeabi_uldivmod
<LI><a href="#[5a]">&gt;&gt;</a>&nbsp;&nbsp;&nbsp;__aeabi_uidivmod
<LI><a href="#[58]">&gt;&gt;</a>&nbsp;&nbsp;&nbsp;_printf_pre_padding
<LI><a href="#[59]">&gt;&gt;</a>&nbsp;&nbsp;&nbsp;_printf_post_padding
<LI><a href="#[56]">&gt;&gt;</a>&nbsp;&nbsp;&nbsp;_fp_digits
</UL>
<BR>[Called By]<UL><LI><a href="#[52]">&gt;&gt;</a>&nbsp;&nbsp;&nbsp;__0printf
</UL>

<P><STRONG><a name="[59]"></a>_printf_post_padding</STRONG> (Thumb, 36 bytes, Stack size 24 bytes, printfa.o(i._printf_post_padding), UNUSED)
<BR><BR>[Called By]<UL><LI><a href="#[53]">&gt;&gt;</a>&nbsp;&nbsp;&nbsp;_printf_core
</UL>

<P><STRONG><a name="[58]"></a>_printf_pre_padding</STRONG> (Thumb, 46 bytes, Stack size 24 bytes, printfa.o(i._printf_pre_padding), UNUSED)
<BR><BR>[Called By]<UL><LI><a href="#[53]">&gt;&gt;</a>&nbsp;&nbsp;&nbsp;_printf_core
</UL>

<P><STRONG><a name="[55]"></a>internal_alloc</STRONG> (Thumb, 76 bytes, Stack size 24 bytes, mallocr.o(i.internal_alloc))
<BR><BR>[Stack]<UL><LI>Max Depth = 24<LI>Call Chain = internal_alloc
</UL>
<BR>[Calls]<UL><LI><a href="#[62]">&gt;&gt;</a>&nbsp;&nbsp;&nbsp;__aeabi_memcpy
</UL>
<BR>[Called By]<UL><LI><a href="#[81]">&gt;&gt;</a>&nbsp;&nbsp;&nbsp;realloc
<LI><a href="#[54]">&gt;&gt;</a>&nbsp;&nbsp;&nbsp;malloc
</UL>
<P>
<H3>
Undefined Global Symbols
</H3><HR></body></html>
